Archive member included to satisfy reference by file (symbol)

c:/ac6/systemworkbench/plugins/fr.ac6.mcu.externaltools.arm-none.win32_1.13.2.201705091103/tools/compiler/bin/../lib/gcc/arm-none-eabi/5.4.1/../../../../arm-none-eabi/lib/armv7-m\libc_nano.a(lib_a-exit.o)
                              c:/ac6/systemworkbench/plugins/fr.ac6.mcu.externaltools.arm-none.win32_1.13.2.201705091103/tools/compiler/bin/../lib/gcc/arm-none-eabi/5.4.1/../../../../arm-none-eabi/lib/armv7-m/rdimon-crt0.o (exit)
c:/ac6/systemworkbench/plugins/fr.ac6.mcu.externaltools.arm-none.win32_1.13.2.201705091103/tools/compiler/bin/../lib/gcc/arm-none-eabi/5.4.1/../../../../arm-none-eabi/lib/armv7-m\libc_nano.a(lib_a-impure.o)
                              c:/ac6/systemworkbench/plugins/fr.ac6.mcu.externaltools.arm-none.win32_1.13.2.201705091103/tools/compiler/bin/../lib/gcc/arm-none-eabi/5.4.1/../../../../arm-none-eabi/lib/armv7-m\libc_nano.a(lib_a-exit.o) (_global_impure_ptr)
c:/ac6/systemworkbench/plugins/fr.ac6.mcu.externaltools.arm-none.win32_1.13.2.201705091103/tools/compiler/bin/../lib/gcc/arm-none-eabi/5.4.1/../../../../arm-none-eabi/lib/armv7-m\libc_nano.a(lib_a-init.o)
                              c:/ac6/systemworkbench/plugins/fr.ac6.mcu.externaltools.arm-none.win32_1.13.2.201705091103/tools/compiler/bin/../lib/gcc/arm-none-eabi/5.4.1/../../../../arm-none-eabi/lib/armv7-m/rdimon-crt0.o (__libc_init_array)
c:/ac6/systemworkbench/plugins/fr.ac6.mcu.externaltools.arm-none.win32_1.13.2.201705091103/tools/compiler/bin/../lib/gcc/arm-none-eabi/5.4.1/../../../../arm-none-eabi/lib/armv7-m\libc_nano.a(lib_a-memset.o)
                              c:/ac6/systemworkbench/plugins/fr.ac6.mcu.externaltools.arm-none.win32_1.13.2.201705091103/tools/compiler/bin/../lib/gcc/arm-none-eabi/5.4.1/../../../../arm-none-eabi/lib/armv7-m/rdimon-crt0.o (memset)
c:/ac6/systemworkbench/plugins/fr.ac6.mcu.externaltools.arm-none.win32_1.13.2.201705091103/tools/compiler/bin/../lib/gcc/arm-none-eabi/5.4.1/../../../../arm-none-eabi/lib/armv7-m\librdimon_nano.a(rdimon-syscalls.o)
                              c:/ac6/systemworkbench/plugins/fr.ac6.mcu.externaltools.arm-none.win32_1.13.2.201705091103/tools/compiler/bin/../lib/gcc/arm-none-eabi/5.4.1/../../../../arm-none-eabi/lib/armv7-m/rdimon-crt0.o (initialise_monitor_handles)
c:/ac6/systemworkbench/plugins/fr.ac6.mcu.externaltools.arm-none.win32_1.13.2.201705091103/tools/compiler/bin/../lib/gcc/arm-none-eabi/5.4.1/../../../../arm-none-eabi/lib/armv7-m\librdimon_nano.a(rdimon-_exit.o)
                              c:/ac6/systemworkbench/plugins/fr.ac6.mcu.externaltools.arm-none.win32_1.13.2.201705091103/tools/compiler/bin/../lib/gcc/arm-none-eabi/5.4.1/../../../../arm-none-eabi/lib/armv7-m\libc_nano.a(lib_a-exit.o) (_exit)
c:/ac6/systemworkbench/plugins/fr.ac6.mcu.externaltools.arm-none.win32_1.13.2.201705091103/tools/compiler/bin/../lib/gcc/arm-none-eabi/5.4.1/../../../../arm-none-eabi/lib/armv7-m\librdimon_nano.a(rdimon-_kill.o)
                              c:/ac6/systemworkbench/plugins/fr.ac6.mcu.externaltools.arm-none.win32_1.13.2.201705091103/tools/compiler/bin/../lib/gcc/arm-none-eabi/5.4.1/../../../../arm-none-eabi/lib/armv7-m\librdimon_nano.a(rdimon-_exit.o) (_kill)
c:/ac6/systemworkbench/plugins/fr.ac6.mcu.externaltools.arm-none.win32_1.13.2.201705091103/tools/compiler/bin/../lib/gcc/arm-none-eabi/5.4.1/../../../../arm-none-eabi/lib/armv7-m\libc_nano.a(lib_a-errno.o)
                              c:/ac6/systemworkbench/plugins/fr.ac6.mcu.externaltools.arm-none.win32_1.13.2.201705091103/tools/compiler/bin/../lib/gcc/arm-none-eabi/5.4.1/../../../../arm-none-eabi/lib/armv7-m\librdimon_nano.a(rdimon-syscalls.o) (__errno)
c:/ac6/systemworkbench/plugins/fr.ac6.mcu.externaltools.arm-none.win32_1.13.2.201705091103/tools/compiler/bin/../lib/gcc/arm-none-eabi/5.4.1/../../../../arm-none-eabi/lib/armv7-m\libc_nano.a(lib_a-findfp.o)
                              c:/ac6/systemworkbench/plugins/fr.ac6.mcu.externaltools.arm-none.win32_1.13.2.201705091103/tools/compiler/bin/../lib/gcc/arm-none-eabi/5.4.1/../../../../arm-none-eabi/lib/armv7-m\librdimon_nano.a(rdimon-syscalls.o) (__sinit)
c:/ac6/systemworkbench/plugins/fr.ac6.mcu.externaltools.arm-none.win32_1.13.2.201705091103/tools/compiler/bin/../lib/gcc/arm-none-eabi/5.4.1/../../../../arm-none-eabi/lib/armv7-m\libc_nano.a(lib_a-fwalk.o)
                              c:/ac6/systemworkbench/plugins/fr.ac6.mcu.externaltools.arm-none.win32_1.13.2.201705091103/tools/compiler/bin/../lib/gcc/arm-none-eabi/5.4.1/../../../../arm-none-eabi/lib/armv7-m\libc_nano.a(lib_a-findfp.o) (_fwalk)
c:/ac6/systemworkbench/plugins/fr.ac6.mcu.externaltools.arm-none.win32_1.13.2.201705091103/tools/compiler/bin/../lib/gcc/arm-none-eabi/5.4.1/../../../../arm-none-eabi/lib/armv7-m\libc_nano.a(lib_a-memcpy-stub.o)
                              Middlewares/Third_Party/FreeRTOS/Source/queue.o (memcpy)
[...]
Memory Configuration

Name             Origin             Length             Attributes
RAM              0x20000000         0x00005000         xrw
FLASH            0x08000000         0x00010000         xr
*default*        0x00000000         0xffffffff

Linker script and memory map

LOAD c:/ac6/systemworkbench/plugins/fr.ac6.mcu.externaltools.arm-none.win32_1.13.2.201705091103/tools/compiler/bin/../lib/gcc/arm-none-eabi/5.4.1/armv7-m/crti.o
LOAD c:/ac6/systemworkbench/plugins/fr.ac6.mcu.externaltools.arm-none.win32_1.13.2.201705091103/tools/compiler/bin/../lib/gcc/arm-none-eabi/5.4.1/armv7-m/crtbegin.o
LOAD c:/ac6/systemworkbench/plugins/fr.ac6.mcu.externaltools.arm-none.win32_1.13.2.201705091103/tools/compiler/bin/../lib/gcc/arm-none-eabi/5.4.1/../../../../arm-none-eabi/lib/armv7-m/rdimon-crt0.o
LOAD c:/ac6/systemworkbench/plugins/fr.ac6.mcu.externaltools.arm-none.win32_1.13.2.201705091103/tools/compiler/bin/../lib/gcc/arm-none-eabi/5.4.1/../../../../arm-none-eabi/lib/armv7-m\libc_nano.a
LOAD c:/ac6/systemworkbench/plugins/fr.ac6.mcu.externaltools.arm-none.win32_1.13.2.201705091103/tools/compiler/bin/../lib/gcc/arm-none-eabi/5.4.1/../../../../arm-none-eabi/lib/armv7-m\librdimon_nano.a
LOAD Drivers/STM32F1xx_HAL_Driver/Src/stm32f1xx_hal.o
LOAD Drivers/STM32F1xx_HAL_Driver/Src/stm32f1xx_hal_cortex.o
LOAD Drivers/STM32F1xx_HAL_Driver/Src/stm32f1xx_hal_dma.o
LOAD Drivers/STM32F1xx_HAL_Driver/Src/stm32f1xx_hal_flash.o
LOAD Drivers/STM32F1xx_HAL_Driver/Src/stm32f1xx_hal_flash_ex.o
LOAD Drivers/STM32F1xx_HAL_Driver/Src/stm32f1xx_hal_gpio.o
LOAD Drivers/STM32F1xx_HAL_Driver/Src/stm32f1xx_hal_gpio_ex.o
LOAD Drivers/STM32F1xx_HAL_Driver/Src/stm32f1xx_hal_pwr.o
LOAD Drivers/STM32F1xx_HAL_Driver/Src/stm32f1xx_hal_rcc.o
LOAD Drivers/STM32F1xx_HAL_Driver/Src/stm32f1xx_hal_rcc_ex.o
LOAD Drivers/STM32F1xx_HAL_Driver/Src/stm32f1xx_hal_tim.o
LOAD Drivers/STM32F1xx_HAL_Driver/Src/stm32f1xx_hal_tim_ex.o
LOAD Middlewares/Third_Party/FreeRTOS/Source/CMSIS_RTOS/cmsis_os.o
LOAD Middlewares/Third_Party/FreeRTOS/Source/croutine.o
LOAD Middlewares/Third_Party/FreeRTOS/Source/event_groups.o
LOAD Middlewares/Third_Party/FreeRTOS/Source/list.o
LOAD Middlewares/Third_Party/FreeRTOS/Source/queue.o
LOAD Middlewares/Third_Party/FreeRTOS/Source/tasks.o
LOAD Middlewares/Third_Party/FreeRTOS/Source/timers.o
LOAD Middlewares/Third_Party/FreeRTOS/Source/portable/GCC/ARM_CM3/port.o
LOAD Middlewares/Third_Party/FreeRTOS/Source/portable/MemMang/heap_4.o
LOAD Src/freertos.o
LOAD Src/main.o
LOAD Src/stm32f1xx_hal_msp.o
LOAD Src/stm32f1xx_hal_timebase_TIM.o
LOAD Src/stm32f1xx_it.o
LOAD Src/system_stm32f1xx.o
LOAD startup/startup_stm32f103xb.o
LOAD c:/ac6/systemworkbench/plugins/fr.ac6.mcu.externaltools.arm-none.win32_1.13.2.201705091103/tools/compiler/bin/../lib/gcc/arm-none-eabi/5.4.1/../../../../arm-none-eabi/lib/armv7-m\libm.a
START GROUP
LOAD c:/ac6/systemworkbench/plugins/fr.ac6.mcu.externaltools.arm-none.win32_1.13.2.201705091103/tools/compiler/bin/../lib/gcc/arm-none-eabi/5.4.1/armv7-m\libgcc.a
LOAD c:/ac6/systemworkbench/plugins/fr.ac6.mcu.externaltools.arm-none.win32_1.13.2.201705091103/tools/compiler/bin/../lib/gcc/arm-none-eabi/5.4.1/../../../../arm-none-eabi/lib/armv7-m\libc_nano.a
END GROUP
START GROUP
LOAD c:/ac6/systemworkbench/plugins/fr.ac6.mcu.externaltools.arm-none.win32_1.13.2.201705091103/tools/compiler/bin/../lib/gcc/arm-none-eabi/5.4.1/armv7-m\libgcc.a
LOAD c:/ac6/systemworkbench/plugins/fr.ac6.mcu.externaltools.arm-none.win32_1.13.2.201705091103/tools/compiler/bin/../lib/gcc/arm-none-eabi/5.4.1/../../../../arm-none-eabi/lib/armv7-m\libc_nano.a
LOAD c:/ac6/systemworkbench/plugins/fr.ac6.mcu.externaltools.arm-none.win32_1.13.2.201705091103/tools/compiler/bin/../lib/gcc/arm-none-eabi/5.4.1/../../../../arm-none-eabi/lib/armv7-m\libnosys.a
END GROUP
START GROUP
LOAD c:/ac6/systemworkbench/plugins/fr.ac6.mcu.externaltools.arm-none.win32_1.13.2.201705091103/tools/compiler/bin/../lib/gcc/arm-none-eabi/5.4.1/armv7-m\libgcc.a
LOAD c:/ac6/systemworkbench/plugins/fr.ac6.mcu.externaltools.arm-none.win32_1.13.2.201705091103/tools/compiler/bin/../lib/gcc/arm-none-eabi/5.4.1/../../../../arm-none-eabi/lib/armv7-m\libc_nano.a
LOAD c:/ac6/systemworkbench/plugins/fr.ac6.mcu.externaltools.arm-none.win32_1.13.2.201705091103/tools/compiler/bin/../lib/gcc/arm-none-eabi/5.4.1/../../../../arm-none-eabi/lib/armv7-m\librdimon_nano.a
LOAD c:/ac6/systemworkbench/plugins/fr.ac6.mcu.externaltools.arm-none.win32_1.13.2.201705091103/tools/compiler/bin/../lib/gcc/arm-none-eabi/5.4.1/../../../../arm-none-eabi/lib/armv7-m\libnosys.a
END GROUP
START GROUP
LOAD c:/ac6/systemworkbench/plugins/fr.ac6.mcu.externaltools.arm-none.win32_1.13.2.201705091103/tools/compiler/bin/../lib/gcc/arm-none-eabi/5.4.1/armv7-m\libgcc.a
LOAD c:/ac6/systemworkbench/plugins/fr.ac6.mcu.externaltools.arm-none.win32_1.13.2.201705091103/tools/compiler/bin/../lib/gcc/arm-none-eabi/5.4.1/../../../../arm-none-eabi/lib/armv7-m\libc_nano.a
LOAD c:/ac6/systemworkbench/plugins/fr.ac6.mcu.externaltools.arm-none.win32_1.13.2.201705091103/tools/compiler/bin/../lib/gcc/arm-none-eabi/5.4.1/../../../../arm-none-eabi/lib/armv7-m\librdimon_nano.a
END GROUP
LOAD c:/ac6/systemworkbench/plugins/fr.ac6.mcu.externaltools.arm-none.win32_1.13.2.201705091103/tools/compiler/bin/../lib/gcc/arm-none-eabi/5.4.1/armv7-m/crtend.o
LOAD c:/ac6/systemworkbench/plugins/fr.ac6.mcu.externaltools.arm-none.win32_1.13.2.201705091103/tools/compiler/bin/../lib/gcc/arm-none-eabi/5.4.1/armv7-m/crtn.o
                0x20005000                _estack = 0x20005000
                0x00000200                _Min_Heap_Size = 0x200
                0x00000400                _Min_Stack_Size = 0x400

.isr_vector     0x08000000      0x10c
                0x08000000                . = ALIGN (0x4)
 *(.isr_vector)
 .isr_vector    0x08000000      0x10c startup/startup_stm32f103xb.o
                0x08000000                g_pfnVectors
                0x0800010c                . = ALIGN (0x4)

.text           0x0800010c     0x30ec
                0x0800010c                . = ALIGN (0x4)
 *(.text)
 .text          0x0800010c       0x5c c:/ac6/systemworkbench/plugins/fr.ac6.mcu.externaltools.arm-none.win32_1.13.2.201705091103/tools/compiler/bin/../lib/gcc/arm-none-eabi/5.4.1/armv7-m/crtbegin.o
 *(.text*)
 .text.__libc_init_array
                0x08000168       0x4c c:/ac6/systemworkbench/plugins/fr.ac6.mcu.externaltools.arm-none.win32_1.13.2.201705091103/tools/compiler/bin/../lib/gcc/arm-none-eabi/5.4.1/../../../../arm-none-eabi/lib/armv7-m\libc_nano.a(lib_a-init.o)
                0x08000168                __libc_init_array
 .text.initialise_monitor_handles
                0x080001b4       0xa8 c:/ac6/systemworkbench/plugins/fr.ac6.mcu.externaltools.arm-none.win32_1.13.2.201705091103/tools/compiler/bin/../lib/gcc/arm-none-eabi/5.4.1/../../../../arm-none-eabi/lib/armv7-m\librdimon_nano.a(rdimon-syscalls.o)
                0x080001b4                initialise_monitor_handles
 .text.HAL_Init
                0x0800025c       0x24 Drivers/STM32F1xx_HAL_Driver/Src/stm32f1xx_hal.o
                0x0800025c                HAL_Init
 .text.HAL_IncTick
                0x08000280       0x10 Drivers/STM32F1xx_HAL_Driver/Src/stm32f1xx_hal.o
                0x08000280                HAL_IncTick
 .text.HAL_GetTick
                0x08000290        0xc Drivers/STM32F1xx_HAL_Driver/Src/stm32f1xx_hal.o
                0x08000290                HAL_GetTick
 .text.HAL_Delay
                0x0800029c       0x1c Drivers/STM32F1xx_HAL_Driver/Src/stm32f1xx_hal.o
                0x0800029c                HAL_Delay
 .text.HAL_NVIC_SetPriorityGrouping
                0x080002b8       0x24 Drivers/STM32F1xx_HAL_Driver/Src/stm32f1xx_hal_cortex.o
                0x080002b8                HAL_NVIC_SetPriorityGrouping
 .text.HAL_NVIC_SetPriority
                0x080002dc       0x64 Drivers/STM32F1xx_HAL_Driver/Src/stm32f1xx_hal_cortex.o
                0x080002dc                HAL_NVIC_SetPriority
 .text.HAL_NVIC_EnableIRQ
                0x08000340       0x18 Drivers/STM32F1xx_HAL_Driver/Src/stm32f1xx_hal_cortex.o
                0x08000340                HAL_NVIC_EnableIRQ
 .text.HAL_SYSTICK_Config
                0x08000358       0x2c Drivers/STM32F1xx_HAL_Driver/Src/stm32f1xx_hal_cortex.o
                0x08000358                HAL_SYSTICK_Config
 .text.HAL_SYSTICK_CLKSourceConfig
                0x08000384       0x20 Drivers/STM32F1xx_HAL_Driver/Src/stm32f1xx_hal_cortex.o
                0x08000384                HAL_SYSTICK_CLKSourceConfig
 .text.HAL_GPIO_Init
                0x080003a4      0x1d8 Drivers/STM32F1xx_HAL_Driver/Src/stm32f1xx_hal_gpio.o
                0x080003a4                HAL_GPIO_Init
 .text.HAL_GPIO_WritePin
                0x0800057c        0xc Drivers/STM32F1xx_HAL_Driver/Src/stm32f1xx_hal_gpio.o
                0x0800057c                HAL_GPIO_WritePin
 .text.HAL_RCC_OscConfig
                0x08000588      0x5ec Drivers/STM32F1xx_HAL_Driver/Src/stm32f1xx_hal_rcc.o
                0x08000588                HAL_RCC_OscConfig
 .text.HAL_RCC_GetSysClockFreq
                0x08000b74       0x94 Drivers/STM32F1xx_HAL_Driver/Src/stm32f1xx_hal_rcc.o
                0x08000b74                HAL_RCC_GetSysClockFreq
 .text.HAL_RCC_ClockConfig
                0x08000c08      0x1e4 Drivers/STM32F1xx_HAL_Driver/Src/stm32f1xx_hal_rcc.o
                0x08000c08                HAL_RCC_ClockConfig
 .text.HAL_RCC_GetHCLKFreq
                0x08000dec        0xc Drivers/STM32F1xx_HAL_Driver/Src/stm32f1xx_hal_rcc.o
                0x08000dec                HAL_RCC_GetHCLKFreq
 .text.HAL_RCC_GetPCLK1Freq
                0x08000df8       0x30 Drivers/STM32F1xx_HAL_Driver/Src/stm32f1xx_hal_rcc.o
                0x08000df8                HAL_RCC_GetPCLK1Freq
 .text.HAL_RCC_GetClockConfig
                0x08000e28       0x3c Drivers/STM32F1xx_HAL_Driver/Src/stm32f1xx_hal_rcc.o
                0x08000e28                HAL_RCC_GetClockConfig
 .text.HAL_TIM_Base_MspInit
                0x08000e64        0x4 Drivers/STM32F1xx_HAL_Driver/Src/stm32f1xx_hal_tim.o
                0x08000e64                HAL_TIM_Base_MspInit
 .text.HAL_TIM_Base_Start_IT
                0x08000e68       0x18 Drivers/STM32F1xx_HAL_Driver/Src/stm32f1xx_hal_tim.o
                0x08000e68                HAL_TIM_Base_Start_IT
 .text.HAL_TIM_OC_DelayElapsedCallback
                0x08000e80        0x4 Drivers/STM32F1xx_HAL_Driver/Src/stm32f1xx_hal_tim.o
                0x08000e80                HAL_TIM_OC_DelayElapsedCallback
 .text.HAL_TIM_IC_CaptureCallback
                0x08000e84        0x4 Drivers/STM32F1xx_HAL_Driver/Src/stm32f1xx_hal_tim.o
                0x08000e84                HAL_TIM_IC_CaptureCallback
 .text.HAL_TIM_PWM_PulseFinishedCallback
                0x08000e88        0x4 Drivers/STM32F1xx_HAL_Driver/Src/stm32f1xx_hal_tim.o
                0x08000e88                HAL_TIM_PWM_PulseFinishedCallback
 .text.HAL_TIM_TriggerCallback
                0x08000e8c        0x4 Drivers/STM32F1xx_HAL_Driver/Src/stm32f1xx_hal_tim.o
                0x08000e8c                HAL_TIM_TriggerCallback
 .text.HAL_TIM_IRQHandler
                0x08000e90      0x174 Drivers/STM32F1xx_HAL_Driver/Src/stm32f1xx_hal_tim.o
                0x08000e90                HAL_TIM_IRQHandler
 .text.TIM_Base_SetConfig
                0x08001004       0x68 Drivers/STM32F1xx_HAL_Driver/Src/stm32f1xx_hal_tim.o
                0x08001004                TIM_Base_SetConfig
 .text.HAL_TIM_Base_Init
                0x0800106c       0x38 Drivers/STM32F1xx_HAL_Driver/Src/stm32f1xx_hal_tim.o
                0x0800106c                HAL_TIM_Base_Init
 .text.HAL_TIMEx_CommutationCallback
                0x080010a4        0x4 Drivers/STM32F1xx_HAL_Driver/Src/stm32f1xx_hal_tim_ex.o
                0x080010a4                HAL_TIMEx_CommutationCallback
 .text.HAL_TIMEx_BreakCallback
                0x080010a8        0x4 Drivers/STM32F1xx_HAL_Driver/Src/stm32f1xx_hal_tim_ex.o
                0x080010a8                HAL_TIMEx_BreakCallback
 .text.makeFreeRtosPriority
                0x080010ac        0xc Middlewares/Third_Party/FreeRTOS/Source/CMSIS_RTOS/cmsis_os.o
 .text.inHandlerMode
                0x080010b8        0xc Middlewares/Third_Party/FreeRTOS/Source/CMSIS_RTOS/cmsis_os.o
 .text.osKernelStart
                0x080010c4        0xc Middlewares/Third_Party/FreeRTOS/Source/CMSIS_RTOS/cmsis_os.o
                0x080010c4                osKernelStart
 .text.osThreadCreate
                0x080010d0       0x3c Middlewares/Third_Party/FreeRTOS/Source/CMSIS_RTOS/cmsis_os.o
                0x080010d0                osThreadCreate
 .text.osDelay  0x0800110c       0x10 Middlewares/Third_Party/FreeRTOS/Source/CMSIS_RTOS/cmsis_os.o
                0x0800110c                osDelay
 .text.osMutexCreate
                0x0800111c        0xc Middlewares/Third_Party/FreeRTOS/Source/CMSIS_RTOS/cmsis_os.o
                0x0800111c                osMutexCreate
 .text.osMutexWait
                0x08001128       0x68 Middlewares/Third_Party/FreeRTOS/Source/CMSIS_RTOS/cmsis_os.o
                0x08001128                osMutexWait
 .text.osMutexRelease
                0x08001190       0x54 Middlewares/Third_Party/FreeRTOS/Source/CMSIS_RTOS/cmsis_os.o
                0x08001190                osMutexRelease
 .text.osSemaphoreCreate
                0x080011e4       0x2c Middlewares/Third_Party/FreeRTOS/Source/CMSIS_RTOS/cmsis_os.o
                0x080011e4                osSemaphoreCreate
 .text.osPoolCreate
                0x08001210       0x6c Middlewares/Third_Party/FreeRTOS/Source/CMSIS_RTOS/cmsis_os.o
                0x08001210                osPoolCreate
 .text.osMessageCreate
                0x0800127c       0x10 Middlewares/Third_Party/FreeRTOS/Source/CMSIS_RTOS/cmsis_os.o
                0x0800127c                osMessageCreate
 .text.osMessagePut
                0x0800128c       0x60 Middlewares/Third_Party/FreeRTOS/Source/CMSIS_RTOS/cmsis_os.o
                0x0800128c                osMessagePut
 .text.osMessageGet
                0x080012ec       0x94 Middlewares/Third_Party/FreeRTOS/Source/CMSIS_RTOS/cmsis_os.o
                0x080012ec                osMessageGet
 .text.osMailCreate
                0x08001380       0x60 Middlewares/Third_Party/FreeRTOS/Source/CMSIS_RTOS/cmsis_os.o
                0x08001380                osMailCreate
 .text.osSystickHandler
                0x080013e0       0x10 Middlewares/Third_Party/FreeRTOS/Source/CMSIS_RTOS/cmsis_os.o
                0x080013e0                osSystickHandler
 .text.vListInitialise
                0x080013f0       0x18 Middlewares/Third_Party/FreeRTOS/Source/list.o
                0x080013f0                vListInitialise
 .text.vListInitialiseItem
                0x08001408        0x8 Middlewares/Third_Party/FreeRTOS/Source/list.o
                0x08001408                vListInitialiseItem
 .text.vListInsertEnd
                0x08001410       0x18 Middlewares/Third_Party/FreeRTOS/Source/list.o
                0x08001410                vListInsertEnd
 .text.vListInsert
                0x08001428       0x34 Middlewares/Third_Party/FreeRTOS/Source/list.o
                0x08001428                vListInsert
 .text.uxListRemove
                0x0800145c       0x24 Middlewares/Third_Party/FreeRTOS/Source/list.o
                0x0800145c                uxListRemove
 .text.prvIsQueueFull
                0x08001480       0x20 Middlewares/Third_Party/FreeRTOS/Source/queue.o
 .text.prvIsQueueEmpty
                0x080014a0       0x1c Middlewares/Third_Party/FreeRTOS/Source/queue.o
 .text.prvCopyDataToQueue
                0x080014bc       0x7c Middlewares/Third_Party/FreeRTOS/Source/queue.o
 .text.prvCopyDataFromQueue
                0x08001538       0x24 Middlewares/Third_Party/FreeRTOS/Source/queue.o
 .text.prvUnlockQueue
                0x0800155c       0x64 Middlewares/Third_Party/FreeRTOS/Source/queue.o
 .text.xQueueGenericReset
                0x080015c0       0x64 Middlewares/Third_Party/FreeRTOS/Source/queue.o
                0x080015c0                xQueueGenericReset
 .text.xQueueGenericCreate
                0x08001624       0x48 Middlewares/Third_Party/FreeRTOS/Source/queue.o
                0x08001624                xQueueGenericCreate
 .text.xQueueCreateCountingSemaphore
                0x0800166c       0x30 Middlewares/Third_Party/FreeRTOS/Source/queue.o
                0x0800166c                xQueueCreateCountingSemaphore
 .text.xQueueGenericSend
                0x0800169c      0x12c Middlewares/Third_Party/FreeRTOS/Source/queue.o
                0x0800169c                xQueueGenericSend
 .text.xQueueCreateMutex
                0x080017c8       0x44 Middlewares/Third_Party/FreeRTOS/Source/queue.o
                0x080017c8                xQueueCreateMutex
 .text.xQueueGenericSendFromISR
                0x0800180c       0xa8 Middlewares/Third_Party/FreeRTOS/Source/queue.o
                0x0800180c                xQueueGenericSendFromISR
 .text.xQueueGiveFromISR
                0x080018b4       0x8c Middlewares/Third_Party/FreeRTOS/Source/queue.o
                0x080018b4                xQueueGiveFromISR
 .text.xQueueGenericReceive
                0x08001940      0x13c Middlewares/Third_Party/FreeRTOS/Source/queue.o
                0x08001940                xQueueGenericReceive
 .text.xQueueReceiveFromISR
                0x08001a7c       0x84 Middlewares/Third_Party/FreeRTOS/Source/queue.o
                0x08001a7c                xQueueReceiveFromISR
 .text.vQueueAddToRegistry
                0x08001b00       0x28 Middlewares/Third_Party/FreeRTOS/Source/queue.o
                0x08001b00                vQueueAddToRegistry
 .text.vQueueWaitForMessageRestricted
                0x08001b28       0x40 Middlewares/Third_Party/FreeRTOS/Source/queue.o
                0x08001b28                vQueueWaitForMessageRestricted
 .text.prvResetNextTaskUnblockTime
                0x08001b68       0x2c Middlewares/Third_Party/FreeRTOS/Source/tasks.o
 .text.prvAllocateTCBAndStack
                0x08001b94       0x2c Middlewares/Third_Party/FreeRTOS/Source/tasks.o
 .text.prvDeleteTCB
                0x08001bc0       0x14 Middlewares/Third_Party/FreeRTOS/Source/tasks.o
 .text.prvInitialiseTCBVariables
                0x08001bd4       0x50 Middlewares/Third_Party/FreeRTOS/Source/tasks.o
 .text.prvInitialiseTaskLists
                0x08001c24       0x58 Middlewares/Third_Party/FreeRTOS/Source/tasks.o
 .text.prvAddCurrentTaskToDelayedList
                0x08001c7c       0x44 Middlewares/Third_Party/FreeRTOS/Source/tasks.o
 .text.xTaskGenericCreate
                0x08001cc0      0x10c Middlewares/Third_Party/FreeRTOS/Source/tasks.o
                0x08001cc0                xTaskGenericCreate
 .text.vTaskStartScheduler
                0x08001dcc       0x5c Middlewares/Third_Party/FreeRTOS/Source/tasks.o
                0x08001dcc                vTaskStartScheduler
 .text.vTaskSuspendAll
                0x08001e28       0x14 Middlewares/Third_Party/FreeRTOS/Source/tasks.o
                0x08001e28                vTaskSuspendAll
 .text.xTaskGetTickCount
                0x08001e3c        0xc Middlewares/Third_Party/FreeRTOS/Source/tasks.o
                0x08001e3c                xTaskGetTickCount
 .text.xTaskIncrementTick
                0x08001e48      0x110 Middlewares/Third_Party/FreeRTOS/Source/tasks.o
                0x08001e48                xTaskIncrementTick
 .text.xTaskResumeAll
                0x08001f58       0xdc Middlewares/Third_Party/FreeRTOS/Source/tasks.o
                0x08001f58                xTaskResumeAll
 .text.vTaskDelay
                0x08002034       0x60 Middlewares/Third_Party/FreeRTOS/Source/tasks.o
                0x08002034                vTaskDelay
 .text.prvCheckTasksWaitingTermination
                0x08002094       0x54 Middlewares/Third_Party/FreeRTOS/Source/tasks.o
 .text.prvIdleTask
                0x080020e8       0x18 Middlewares/Third_Party/FreeRTOS/Source/tasks.o
 .text.vTaskSwitchContext
                0x08002100       0x80 Middlewares/Third_Party/FreeRTOS/Source/tasks.o
                0x08002100                vTaskSwitchContext
 .text.vTaskPlaceOnEventList
                0x08002180       0x64 Middlewares/Third_Party/FreeRTOS/Source/tasks.o
                0x08002180                vTaskPlaceOnEventList
 .text.vTaskPlaceOnEventListRestricted
                0x080021e4       0x64 Middlewares/Third_Party/FreeRTOS/Source/tasks.o
                0x080021e4                vTaskPlaceOnEventListRestricted
 .text.xTaskRemoveFromEventList
                0x08002248       0x7c Middlewares/Third_Party/FreeRTOS/Source/tasks.o
                0x08002248                xTaskRemoveFromEventList
 .text.vTaskSetTimeOutState
                0x080022c4       0x20 Middlewares/Third_Party/FreeRTOS/Source/tasks.o
                0x080022c4                vTaskSetTimeOutState
 .text.xTaskCheckForTimeOut
                0x080022e4       0x68 Middlewares/Third_Party/FreeRTOS/Source/tasks.o
                0x080022e4                xTaskCheckForTimeOut
 .text.vTaskMissedYield
                0x0800234c       0x10 Middlewares/Third_Party/FreeRTOS/Source/tasks.o
                0x0800234c                vTaskMissedYield
 .text.xTaskGetSchedulerState
                0x0800235c       0x20 Middlewares/Third_Party/FreeRTOS/Source/tasks.o
                0x0800235c                xTaskGetSchedulerState
 .text.vTaskPriorityInherit
                0x0800237c       0xb4 Middlewares/Third_Party/FreeRTOS/Source/tasks.o
                0x0800237c                vTaskPriorityInherit
 .text.xTaskPriorityDisinherit
                0x08002430       0x9c Middlewares/Third_Party/FreeRTOS/Source/tasks.o
                0x08002430                xTaskPriorityDisinherit
 .text.pvTaskIncrementMutexHeldCount
                0x080024cc       0x20 Middlewares/Third_Party/FreeRTOS/Source/tasks.o
                0x080024cc                pvTaskIncrementMutexHeldCount
 .text.prvGetNextExpireTime
                0x080024ec       0x20 Middlewares/Third_Party/FreeRTOS/Source/timers.o
 .text.prvInsertTimerInActiveList
                0x0800250c       0x44 Middlewares/Third_Party/FreeRTOS/Source/timers.o
 .text.prvCheckForValidListAndQueue
                0x08002550       0x50 Middlewares/Third_Party/FreeRTOS/Source/timers.o
 .text.xTimerCreateTimerTask
                0x080025a0       0x44 Middlewares/Third_Party/FreeRTOS/Source/timers.o
                0x080025a0                xTimerCreateTimerTask
 .text.xTimerGenericCommand
                0x080025e4       0x60 Middlewares/Third_Party/FreeRTOS/Source/timers.o
                0x080025e4                xTimerGenericCommand
 .text.prvSwitchTimerLists
                0x08002644       0x68 Middlewares/Third_Party/FreeRTOS/Source/timers.o
 .text.prvSampleTimeNow
                0x080026ac       0x2c Middlewares/Third_Party/FreeRTOS/Source/timers.o
 .text.prvProcessExpiredTimer
                0x080026d8       0x54 Middlewares/Third_Party/FreeRTOS/Source/timers.o
 .text.prvProcessTimerOrBlockTask
                0x0800272c       0x60 Middlewares/Third_Party/FreeRTOS/Source/timers.o
 .text.prvProcessReceivedCommands
                0x0800278c       0xa8 Middlewares/Third_Party/FreeRTOS/Source/timers.o
 .text.prvTimerTask
                0x08002834       0x18 Middlewares/Third_Party/FreeRTOS/Source/timers.o
 .text.prvPortStartFirstTask
                0x0800284c       0x20 Middlewares/Third_Party/FreeRTOS/Source/portable/GCC/ARM_CM3/port.o
 .text.pxPortInitialiseStack
                0x0800286c       0x20 Middlewares/Third_Party/FreeRTOS/Source/portable/GCC/ARM_CM3/port.o
                0x0800286c                pxPortInitialiseStack
 .text.SVC_Handler
                0x0800288c       0x24 Middlewares/Third_Party/FreeRTOS/Source/portable/GCC/ARM_CM3/port.o
                0x0800288c                SVC_Handler
 .text.vPortYield
                0x080028b0       0x18 Middlewares/Third_Party/FreeRTOS/Source/portable/GCC/ARM_CM3/port.o
                0x080028b0                vPortYield
 .text.ulPortSetInterruptMask
                0x080028c8       0x10 Middlewares/Third_Party/FreeRTOS/Source/portable/GCC/ARM_CM3/port.o
                0x080028c8                ulPortSetInterruptMask
 .text.prvTaskExitError
                0x080028d8       0x1c Middlewares/Third_Party/FreeRTOS/Source/portable/GCC/ARM_CM3/port.o
 .text.vPortEnterCritical
                0x080028f4       0x34 Middlewares/Third_Party/FreeRTOS/Source/portable/GCC/ARM_CM3/port.o
                0x080028f4                vPortEnterCritical
 .text.vPortClearInterruptMask
                0x08002928        0x8 Middlewares/Third_Party/FreeRTOS/Source/portable/GCC/ARM_CM3/port.o
                0x08002928                vPortClearInterruptMask
 .text.vPortExitCritical
                0x08002930       0x24 Middlewares/Third_Party/FreeRTOS/Source/portable/GCC/ARM_CM3/port.o
                0x08002930                vPortExitCritical
 .text.PendSV_Handler
                0x08002954       0x44 Middlewares/Third_Party/FreeRTOS/Source/portable/GCC/ARM_CM3/port.o
                0x08002954                PendSV_Handler
 .text.xPortSysTickHandler
                0x08002998       0x20 Middlewares/Third_Party/FreeRTOS/Source/portable/GCC/ARM_CM3/port.o
                0x08002998                xPortSysTickHandler
 .text.vPortSetupTimerInterrupt
                0x080029b8       0x2c Middlewares/Third_Party/FreeRTOS/Source/portable/GCC/ARM_CM3/port.o
                0x080029b8                vPortSetupTimerInterrupt
 .text.xPortStartScheduler
                0x080029e4       0x90 Middlewares/Third_Party/FreeRTOS/Source/portable/GCC/ARM_CM3/port.o
                0x080029e4                xPortStartScheduler
 .text.vPortValidateInterruptPriority
                0x08002a74       0x44 Middlewares/Third_Party/FreeRTOS/Source/portable/GCC/ARM_CM3/port.o
                0x08002a74                vPortValidateInterruptPriority
 .text.prvHeapInit
                0x08002ab8       0x58 Middlewares/Third_Party/FreeRTOS/Source/portable/MemMang/heap_4.o
 .text.prvInsertBlockIntoFreeList
                0x08002b10       0x58 Middlewares/Third_Party/FreeRTOS/Source/portable/MemMang/heap_4.o
 .text.pvPortMalloc
                0x08002b68       0xe8 Middlewares/Third_Party/FreeRTOS/Source/portable/MemMang/heap_4.o
                0x08002b68                pvPortMalloc
 .text.vPortFree
                0x08002c50       0x60 Middlewares/Third_Party/FreeRTOS/Source/portable/MemMang/heap_4.o
                0x08002c50                vPortFree
 .text.MX_GPIO_Init
                0x08002cb0       0xcc Src/main.o
 .text.StartDefaultTask
                0x08002d7c        0xc Src/main.o
                0x08002d7c                StartDefaultTask
 .text.StartProducer
                0x08002d88       0x60 Src/main.o
                0x08002d88                StartProducer
 .text.StartConsumer
                0x08002de8       0x60 Src/main.o
                0x08002de8                StartConsumer
 .text.HAL_TIM_PeriodElapsedCallback
                0x08002e48       0x14 Src/main.o
                0x08002e48                HAL_TIM_PeriodElapsedCallback
 .text._Error_Handler
                0x08002e5c        0x4 Src/main.o
                0x08002e5c                _Error_Handler
 .text.SystemClock_Config
                0x08002e60       0x84 Src/main.o
                0x08002e60                SystemClock_Config
 .text.main     0x08002ee4      0x114 Src/main.o
                0x08002ee4                main
 .text.HAL_MspInit
                0x08002ff8       0x90 Src/stm32f1xx_hal_msp.o
                0x08002ff8                HAL_MspInit
 .text.HAL_InitTick
                0x08003088       0x7c Src/stm32f1xx_hal_timebase_TIM.o
                0x08003088                HAL_InitTick
 .text.NMI_Handler
                0x08003104        0x4 Src/stm32f1xx_it.o
                0x08003104                NMI_Handler
 .text.HardFault_Handler
                0x08003108        0x4 Src/stm32f1xx_it.o
                0x08003108                HardFault_Handler
 .text.MemManage_Handler
                0x0800310c        0x4 Src/stm32f1xx_it.o
                0x0800310c                MemManage_Handler
 .text.BusFault_Handler
                0x08003110        0x4 Src/stm32f1xx_it.o
                0x08003110                BusFault_Handler
 .text.UsageFault_Handler
                0x08003114        0x4 Src/stm32f1xx_it.o
                0x08003114                UsageFault_Handler
 .text.DebugMon_Handler
                0x08003118        0x4 Src/stm32f1xx_it.o
                0x08003118                DebugMon_Handler
 .text.SysTick_Handler
                0x0800311c        0x8 Src/stm32f1xx_it.o
                0x0800311c                SysTick_Handler
 .text.TIM3_IRQHandler
                0x08003124       0x10 Src/stm32f1xx_it.o
                0x08003124                TIM3_IRQHandler
 .text.SystemInit
                0x08003134       0x4c Src/system_stm32f1xx.o
                0x08003134                SystemInit
 .text.Reset_Handler
                0x08003180       0x48 startup/startup_stm32f103xb.o
                0x08003180                Reset_Handler
 .text.Default_Handler
                0x080031c8        0x2 startup/startup_stm32f103xb.o
                0x080031c8                RTC_Alarm_IRQHandler
                0x080031c8                EXTI2_IRQHandler
                0x080031c8                TIM1_CC_IRQHandler
                0x080031c8                PVD_IRQHandler
                0x080031c8                EXTI3_IRQHandler
                0x080031c8                EXTI0_IRQHandler
                0x080031c8                I2C2_EV_IRQHandler
                0x080031c8                ADC1_2_IRQHandler
                0x080031c8                SPI1_IRQHandler
                0x080031c8                TAMPER_IRQHandler
                0x080031c8                DMA1_Channel4_IRQHandler
                0x080031c8                USART3_IRQHandler
                0x080031c8                RTC_IRQHandler
                0x080031c8                DMA1_Channel7_IRQHandler
                0x080031c8                CAN1_RX1_IRQHandler
                0x080031c8                TIM4_IRQHandler
                0x080031c8                I2C1_EV_IRQHandler
                0x080031c8                DMA1_Channel6_IRQHandler
                0x080031c8                RCC_IRQHandler
                0x080031c8                TIM1_TRG_COM_IRQHandler
                0x080031c8                DMA1_Channel1_IRQHandler
                0x080031c8                Default_Handler
                0x080031c8                EXTI15_10_IRQHandler
                0x080031c8                EXTI9_5_IRQHandler
                0x080031c8                SPI2_IRQHandler
                0x080031c8                DMA1_Channel5_IRQHandler
                0x080031c8                EXTI4_IRQHandler
                0x080031c8                USB_LP_CAN1_RX0_IRQHandler
                0x080031c8                USB_HP_CAN1_TX_IRQHandler
                0x080031c8                DMA1_Channel3_IRQHandler
                0x080031c8                TIM1_UP_IRQHandler
                0x080031c8                WWDG_IRQHandler
                0x080031c8                TIM2_IRQHandler
                0x080031c8                TIM1_BRK_IRQHandler
                0x080031c8                EXTI1_IRQHandler
                0x080031c8                USART2_IRQHandler
                0x080031c8                I2C2_ER_IRQHandler
                0x080031c8                DMA1_Channel2_IRQHandler
                0x080031c8                CAN1_SCE_IRQHandler
                0x080031c8                FLASH_IRQHandler
                0x080031c8                USART1_IRQHandler
                0x080031c8                I2C1_ER_IRQHandler
                0x080031c8                USBWakeUp_IRQHandler
 .text.memcpy   0x080031ca       0x16 c:/ac6/systemworkbench/plugins/fr.ac6.mcu.externaltools.arm-none.win32_1.13.2.201705091103/tools/compiler/bin/../lib/gcc/arm-none-eabi/5.4.1/../../../../arm-none-eabi/lib/armv7-m\libc_nano.a(lib_a-memcpy-stub.o)
                0x080031ca                memcpy
 *(.glue_7)
 .glue_7        0x080031e0        0x0 linker stubs
 *(.glue_7t)
 .glue_7t       0x080031e0        0x0 linker stubs
 *(.eh_frame)
 .eh_frame      0x080031e0        0x0 c:/ac6/systemworkbench/plugins/fr.ac6.mcu.externaltools.arm-none.win32_1.13.2.201705091103/tools/compiler/bin/../lib/gcc/arm-none-eabi/5.4.1/armv7-m/crtbegin.o
 *(.init)
 .init          0x080031e0        0x4 c:/ac6/systemworkbench/plugins/fr.ac6.mcu.externaltools.arm-none.win32_1.13.2.201705091103/tools/compiler/bin/../lib/gcc/arm-none-eabi/5.4.1/armv7-m/crti.o
                0x080031e0                _init
 .init          0x080031e4        0x8 c:/ac6/systemworkbench/plugins/fr.ac6.mcu.externaltools.arm-none.win32_1.13.2.201705091103/tools/compiler/bin/../lib/gcc/arm-none-eabi/5.4.1/armv7-m/crtn.o
 *(.fini)
 .fini          0x080031ec        0x4 c:/ac6/systemworkbench/plugins/fr.ac6.mcu.externaltools.arm-none.win32_1.13.2.201705091103/tools/compiler/bin/../lib/gcc/arm-none-eabi/5.4.1/armv7-m/crti.o
                0x080031ec                _fini
 .fini          0x080031f0        0x8 c:/ac6/systemworkbench/plugins/fr.ac6.mcu.externaltools.arm-none.win32_1.13.2.201705091103/tools/compiler/bin/../lib/gcc/arm-none-eabi/5.4.1/armv7-m/crtn.o
                0x080031f8                . = ALIGN (0x4)
                0x080031f8                _etext = .

.vfp11_veneer   0x080031f8        0x0
 .vfp11_veneer  0x080031f8        0x0 linker stubs

.v4_bx          0x080031f8        0x0
 .v4_bx         0x080031f8        0x0 linker stubs

.iplt           0x080031f8        0x0
 .iplt          0x080031f8        0x0 c:/ac6/systemworkbench/plugins/fr.ac6.mcu.externaltools.arm-none.win32_1.13.2.201705091103/tools/compiler/bin/../lib/gcc/arm-none-eabi/5.4.1/armv7-m/crtbegin.o

.rodata         0x080031f8       0xc0
                0x080031f8                . = ALIGN (0x4)
 *(.rodata)
 .rodata        0x080031f8       0x12 Drivers/STM32F1xx_HAL_Driver/Src/stm32f1xx_hal_rcc.o
 *fill*         0x0800320a        0x2 
 .rodata        0x0800320c       0x44 Src/main.o
 .rodata        0x08003250       0x18 Src/system_stm32f1xx.o
                0x08003250                AHBPrescTable
                0x08003260                APBPrescTable
 *(.rodata*)
 .rodata.str1.1
                0x08003268        0x4 c:/ac6/systemworkbench/plugins/fr.ac6.mcu.externaltools.arm-none.win32_1.13.2.201705091103/tools/compiler/bin/../lib/gcc/arm-none-eabi/5.4.1/../../../../arm-none-eabi/lib/armv7-m\librdimon_nano.a(rdimon-syscalls.o)
 .rodata.str1.4
                0x0800326c        0x5 Middlewares/Third_Party/FreeRTOS/Source/tasks.o
 *fill*         0x08003271        0x3 
 .rodata.str1.4
                0x08003274       0x10 Middlewares/Third_Party/FreeRTOS/Source/timers.o
 .rodata.str1.4
                0x08003284       0x34 Src/main.o
                0x080032b8                . = ALIGN (0x4)

.rel.dyn        0x080032b8        0x0
 .rel.iplt      0x080032b8        0x0 c:/ac6/systemworkbench/plugins/fr.ac6.mcu.externaltools.arm-none.win32_1.13.2.201705091103/tools/compiler/bin/../lib/gcc/arm-none-eabi/5.4.1/armv7-m/crtbegin.o

.ARM.extab
 *(.ARM.extab* .gnu.linkonce.armextab.*)

.ARM            0x080032b8        0x0
                0x080032b8                __exidx_start = .
 *(.ARM.exidx*)
                0x080032b8                __exidx_end = .

.preinit_array  0x080032b8        0x0
                0x080032b8                PROVIDE (__preinit_array_start, .)
 *(.preinit_array*)
                0x080032b8                PROVIDE (__preinit_array_end, .)

.init_array     0x080032b8        0x4
                0x080032b8                PROVIDE (__init_array_start, .)
 *(SORT(.init_array.*))
 *(.init_array*)
 .init_array    0x080032b8        0x4 c:/ac6/systemworkbench/plugins/fr.ac6.mcu.externaltools.arm-none.win32_1.13.2.201705091103/tools/compiler/bin/../lib/gcc/arm-none-eabi/5.4.1/armv7-m/crtbegin.o
                0x080032bc                PROVIDE (__init_array_end, .)

.fini_array     0x080032bc        0x4
                [!provide]                PROVIDE (__fini_array_start, .)
 *(SORT(.fini_array.*))
 *(.fini_array*)
 .fini_array    0x080032bc        0x4 c:/ac6/systemworkbench/plugins/fr.ac6.mcu.externaltools.arm-none.win32_1.13.2.201705091103/tools/compiler/bin/../lib/gcc/arm-none-eabi/5.4.1/armv7-m/crtbegin.o
                [!provide]                PROVIDE (__fini_array_end, .)
                0x080032c0                _sidata = LOADADDR (.data)

.data           0x20000000        0x8 load address 0x080032c0
                0x20000000                . = ALIGN (0x4)
                0x20000000                _sdata = .
 *(.data)
 .data          0x20000000        0x4 Middlewares/Third_Party/FreeRTOS/Source/portable/GCC/ARM_CM3/port.o
 .data          0x20000004        0x4 Src/system_stm32f1xx.o
                0x20000004                SystemCoreClock
 *(.data*)
                0x20000008                . = ALIGN (0x4)
                0x20000008                _edata = .

.jcr            0x20000008        0x0 load address 0x080032c8
 .jcr           0x20000008        0x0 c:/ac6/systemworkbench/plugins/fr.ac6.mcu.externaltools.arm-none.win32_1.13.2.201705091103/tools/compiler/bin/../lib/gcc/arm-none-eabi/5.4.1/armv7-m/crtbegin.o

.igot.plt       0x20000008        0x0 load address 0x080032c8
 .igot.plt      0x20000008        0x0 c:/ac6/systemworkbench/plugins/fr.ac6.mcu.externaltools.arm-none.win32_1.13.2.201705091103/tools/compiler/bin/../lib/gcc/arm-none-eabi/5.4.1/armv7-m/crtbegin.o
                0x20000008                . = ALIGN (0x4)

.bss            0x20000008     0x1af0 load address 0x080032c8
                0x20000008                _sbss = .
                0x20000008                __bss_start__ = _sbss
 *(.bss)
 .bss           0x20000008       0x1c c:/ac6/systemworkbench/plugins/fr.ac6.mcu.externaltools.arm-none.win32_1.13.2.201705091103/tools/compiler/bin/../lib/gcc/arm-none-eabi/5.4.1/armv7-m/crtbegin.o
 .bss           0x20000024        0x4 Drivers/STM32F1xx_HAL_Driver/Src/stm32f1xx_hal.o
 .bss           0x20000028      0x128 Middlewares/Third_Party/FreeRTOS/Source/tasks.o
                0x20000124                pxCurrentTCB
 .bss           0x20000150       0x38 Middlewares/Third_Party/FreeRTOS/Source/timers.o
 .bss           0x20000188        0x8 Middlewares/Third_Party/FreeRTOS/Source/portable/GCC/ARM_CM3/port.o
 .bss           0x20000190     0x1818 Middlewares/Third_Party/FreeRTOS/Source/portable/MemMang/heap_4.o
 .bss           0x200019a8        0x4 Src/main.o
                0x200019a8                obj
 *(.bss*)
 .bss.monitor_stdout
                0x200019ac        0x4 c:/ac6/systemworkbench/plugins/fr.ac6.mcu.externaltools.arm-none.win32_1.13.2.201705091103/tools/compiler/bin/../lib/gcc/arm-none-eabi/5.4.1/../../../../arm-none-eabi/lib/armv7-m\librdimon_nano.a(rdimon-syscalls.o)
 .bss.monitor_stdin
                0x200019b0        0x4 c:/ac6/systemworkbench/plugins/fr.ac6.mcu.externaltools.arm-none.win32_1.13.2.201705091103/tools/compiler/bin/../lib/gcc/arm-none-eabi/5.4.1/../../../../arm-none-eabi/lib/armv7-m\librdimon_nano.a(rdimon-syscalls.o)
 .bss.monitor_stderr
                0x200019b4        0x4 c:/ac6/systemworkbench/plugins/fr.ac6.mcu.externaltools.arm-none.win32_1.13.2.201705091103/tools/compiler/bin/../lib/gcc/arm-none-eabi/5.4.1/../../../../arm-none-eabi/lib/armv7-m\librdimon_nano.a(rdimon-syscalls.o)
 .bss.openfiles
                0x200019b8       0xa0 c:/ac6/systemworkbench/plugins/fr.ac6.mcu.externaltools.arm-none.win32_1.13.2.201705091103/tools/compiler/bin/../lib/gcc/arm-none-eabi/5.4.1/../../../../arm-none-eabi/lib/armv7-m\librdimon_nano.a(rdimon-syscalls.o)
 *(COMMON)
 COMMON         0x20001a58       0x40 Middlewares/Third_Party/FreeRTOS/Source/queue.o
                0x20001a58                xQueueRegistry
 COMMON         0x20001a98       0x24 Src/main.o
                0x20001a98                consumerHandle
                0x20001a9c                defaultTaskHandle
                0x20001aa0                qMutexHandle
                0x20001aa4                mailMutexHandle
                0x20001aa8                producerHandle
                0x20001aac                mailBoxHandler
                0x20001ab0                itemSempHandle
                0x20001ab4                itemQueueHandle
                0x20001ab8                slotSempHandle
 COMMON         0x20001abc       0x3c Src/stm32f1xx_hal_timebase_TIM.o
                0x20001abc                htim3
                0x20001af8                . = ALIGN (0x4)
                0x20001af8                _ebss = .
                0x20001af8                __bss_end__ = _ebss

._user_heap_stack
                0x20001af8      0x600 load address 0x080032c8
                0x20001af8                . = ALIGN (0x8)
                0x20001af8                PROVIDE (end, .)
                [!provide]                PROVIDE (_end, .)
                0x20001cf8                . = (. + _Min_Heap_Size)
 *fill*         0x20001af8      0x200 
                0x200020f8                . = (. + _Min_Stack_Size)
 *fill*         0x20001cf8      0x400 
                0x200020f8                . = ALIGN (0x8)

/DISCARD/
 libc.a(*)
 libm.a(*)
 libgcc.a(*)

.ARM.attributes
                0x00000000       0x29
 *(.ARM.attributes)
 .ARM.attributes
                0x00000000       0x1d c:/ac6/systemworkbench/plugins/fr.ac6.mcu.externaltools.arm-none.win32_1.13.2.201705091103/tools/compiler/bin/../lib/gcc/arm-none-eabi/5.4.1/armv7-m/crti.o
 .ARM.attributes
                0x0000001d       0x2d c:/ac6/systemworkbench/plugins/fr.ac6.mcu.externaltools.arm-none.win32_1.13.2.201705091103/tools/compiler/bin/../lib/gcc/arm-none-eabi/5.4.1/armv7-m/crtbegin.o
 .ARM.attributes
                0x0000004a       0x2d c:/ac6/systemworkbench/plugins/fr.ac6.mcu.externaltools.arm-none.win32_1.13.2.201705091103/tools/compiler/bin/../lib/gcc/arm-none-eabi/5.4.1/../../../../arm-none-eabi/lib/armv7-m\libc_nano.a(lib_a-init.o)
 .ARM.attributes
                0x00000077       0x2d c:/ac6/systemworkbench/plugins/fr.ac6.mcu.externaltools.arm-none.win32_1.13.2.201705091103/tools/compiler/bin/../lib/gcc/arm-none-eabi/5.4.1/../../../../arm-none-eabi/lib/armv7-m\librdimon_nano.a(rdimon-syscalls.o)
 .ARM.attributes
                0x000000a4       0x33 Drivers/STM32F1xx_HAL_Driver/Src/stm32f1xx_hal.o
 .ARM.attributes
                0x000000d7       0x33 Drivers/STM32F1xx_HAL_Driver/Src/stm32f1xx_hal_cortex.o
 .ARM.attributes
                0x0000010a       0x33 Drivers/STM32F1xx_HAL_Driver/Src/stm32f1xx_hal_gpio.o
 .ARM.attributes
                0x0000013d       0x33 Drivers/STM32F1xx_HAL_Driver/Src/stm32f1xx_hal_rcc.o
 .ARM.attributes
                0x00000170       0x33 Drivers/STM32F1xx_HAL_Driver/Src/stm32f1xx_hal_tim.o
 .ARM.attributes
                0x000001a3       0x33 Drivers/STM32F1xx_HAL_Driver/Src/stm32f1xx_hal_tim_ex.o
 .ARM.attributes
                0x000001d6       0x33 Middlewares/Third_Party/FreeRTOS/Source/CMSIS_RTOS/cmsis_os.o
 .ARM.attributes
                0x00000209       0x33 Middlewares/Third_Party/FreeRTOS/Source/list.o
 .ARM.attributes
                0x0000023c       0x33 Middlewares/Third_Party/FreeRTOS/Source/queue.o
 .ARM.attributes
                0x0000026f       0x33 Middlewares/Third_Party/FreeRTOS/Source/tasks.o
 .ARM.attributes
                0x000002a2       0x33 Middlewares/Third_Party/FreeRTOS/Source/timers.o
 .ARM.attributes
                0x000002d5       0x33 Middlewares/Third_Party/FreeRTOS/Source/portable/GCC/ARM_CM3/port.o
 .ARM.attributes
                0x00000308       0x33 Middlewares/Third_Party/FreeRTOS/Source/portable/MemMang/heap_4.o
 .ARM.attributes
                0x0000033b       0x33 Src/main.o
 .ARM.attributes
                0x0000036e       0x33 Src/stm32f1xx_hal_msp.o
 .ARM.attributes
                0x000003a1       0x33 Src/stm32f1xx_hal_timebase_TIM.o
 .ARM.attributes
                0x000003d4       0x33 Src/stm32f1xx_it.o
 .ARM.attributes
                0x00000407       0x33 Src/system_stm32f1xx.o
 .ARM.attributes
                0x0000043a       0x21 startup/startup_stm32f103xb.o
 .ARM.attributes
                0x0000045b       0x2d c:/ac6/systemworkbench/plugins/fr.ac6.mcu.externaltools.arm-none.win32_1.13.2.201705091103/tools/compiler/bin/../lib/gcc/arm-none-eabi/5.4.1/../../../../arm-none-eabi/lib/armv7-m\libc_nano.a(lib_a-memcpy-stub.o)
 .ARM.attributes
                0x00000488       0x1d c:/ac6/systemworkbench/plugins/fr.ac6.mcu.externaltools.arm-none.win32_1.13.2.201705091103/tools/compiler/bin/../lib/gcc/arm-none-eabi/5.4.1/armv7-m/crtn.o
OUTPUT(freeRTOS.elf elf32-littlearm)

.debug_frame    0x00000000     0x290c
 .debug_frame   0x00000000       0x2c c:/ac6/systemworkbench/plugins/fr.ac6.mcu.externaltools.arm-none.win32_1.13.2.201705091103/tools/compiler/bin/../lib/gcc/arm-none-eabi/5.4.1/../../../../arm-none-eabi/lib/armv7-m\libc_nano.a(lib_a-init.o)
 .debug_frame   0x0000002c      0x334 c:/ac6/systemworkbench/plugins/fr.ac6.mcu.externaltools.arm-none.win32_1.13.2.201705091103/tools/compiler/bin/../lib/gcc/arm-none-eabi/5.4.1/../../../../arm-none-eabi/lib/armv7-m\librdimon_nano.a(rdimon-syscalls.o)
 .debug_frame   0x00000360      0x168 Drivers/STM32F1xx_HAL_Driver/Src/stm32f1xx_hal.o
 .debug_frame   0x000004c8      0x124 Drivers/STM32F1xx_HAL_Driver/Src/stm32f1xx_hal_cortex.o
 .debug_frame   0x000005ec       0xc4 Drivers/STM32F1xx_HAL_Driver/Src/stm32f1xx_hal_gpio.o
 .debug_frame   0x000006b0      0x158 Drivers/STM32F1xx_HAL_Driver/Src/stm32f1xx_hal_rcc.o
 .debug_frame   0x00000808      0x9cc Drivers/STM32F1xx_HAL_Driver/Src/stm32f1xx_hal_tim.o
 .debug_frame   0x000011d4      0x3b8 Drivers/STM32F1xx_HAL_Driver/Src/stm32f1xx_hal_tim_ex.o
 .debug_frame   0x0000158c      0x558 Middlewares/Third_Party/FreeRTOS/Source/CMSIS_RTOS/cmsis_os.o
 .debug_frame   0x00001ae4       0x6c Middlewares/Third_Party/FreeRTOS/Source/list.o
 .debug_frame   0x00001b50      0x2c4 Middlewares/Third_Party/FreeRTOS/Source/queue.o
 .debug_frame   0x00001e14      0x4e8 Middlewares/Third_Party/FreeRTOS/Source/tasks.o
 .debug_frame   0x000022fc      0x1d4 Middlewares/Third_Party/FreeRTOS/Source/timers.o
 .debug_frame   0x000024d0      0x138 Middlewares/Third_Party/FreeRTOS/Source/portable/GCC/ARM_CM3/port.o
 .debug_frame   0x00002608       0xac Middlewares/Third_Party/FreeRTOS/Source/portable/MemMang/heap_4.o
 .debug_frame   0x000026b4       0xe8 Src/main.o
 .debug_frame   0x0000279c       0x2c Src/stm32f1xx_hal_msp.o
 .debug_frame   0x000027c8       0x4c Src/stm32f1xx_hal_timebase_TIM.o
 .debug_frame   0x00002814       0xa0 Src/stm32f1xx_it.o
 .debug_frame   0x000028b4       0x30 Src/system_stm32f1xx.o
 .debug_frame   0x000028e4       0x28 c:/ac6/systemworkbench/plugins/fr.ac6.mcu.externaltools.arm-none.win32_1.13.2.201705091103/tools/compiler/bin/../lib/gcc/arm-none-eabi/5.4.1/../../../../arm-none-eabi/lib/armv7-m\libc_nano.a(lib_a-memcpy-stub.o)

.debug_info     0x00000000     0xfa0e
 .debug_info    0x00000000      0x699 Drivers/STM32F1xx_HAL_Driver/Src/stm32f1xx_hal.o
 .debug_info    0x00000699      0xc33 Drivers/STM32F1xx_HAL_Driver/Src/stm32f1xx_hal_cortex.o
 .debug_info    0x000012cc      0x608 Drivers/STM32F1xx_HAL_Driver/Src/stm32f1xx_hal_gpio.o
 .debug_info    0x000018d4     0x12ab Drivers/STM32F1xx_HAL_Driver/Src/stm32f1xx_hal_rcc.o
 .debug_info    0x00002b7f     0x2d8a Drivers/STM32F1xx_HAL_Driver/Src/stm32f1xx_hal_tim.o
 .debug_info    0x00005909     0x11e6 Drivers/STM32F1xx_HAL_Driver/Src/stm32f1xx_hal_tim_ex.o
 .debug_info    0x00006aef     0x1b2d Middlewares/Third_Party/FreeRTOS/Source/CMSIS_RTOS/cmsis_os.o
 .debug_info    0x0000861c      0x2a5 Middlewares/Third_Party/FreeRTOS/Source/list.o
 .debug_info    0x000088c1     0x1453 Middlewares/Third_Party/FreeRTOS/Source/queue.o
 .debug_info    0x00009d14     0x1de7 Middlewares/Third_Party/FreeRTOS/Source/tasks.o
 .debug_info    0x0000bafb      0xdab Middlewares/Third_Party/FreeRTOS/Source/timers.o
 .debug_info    0x0000c8a6      0x3ed Middlewares/Third_Party/FreeRTOS/Source/portable/GCC/ARM_CM3/port.o
 .debug_info    0x0000cc93      0x3b3 Middlewares/Third_Party/FreeRTOS/Source/portable/MemMang/heap_4.o
 .debug_info    0x0000d046     0x12a3 Src/main.o
 .debug_info    0x0000e2e9      0x43a Src/stm32f1xx_hal_msp.o
 .debug_info    0x0000e723      0x8d1 Src/stm32f1xx_hal_timebase_TIM.o
 .debug_info    0x0000eff4      0x5ad Src/stm32f1xx_it.o
 .debug_info    0x0000f5a1      0x3eb Src/system_stm32f1xx.o
 .debug_info    0x0000f98c       0x82 startup/startup_stm32f103xb.o

.debug_abbrev   0x00000000     0x238b
 .debug_abbrev  0x00000000      0x21f Drivers/STM32F1xx_HAL_Driver/Src/stm32f1xx_hal.o
 .debug_abbrev  0x0000021f      0x2bd Drivers/STM32F1xx_HAL_Driver/Src/stm32f1xx_hal_cortex.o
 .debug_abbrev  0x000004dc      0x1cd Drivers/STM32F1xx_HAL_Driver/Src/stm32f1xx_hal_gpio.o
 .debug_abbrev  0x000006a9      0x287 Drivers/STM32F1xx_HAL_Driver/Src/stm32f1xx_hal_rcc.o
 .debug_abbrev  0x00000930      0x22a Drivers/STM32F1xx_HAL_Driver/Src/stm32f1xx_hal_tim.o
 .debug_abbrev  0x00000b5a      0x21b Drivers/STM32F1xx_HAL_Driver/Src/stm32f1xx_hal_tim_ex.o
 .debug_abbrev  0x00000d75      0x2ac Middlewares/Third_Party/FreeRTOS/Source/CMSIS_RTOS/cmsis_os.o
 .debug_abbrev  0x00001021       0xdf Middlewares/Third_Party/FreeRTOS/Source/list.o
 .debug_abbrev  0x00001100      0x1d8 Middlewares/Third_Party/FreeRTOS/Source/queue.o
 .debug_abbrev  0x000012d8      0x29b Middlewares/Third_Party/FreeRTOS/Source/tasks.o
 .debug_abbrev  0x00001573      0x206 Middlewares/Third_Party/FreeRTOS/Source/timers.o
 .debug_abbrev  0x00001779      0x1ff Middlewares/Third_Party/FreeRTOS/Source/portable/GCC/ARM_CM3/port.o
 .debug_abbrev  0x00001978      0x1ce Middlewares/Third_Party/FreeRTOS/Source/portable/MemMang/heap_4.o
 .debug_abbrev  0x00001b46      0x28c Src/main.o
 .debug_abbrev  0x00001dd2      0x126 Src/stm32f1xx_hal_msp.o
 .debug_abbrev  0x00001ef8      0x1d4 Src/stm32f1xx_hal_timebase_TIM.o
 .debug_abbrev  0x000020cc      0x188 Src/stm32f1xx_it.o
 .debug_abbrev  0x00002254      0x125 Src/system_stm32f1xx.o
 .debug_abbrev  0x00002379       0x12 startup/startup_stm32f103xb.o

.debug_loc      0x00000000     0xa04e
 .debug_loc     0x00000000       0x81 Drivers/STM32F1xx_HAL_Driver/Src/stm32f1xx_hal.o
 .debug_loc     0x00000081      0x527 Drivers/STM32F1xx_HAL_Driver/Src/stm32f1xx_hal_cortex.o
 .debug_loc     0x000005a8      0x377 Drivers/STM32F1xx_HAL_Driver/Src/stm32f1xx_hal_gpio.o
 .debug_loc     0x0000091f      0x8e9 Drivers/STM32F1xx_HAL_Driver/Src/stm32f1xx_hal_rcc.o
 .debug_loc     0x00001208     0x32a5 Drivers/STM32F1xx_HAL_Driver/Src/stm32f1xx_hal_tim.o
 .debug_loc     0x000044ad      0xbdb Drivers/STM32F1xx_HAL_Driver/Src/stm32f1xx_hal_tim_ex.o
 .debug_loc     0x00005088     0x101b Middlewares/Third_Party/FreeRTOS/Source/CMSIS_RTOS/cmsis_os.o
 .debug_loc     0x000060a3       0x65 Middlewares/Third_Party/FreeRTOS/Source/list.o
 .debug_loc     0x00006108     0x173e Middlewares/Third_Party/FreeRTOS/Source/queue.o
 .debug_loc     0x00007846     0x18d0 Middlewares/Third_Party/FreeRTOS/Source/tasks.o
 .debug_loc     0x00009116      0xa3b Middlewares/Third_Party/FreeRTOS/Source/timers.o
 .debug_loc     0x00009b51       0xa6 Middlewares/Third_Party/FreeRTOS/Source/portable/GCC/ARM_CM3/port.o
 .debug_loc     0x00009bf7      0x27b Middlewares/Third_Party/FreeRTOS/Source/portable/MemMang/heap_4.o
 .debug_loc     0x00009e72       0x84 Src/main.o
 .debug_loc     0x00009ef6       0x79 Src/stm32f1xx_hal_timebase_TIM.o
 .debug_loc     0x00009f6f       0xdf Src/system_stm32f1xx.o

.debug_aranges  0x00000000      0xdf0
 .debug_aranges
                0x00000000       0xb0 Drivers/STM32F1xx_HAL_Driver/Src/stm32f1xx_hal.o
 .debug_aranges
                0x000000b0       0x90 Drivers/STM32F1xx_HAL_Driver/Src/stm32f1xx_hal_cortex.o
 .debug_aranges
                0x00000140       0x58 Drivers/STM32F1xx_HAL_Driver/Src/stm32f1xx_hal_gpio.o
 .debug_aranges
                0x00000198       0x88 Drivers/STM32F1xx_HAL_Driver/Src/stm32f1xx_hal_rcc.o
 .debug_aranges
                0x00000220      0x368 Drivers/STM32F1xx_HAL_Driver/Src/stm32f1xx_hal_tim.o
 .debug_aranges
                0x00000588      0x138 Drivers/STM32F1xx_HAL_Driver/Src/stm32f1xx_hal_tim_ex.o
 .debug_aranges
                0x000006c0      0x1b0 Middlewares/Third_Party/FreeRTOS/Source/CMSIS_RTOS/cmsis_os.o
 .debug_aranges
                0x00000870       0x40 Middlewares/Third_Party/FreeRTOS/Source/list.o
 .debug_aranges
                0x000008b0       0xe8 Middlewares/Third_Party/FreeRTOS/Source/queue.o
 .debug_aranges
                0x00000998      0x190 Middlewares/Third_Party/FreeRTOS/Source/tasks.o
 .debug_aranges
                0x00000b28       0x98 Middlewares/Third_Party/FreeRTOS/Source/timers.o
 .debug_aranges
                0x00000bc0       0x90 Middlewares/Third_Party/FreeRTOS/Source/portable/GCC/ARM_CM3/port.o
 .debug_aranges
                0x00000c50       0x50 Middlewares/Third_Party/FreeRTOS/Source/portable/MemMang/heap_4.o
 .debug_aranges
                0x00000ca0       0x58 Src/main.o
 .debug_aranges
                0x00000cf8       0x20 Src/stm32f1xx_hal_msp.o
 .debug_aranges
                0x00000d18       0x30 Src/stm32f1xx_hal_timebase_TIM.o
 .debug_aranges
                0x00000d48       0x58 Src/stm32f1xx_it.o
 .debug_aranges
                0x00000da0       0x28 Src/system_stm32f1xx.o
 .debug_aranges
                0x00000dc8       0x28 startup/startup_stm32f103xb.o

.debug_ranges   0x00000000      0xce0
 .debug_ranges  0x00000000       0xa0 Drivers/STM32F1xx_HAL_Driver/Src/stm32f1xx_hal.o
 .debug_ranges  0x000000a0       0x80 Drivers/STM32F1xx_HAL_Driver/Src/stm32f1xx_hal_cortex.o
 .debug_ranges  0x00000120       0x48 Drivers/STM32F1xx_HAL_Driver/Src/stm32f1xx_hal_gpio.o
 .debug_ranges  0x00000168       0x78 Drivers/STM32F1xx_HAL_Driver/Src/stm32f1xx_hal_rcc.o
 .debug_ranges  0x000001e0      0x358 Drivers/STM32F1xx_HAL_Driver/Src/stm32f1xx_hal_tim.o
 .debug_ranges  0x00000538      0x128 Drivers/STM32F1xx_HAL_Driver/Src/stm32f1xx_hal_tim_ex.o
 .debug_ranges  0x00000660      0x1a0 Middlewares/Third_Party/FreeRTOS/Source/CMSIS_RTOS/cmsis_os.o
 .debug_ranges  0x00000800       0x30 Middlewares/Third_Party/FreeRTOS/Source/list.o
 .debug_ranges  0x00000830       0xd8 Middlewares/Third_Party/FreeRTOS/Source/queue.o
 .debug_ranges  0x00000908      0x198 Middlewares/Third_Party/FreeRTOS/Source/tasks.o
 .debug_ranges  0x00000aa0       0x88 Middlewares/Third_Party/FreeRTOS/Source/timers.o
 .debug_ranges  0x00000b28       0x80 Middlewares/Third_Party/FreeRTOS/Source/portable/GCC/ARM_CM3/port.o
 .debug_ranges  0x00000ba8       0x40 Middlewares/Third_Party/FreeRTOS/Source/portable/MemMang/heap_4.o
 .debug_ranges  0x00000be8       0x48 Src/main.o
 .debug_ranges  0x00000c30       0x10 Src/stm32f1xx_hal_msp.o
 .debug_ranges  0x00000c40       0x20 Src/stm32f1xx_hal_timebase_TIM.o
 .debug_ranges  0x00000c60       0x48 Src/stm32f1xx_it.o
 .debug_ranges  0x00000ca8       0x18 Src/system_stm32f1xx.o
 .debug_ranges  0x00000cc0       0x20 startup/startup_stm32f103xb.o

.debug_macro    0x00000000    0x1a6eb
 .debug_macro   0x00000000      0x2f4 Drivers/STM32F1xx_HAL_Driver/Src/stm32f1xx_hal.o
 .debug_macro   0x000002f4      0x880 Drivers/STM32F1xx_HAL_Driver/Src/stm32f1xx_hal.o
 .debug_macro   0x00000b74       0x46 Drivers/STM32F1xx_HAL_Driver/Src/stm32f1xx_hal.o
 .debug_macro   0x00000bba      0x15b Drivers/STM32F1xx_HAL_Driver/Src/stm32f1xx_hal.o
 .debug_macro   0x00000d15       0x2e Drivers/STM32F1xx_HAL_Driver/Src/stm32f1xx_hal.o
 .debug_macro   0x00000d43       0x22 Drivers/STM32F1xx_HAL_Driver/Src/stm32f1xx_hal.o
 .debug_macro   0x00000d65       0x22 Drivers/STM32F1xx_HAL_Driver/Src/stm32f1xx_hal.o
 .debug_macro   0x00000d87       0x87 Drivers/STM32F1xx_HAL_Driver/Src/stm32f1xx_hal.o
 .debug_macro   0x00000e0e       0x44 Drivers/STM32F1xx_HAL_Driver/Src/stm32f1xx_hal.o
 .debug_macro   0x00000e52       0xfd Drivers/STM32F1xx_HAL_Driver/Src/stm32f1xx_hal.o
 .debug_macro   0x00000f4f       0x5e Drivers/STM32F1xx_HAL_Driver/Src/stm32f1xx_hal.o
 .debug_macro   0x00000fad      0x1df Drivers/STM32F1xx_HAL_Driver/Src/stm32f1xx_hal.o
 .debug_macro   0x0000118c       0x34 Drivers/STM32F1xx_HAL_Driver/Src/stm32f1xx_hal.o
 .debug_macro   0x000011c0       0x34 Drivers/STM32F1xx_HAL_Driver/Src/stm32f1xx_hal.o
 .debug_macro   0x000011f4      0xb8e Drivers/STM32F1xx_HAL_Driver/Src/stm32f1xx_hal.o
 .debug_macro   0x00001d82     0xf2f7 Drivers/STM32F1xx_HAL_Driver/Src/stm32f1xx_hal.o
 .debug_macro   0x00011079       0x43 Drivers/STM32F1xx_HAL_Driver/Src/stm32f1xx_hal.o
 .debug_macro   0x000110bc     0x3383 Drivers/STM32F1xx_HAL_Driver/Src/stm32f1xx_hal.o
 .debug_macro   0x0001443f       0x52 Drivers/STM32F1xx_HAL_Driver/Src/stm32f1xx_hal.o
 .debug_macro   0x00014491       0x35 Drivers/STM32F1xx_HAL_Driver/Src/stm32f1xx_hal.o
 .debug_macro   0x000144c6       0x9c Drivers/STM32F1xx_HAL_Driver/Src/stm32f1xx_hal.o
 .debug_macro   0x00014562       0x16 Drivers/STM32F1xx_HAL_Driver/Src/stm32f1xx_hal.o
 .debug_macro   0x00014578       0x97 Drivers/STM32F1xx_HAL_Driver/Src/stm32f1xx_hal.o
 .debug_macro   0x0001460f      0x30d Drivers/STM32F1xx_HAL_Driver/Src/stm32f1xx_hal.o
 .debug_macro   0x0001491c       0xfd Drivers/STM32F1xx_HAL_Driver/Src/stm32f1xx_hal.o
 .debug_macro   0x00014a19       0x10 Drivers/STM32F1xx_HAL_Driver/Src/stm32f1xx_hal.o
 .debug_macro   0x00014a29       0x52 Drivers/STM32F1xx_HAL_Driver/Src/stm32f1xx_hal.o
 .debug_macro   0x00014a7b       0x1f Drivers/STM32F1xx_HAL_Driver/Src/stm32f1xx_hal.o
 .debug_macro   0x00014a9a       0x43 Drivers/STM32F1xx_HAL_Driver/Src/stm32f1xx_hal.o
 .debug_macro   0x00014add       0x20 Drivers/STM32F1xx_HAL_Driver/Src/stm32f1xx_hal.o
 .debug_macro   0x00014afd      0x187 Drivers/STM32F1xx_HAL_Driver/Src/stm32f1xx_hal.o
 .debug_macro   0x00014c84       0x10 Drivers/STM32F1xx_HAL_Driver/Src/stm32f1xx_hal.o
 .debug_macro   0x00014c94       0x1c Drivers/STM32F1xx_HAL_Driver/Src/stm32f1xx_hal.o
 .debug_macro   0x00014cb0       0x52 Drivers/STM32F1xx_HAL_Driver/Src/stm32f1xx_hal.o
 .debug_macro   0x00014d02       0x40 Drivers/STM32F1xx_HAL_Driver/Src/stm32f1xx_hal.o
 .debug_macro   0x00014d42       0x10 Drivers/STM32F1xx_HAL_Driver/Src/stm32f1xx_hal.o
 .debug_macro   0x00014d52       0x40 Drivers/STM32F1xx_HAL_Driver/Src/stm32f1xx_hal.o
 .debug_macro   0x00014d92       0xd7 Drivers/STM32F1xx_HAL_Driver/Src/stm32f1xx_hal.o
 .debug_macro   0x00014e69       0x16 Drivers/STM32F1xx_HAL_Driver/Src/stm32f1xx_hal.o
 .debug_macro   0x00014e7f      0x18b Drivers/STM32F1xx_HAL_Driver/Src/stm32f1xx_hal.o
 .debug_macro   0x0001500a       0x50 Drivers/STM32F1xx_HAL_Driver/Src/stm32f1xx_hal.o
 .debug_macro   0x0001505a      0x778 Drivers/STM32F1xx_HAL_Driver/Src/stm32f1xx_hal.o
 .debug_macro   0x000157d2      0x28b Drivers/STM32F1xx_HAL_Driver/Src/stm32f1xx_hal.o
 .debug_macro   0x00015a5d      0x141 Drivers/STM32F1xx_HAL_Driver/Src/stm32f1xx_hal.o
 .debug_macro   0x00015b9e      0x197 Drivers/STM32F1xx_HAL_Driver/Src/stm32f1xx_hal.o
 .debug_macro   0x00015d35      0x1ae Drivers/STM32F1xx_HAL_Driver/Src/stm32f1xx_hal.o
 .debug_macro   0x00015ee3       0x2d Drivers/STM32F1xx_HAL_Driver/Src/stm32f1xx_hal.o
 .debug_macro   0x00015f10       0x3c Drivers/STM32F1xx_HAL_Driver/Src/stm32f1xx_hal.o
 .debug_macro   0x00015f4c       0x57 Drivers/STM32F1xx_HAL_Driver/Src/stm32f1xx_hal.o
 .debug_macro   0x00015fa3       0x8c Drivers/STM32F1xx_HAL_Driver/Src/stm32f1xx_hal.o
 .debug_macro   0x0001602f      0x242 Drivers/STM32F1xx_HAL_Driver/Src/stm32f1xx_hal.o
 .debug_macro   0x00016271      0x143 Drivers/STM32F1xx_HAL_Driver/Src/stm32f1xx_hal.o
 .debug_macro   0x000163b4      0x83e Drivers/STM32F1xx_HAL_Driver/Src/stm32f1xx_hal.o
 .debug_macro   0x00016bf2       0x11 Drivers/STM32F1xx_HAL_Driver/Src/stm32f1xx_hal.o
 .debug_macro   0x00016c03       0x7c Drivers/STM32F1xx_HAL_Driver/Src/stm32f1xx_hal.o
 .debug_macro   0x00016c7f      0x2d0 Drivers/STM32F1xx_HAL_Driver/Src/stm32f1xx_hal_cortex.o
 .debug_macro   0x00016f4f      0x340 Drivers/STM32F1xx_HAL_Driver/Src/stm32f1xx_hal_gpio.o
 .debug_macro   0x0001728f      0x2f4 Drivers/STM32F1xx_HAL_Driver/Src/stm32f1xx_hal_rcc.o
 .debug_macro   0x00017583      0x2d1 Drivers/STM32F1xx_HAL_Driver/Src/stm32f1xx_hal_tim.o
 .debug_macro   0x00017854      0x2d0 Drivers/STM32F1xx_HAL_Driver/Src/stm32f1xx_hal_tim_ex.o
 .debug_macro   0x00017b24      0x1f4 Middlewares/Third_Party/FreeRTOS/Source/CMSIS_RTOS/cmsis_os.o
 .debug_macro   0x00017d18       0x4c Middlewares/Third_Party/FreeRTOS/Source/CMSIS_RTOS/cmsis_os.o
 .debug_macro   0x00017d64       0x8d Middlewares/Third_Party/FreeRTOS/Source/CMSIS_RTOS/cmsis_os.o
 .debug_macro   0x00017df1      0x174 Middlewares/Third_Party/FreeRTOS/Source/CMSIS_RTOS/cmsis_os.o
 .debug_macro   0x00017f65       0x4a Middlewares/Third_Party/FreeRTOS/Source/CMSIS_RTOS/cmsis_os.o
 .debug_macro   0x00017faf       0x10 Middlewares/Third_Party/FreeRTOS/Source/CMSIS_RTOS/cmsis_os.o
 .debug_macro   0x00017fbf       0x35 Middlewares/Third_Party/FreeRTOS/Source/CMSIS_RTOS/cmsis_os.o
 .debug_macro   0x00017ff4       0x16 Middlewares/Third_Party/FreeRTOS/Source/CMSIS_RTOS/cmsis_os.o
 .debug_macro   0x0001800a       0x26 Middlewares/Third_Party/FreeRTOS/Source/CMSIS_RTOS/cmsis_os.o
 .debug_macro   0x00018030       0xe7 Middlewares/Third_Party/FreeRTOS/Source/CMSIS_RTOS/cmsis_os.o
 .debug_macro   0x00018117      0x15d Middlewares/Third_Party/FreeRTOS/Source/CMSIS_RTOS/cmsis_os.o
 .debug_macro   0x00018274       0xd9 Middlewares/Third_Party/FreeRTOS/Source/CMSIS_RTOS/cmsis_os.o
 .debug_macro   0x0001834d       0x10 Middlewares/Third_Party/FreeRTOS/Source/CMSIS_RTOS/cmsis_os.o
 .debug_macro   0x0001835d       0x1f Middlewares/Third_Party/FreeRTOS/Source/CMSIS_RTOS/cmsis_os.o
 .debug_macro   0x0001837c      0x3e6 Middlewares/Third_Party/FreeRTOS/Source/CMSIS_RTOS/cmsis_os.o
 .debug_macro   0x00018762       0xc0 Middlewares/Third_Party/FreeRTOS/Source/CMSIS_RTOS/cmsis_os.o
 .debug_macro   0x00018822       0x9a Middlewares/Third_Party/FreeRTOS/Source/CMSIS_RTOS/cmsis_os.o
 .debug_macro   0x000188bc       0x91 Middlewares/Third_Party/FreeRTOS/Source/CMSIS_RTOS/cmsis_os.o
 .debug_macro   0x0001894d       0xb0 Middlewares/Third_Party/FreeRTOS/Source/CMSIS_RTOS/cmsis_os.o
 .debug_macro   0x000189fd       0x7f Middlewares/Third_Party/FreeRTOS/Source/CMSIS_RTOS/cmsis_os.o
 .debug_macro   0x00018a7c       0x19 Middlewares/Third_Party/FreeRTOS/Source/CMSIS_RTOS/cmsis_os.o
 .debug_macro   0x00018a95       0xcf Middlewares/Third_Party/FreeRTOS/Source/CMSIS_RTOS/cmsis_os.o
 .debug_macro   0x00018b64      0x18b Middlewares/Third_Party/FreeRTOS/Source/list.o
 .debug_macro   0x00018cef      0x207 Middlewares/Third_Party/FreeRTOS/Source/queue.o
 .debug_macro   0x00018ef6       0x16 Middlewares/Third_Party/FreeRTOS/Source/queue.o
 .debug_macro   0x00018f0c      0x243 Middlewares/Third_Party/FreeRTOS/Source/tasks.o
 .debug_macro   0x0001914f       0x11 Middlewares/Third_Party/FreeRTOS/Source/tasks.o
 .debug_macro   0x00019160      0x1c8 Middlewares/Third_Party/FreeRTOS/Source/timers.o
 .debug_macro   0x00019328      0x17e Middlewares/Third_Party/FreeRTOS/Source/portable/GCC/ARM_CM3/port.o
 .debug_macro   0x000194a6      0x1b2 Middlewares/Third_Party/FreeRTOS/Source/portable/MemMang/heap_4.o
 .debug_macro   0x00019658      0x395 Src/main.o
 .debug_macro   0x000199ed       0xed Src/main.o
 .debug_macro   0x00019ada      0x2d0 Src/stm32f1xx_hal_msp.o
 .debug_macro   0x00019daa      0x2d0 Src/stm32f1xx_hal_timebase_TIM.o
 .debug_macro   0x0001a07a      0x39b Src/stm32f1xx_it.o
 .debug_macro   0x0001a415      0x2d6 Src/system_stm32f1xx.o

.debug_line     0x00000000     0xb307
 .debug_line    0x00000000      0x8e7 Drivers/STM32F1xx_HAL_Driver/Src/stm32f1xx_hal.o
 .debug_line    0x000008e7      0x923 Drivers/STM32F1xx_HAL_Driver/Src/stm32f1xx_hal_cortex.o
 .debug_line    0x0000120a      0x90d Drivers/STM32F1xx_HAL_Driver/Src/stm32f1xx_hal_gpio.o
 .debug_line    0x00001b17      0xc5a Drivers/STM32F1xx_HAL_Driver/Src/stm32f1xx_hal_rcc.o
 .debug_line    0x00002771     0x1613 Drivers/STM32F1xx_HAL_Driver/Src/stm32f1xx_hal_tim.o
 .debug_line    0x00003d84      0xd26 Drivers/STM32F1xx_HAL_Driver/Src/stm32f1xx_hal_tim_ex.o
 .debug_line    0x00004aaa      0xbb4 Middlewares/Third_Party/FreeRTOS/Source/CMSIS_RTOS/cmsis_os.o
 .debug_line    0x0000565e      0x58e Middlewares/Third_Party/FreeRTOS/Source/list.o
 .debug_line    0x00005bec      0xa48 Middlewares/Third_Party/FreeRTOS/Source/queue.o
 .debug_line    0x00006634      0xd34 Middlewares/Third_Party/FreeRTOS/Source/tasks.o
 .debug_line    0x00007368      0x76a Middlewares/Third_Party/FreeRTOS/Source/timers.o
 .debug_line    0x00007ad2      0x60a Middlewares/Third_Party/FreeRTOS/Source/portable/GCC/ARM_CM3/port.o
 .debug_line    0x000080dc      0x640 Middlewares/Third_Party/FreeRTOS/Source/portable/MemMang/heap_4.o
 .debug_line    0x0000871c      0xa7b Src/main.o
 .debug_line    0x00009197      0x784 Src/stm32f1xx_hal_msp.o
 .debug_line    0x0000991b      0x7b4 Src/stm32f1xx_hal_timebase_TIM.o
 .debug_line    0x0000a0cf      0xa10 Src/stm32f1xx_it.o
 .debug_line    0x0000aadf      0x7ab Src/system_stm32f1xx.o
 .debug_line    0x0000b28a       0x7d startup/startup_stm32f103xb.o

.debug_str      0x00000000    0x92ef6
 .debug_str     0x00000000    0x88682 Drivers/STM32F1xx_HAL_Driver/Src/stm32f1xx_hal.o
                              0x88b1f (size before relaxing)
 .debug_str     0x00088682      0x2c6 Drivers/STM32F1xx_HAL_Driver/Src/stm32f1xx_hal_cortex.o
                              0x88b1d (size before relaxing)
 .debug_str     0x00088948      0x459 Drivers/STM32F1xx_HAL_Driver/Src/stm32f1xx_hal_gpio.o
                              0x88902 (size before relaxing)
 .debug_str     0x00088da1      0x3e2 Drivers/STM32F1xx_HAL_Driver/Src/stm32f1xx_hal_rcc.o
                              0x8896d (size before relaxing)
 .debug_str     0x00089183     0x104b Drivers/STM32F1xx_HAL_Driver/Src/stm32f1xx_hal_tim.o
                              0x89583 (size before relaxing)
 .debug_str     0x0008a1ce      0x4d0 Drivers/STM32F1xx_HAL_Driver/Src/stm32f1xx_hal_tim_ex.o
                              0x88e1d (size before relaxing)
 .debug_str     0x0008a69e     0x61d7 Middlewares/Third_Party/FreeRTOS/Source/CMSIS_RTOS/cmsis_os.o
                               0xc215 (size before relaxing)
 .debug_str     0x00090875      0x22a Middlewares/Third_Party/FreeRTOS/Source/list.o
                               0x8f82 (size before relaxing)
 .debug_str     0x00090a9f      0x73c Middlewares/Third_Party/FreeRTOS/Source/queue.o
                               0xa9d8 (size before relaxing)
 .debug_str     0x000911db      0xd4e Middlewares/Third_Party/FreeRTOS/Source/tasks.o
                               0xaff8 (size before relaxing)
 .debug_str     0x00091f29      0x398 Middlewares/Third_Party/FreeRTOS/Source/timers.o
                               0xae49 (size before relaxing)
 .debug_str     0x000922c1      0x63d Middlewares/Third_Party/FreeRTOS/Source/portable/GCC/ARM_CM3/port.o
                               0x75d1 (size before relaxing)
 .debug_str     0x000928fe      0x23a Middlewares/Third_Party/FreeRTOS/Source/portable/MemMang/heap_4.o
                               0x986c (size before relaxing)
 .debug_str     0x00092b38      0x234 Src/main.o
                              0x8e91b (size before relaxing)
 .debug_str     0x00092d6c       0x1b Src/stm32f1xx_hal_msp.o
                              0x88793 (size before relaxing)
 .debug_str     0x00092d87       0x61 Src/stm32f1xx_hal_timebase_TIM.o
                              0x88c48 (size before relaxing)
 .debug_str     0x00092de8       0xad Src/stm32f1xx_it.o
                              0x8df6c (size before relaxing)
 .debug_str     0x00092e95       0x61 Src/system_stm32f1xx.o
                              0x88533 (size before relaxing)

.comment        0x00000000       0x6e
 .comment       0x00000000       0x6e Drivers/STM32F1xx_HAL_Driver/Src/stm32f1xx_hal.o
                                 0x6f (size before relaxing)
 .comment       0x0000006e       0x6f Drivers/STM32F1xx_HAL_Driver/Src/stm32f1xx_hal_cortex.o
 .comment       0x0000006e       0x6f Drivers/STM32F1xx_HAL_Driver/Src/stm32f1xx_hal_gpio.o
 .comment       0x0000006e       0x6f Drivers/STM32F1xx_HAL_Driver/Src/stm32f1xx_hal_rcc.o
 .comment       0x0000006e       0x6f Drivers/STM32F1xx_HAL_Driver/Src/stm32f1xx_hal_tim.o
 .comment       0x0000006e       0x6f Drivers/STM32F1xx_HAL_Driver/Src/stm32f1xx_hal_tim_ex.o
 .comment       0x0000006e       0x6f Middlewares/Third_Party/FreeRTOS/Source/CMSIS_RTOS/cmsis_os.o
 .comment       0x0000006e       0x6f Middlewares/Third_Party/FreeRTOS/Source/list.o
 .comment       0x0000006e       0x6f Middlewares/Third_Party/FreeRTOS/Source/queue.o
 .comment       0x0000006e       0x6f Middlewares/Third_Party/FreeRTOS/Source/tasks.o
 .comment       0x0000006e       0x6f Middlewares/Third_Party/FreeRTOS/Source/timers.o
 .comment       0x0000006e       0x6f Middlewares/Third_Party/FreeRTOS/Source/portable/GCC/ARM_CM3/port.o
 .comment       0x0000006e       0x6f Middlewares/Third_Party/FreeRTOS/Source/portable/MemMang/heap_4.o
 .comment       0x0000006e       0x6f Src/main.o
 .comment       0x0000006e       0x6f Src/stm32f1xx_hal_msp.o
 .comment       0x0000006e       0x6f Src/stm32f1xx_hal_timebase_TIM.o
 .comment       0x0000006e       0x6f Src/stm32f1xx_it.o
 .comment       0x0000006e       0x6f Src/system_stm32f1xx.o
