14:40:21 **** Clean-only build of configuration Debug for project freeRTOS ****
make clean 
rm -rf *
 
14:40:22 **** Build of configuration Debug for project freeRTOS ****
make all 
Building file: ../startup/startup_stm32f103xb.s
Invoking: MCU GCC Assembler
C:\Users\user1\Desktop\freeRtos\freeRTOS\Debug
arm-none-eabi-as -mcpu=cortex-m3 -mthumb -mfloat-abi=soft -g -o "startup/startup_stm32f103xb.o" "../startup/startup_stm32f103xb.s"
Finished building: ../startup/startup_stm32f103xb.s
 
Building file: ../Src/freertos.c
Invoking: MCU GCC Compiler
C:\Users\user1\Desktop\freeRtos\freeRTOS\Debug
arm-none-eabi-gcc -mcpu=cortex-m3 -mthumb -mfloat-abi=soft '-D__weak=__attribute__((weak))' '-D__packed=__attribute__((__packed__))' -DUSE_HAL_DRIVER -DSTM32F103xB -I"C:/Users/user1/Desktop/freeRtos/freeRTOS/Inc" -I"C:/Users/user1/Desktop/freeRtos/freeRTOS/Drivers/STM32F1xx_HAL_Driver/Inc" -I"C:/Users/user1/Desktop/freeRtos/freeRTOS/Drivers/STM32F1xx_HAL_Driver/Inc/Legacy" -I"C:/Users/user1/Desktop/freeRtos/freeRTOS/Drivers/CMSIS/Device/ST/STM32F1xx/Include" -I"C:/Users/user1/Desktop/freeRtos/freeRTOS/Drivers/CMSIS/Include" -I"C:/Users/user1/Desktop/freeRtos/freeRTOS/Inc" -I"C:/Users/user1/Desktop/freeRtos/freeRTOS/Middlewares/Third_Party/FreeRTOS/Source/portable/GCC/ARM_CM3" -I"C:/Users/user1/Desktop/freeRtos/freeRTOS/Middlewares/Third_Party/FreeRTOS/Source/include" -I"C:/Users/user1/Desktop/freeRtos/freeRTOS/Middlewares/Third_Party/FreeRTOS/Source/CMSIS_RTOS"  -Og -g3 -Wall -fmessage-length=0 -ffunction-sections -c -fmessage-length=0 -MMD -MP -MF"Src/freertos.d" -MT"Src/freertos.o" -o "Src/freertos.o" "../Src/freertos.c"
Finished building: ../Src/freertos.c
 
Building file: ../Src/main.c
Invoking: MCU GCC Compiler
C:\Users\user1\Desktop\freeRtos\freeRTOS\Debug
arm-none-eabi-gcc -mcpu=cortex-m3 -mthumb -mfloat-abi=soft '-D__weak=__attribute__((weak))' '-D__packed=__attribute__((__packed__))' -DUSE_HAL_DRIVER -DSTM32F103xB -I"C:/Users/user1/Desktop/freeRtos/freeRTOS/Inc" -I"C:/Users/user1/Desktop/freeRtos/freeRTOS/Drivers/STM32F1xx_HAL_Driver/Inc" -I"C:/Users/user1/Desktop/freeRtos/freeRTOS/Drivers/STM32F1xx_HAL_Driver/Inc/Legacy" -I"C:/Users/user1/Desktop/freeRtos/freeRTOS/Drivers/CMSIS/Device/ST/STM32F1xx/Include" -I"C:/Users/user1/Desktop/freeRtos/freeRTOS/Drivers/CMSIS/Include" -I"C:/Users/user1/Desktop/freeRtos/freeRTOS/Inc" -I"C:/Users/user1/Desktop/freeRtos/freeRTOS/Middlewares/Third_Party/FreeRTOS/Source/portable/GCC/ARM_CM3" -I"C:/Users/user1/Desktop/freeRtos/freeRTOS/Middlewares/Third_Party/FreeRTOS/Source/include" -I"C:/Users/user1/Desktop/freeRtos/freeRTOS/Middlewares/Third_Party/FreeRTOS/Source/CMSIS_RTOS"  -Og -g3 -Wall -fmessage-length=0 -ffunction-sections -c -fmessage-length=0 -MMD -MP -MF"Src/main.d" -MT"Src/main.o" -o "Src/main.o" "../Src/main.c"
Finished building: ../Src/main.c
 
Building file: ../Src/stm32f1xx_hal_msp.c
Invoking: MCU GCC Compiler
C:\Users\user1\Desktop\freeRtos\freeRTOS\Debug
arm-none-eabi-gcc -mcpu=cortex-m3 -mthumb -mfloat-abi=soft '-D__weak=__attribute__((weak))' '-D__packed=__attribute__((__packed__))' -DUSE_HAL_DRIVER -DSTM32F103xB -I"C:/Users/user1/Desktop/freeRtos/freeRTOS/Inc" -I"C:/Users/user1/Desktop/freeRtos/freeRTOS/Drivers/STM32F1xx_HAL_Driver/Inc" -I"C:/Users/user1/Desktop/freeRtos/freeRTOS/Drivers/STM32F1xx_HAL_Driver/Inc/Legacy" -I"C:/Users/user1/Desktop/freeRtos/freeRTOS/Drivers/CMSIS/Device/ST/STM32F1xx/Include" -I"C:/Users/user1/Desktop/freeRtos/freeRTOS/Drivers/CMSIS/Include" -I"C:/Users/user1/Desktop/freeRtos/freeRTOS/Inc" -I"C:/Users/user1/Desktop/freeRtos/freeRTOS/Middlewares/Third_Party/FreeRTOS/Source/portable/GCC/ARM_CM3" -I"C:/Users/user1/Desktop/freeRtos/freeRTOS/Middlewares/Third_Party/FreeRTOS/Source/include" -I"C:/Users/user1/Desktop/freeRtos/freeRTOS/Middlewares/Third_Party/FreeRTOS/Source/CMSIS_RTOS"  -Og -g3 -Wall -fmessage-length=0 -ffunction-sections -c -fmessage-length=0 -MMD -MP -MF"Src/stm32f1xx_hal_msp.d" -MT"Src/stm32f1xx_hal_msp.o" -o "Src/stm32f1xx_hal_msp.o" "../Src/stm32f1xx_hal_msp.c"
Finished building: ../Src/stm32f1xx_hal_msp.c
 
Building file: ../Src/stm32f1xx_hal_timebase_TIM.c
Invoking: MCU GCC Compiler
C:\Users\user1\Desktop\freeRtos\freeRTOS\Debug
arm-none-eabi-gcc -mcpu=cortex-m3 -mthumb -mfloat-abi=soft '-D__weak=__attribute__((weak))' '-D__packed=__attribute__((__packed__))' -DUSE_HAL_DRIVER -DSTM32F103xB -I"C:/Users/user1/Desktop/freeRtos/freeRTOS/Inc" -I"C:/Users/user1/Desktop/freeRtos/freeRTOS/Drivers/STM32F1xx_HAL_Driver/Inc" -I"C:/Users/user1/Desktop/freeRtos/freeRTOS/Drivers/STM32F1xx_HAL_Driver/Inc/Legacy" -I"C:/Users/user1/Desktop/freeRtos/freeRTOS/Drivers/CMSIS/Device/ST/STM32F1xx/Include" -I"C:/Users/user1/Desktop/freeRtos/freeRTOS/Drivers/CMSIS/Include" -I"C:/Users/user1/Desktop/freeRtos/freeRTOS/Inc" -I"C:/Users/user1/Desktop/freeRtos/freeRTOS/Middlewares/Third_Party/FreeRTOS/Source/portable/GCC/ARM_CM3" -I"C:/Users/user1/Desktop/freeRtos/freeRTOS/Middlewares/Third_Party/FreeRTOS/Source/include" -I"C:/Users/user1/Desktop/freeRtos/freeRTOS/Middlewares/Third_Party/FreeRTOS/Source/CMSIS_RTOS"  -Og -g3 -Wall -fmessage-length=0 -ffunction-sections -c -fmessage-length=0 -MMD -MP -MF"Src/stm32f1xx_hal_timebase_TIM.d" -MT"Src/stm32f1xx_hal_timebase_TIM.o" -o "Src/stm32f1xx_hal_timebase_TIM.o" "../Src/stm32f1xx_hal_timebase_TIM.c"
Finished building: ../Src/stm32f1xx_hal_timebase_TIM.c
 
Building file: ../Src/stm32f1xx_it.c
Invoking: MCU GCC Compiler
C:\Users\user1\Desktop\freeRtos\freeRTOS\Debug
arm-none-eabi-gcc -mcpu=cortex-m3 -mthumb -mfloat-abi=soft '-D__weak=__attribute__((weak))' '-D__packed=__attribute__((__packed__))' -DUSE_HAL_DRIVER -DSTM32F103xB -I"C:/Users/user1/Desktop/freeRtos/freeRTOS/Inc" -I"C:/Users/user1/Desktop/freeRtos/freeRTOS/Drivers/STM32F1xx_HAL_Driver/Inc" -I"C:/Users/user1/Desktop/freeRtos/freeRTOS/Drivers/STM32F1xx_HAL_Driver/Inc/Legacy" -I"C:/Users/user1/Desktop/freeRtos/freeRTOS/Drivers/CMSIS/Device/ST/STM32F1xx/Include" -I"C:/Users/user1/Desktop/freeRtos/freeRTOS/Drivers/CMSIS/Include" -I"C:/Users/user1/Desktop/freeRtos/freeRTOS/Inc" -I"C:/Users/user1/Desktop/freeRtos/freeRTOS/Middlewares/Third_Party/FreeRTOS/Source/portable/GCC/ARM_CM3" -I"C:/Users/user1/Desktop/freeRtos/freeRTOS/Middlewares/Third_Party/FreeRTOS/Source/include" -I"C:/Users/user1/Desktop/freeRtos/freeRTOS/Middlewares/Third_Party/FreeRTOS/Source/CMSIS_RTOS"  -Og -g3 -Wall -fmessage-length=0 -ffunction-sections -c -fmessage-length=0 -MMD -MP -MF"Src/stm32f1xx_it.d" -MT"Src/stm32f1xx_it.o" -o "Src/stm32f1xx_it.o" "../Src/stm32f1xx_it.c"
Finished building: ../Src/stm32f1xx_it.c
 
Building file: ../Src/system_stm32f1xx.c
Invoking: MCU GCC Compiler
C:\Users\user1\Desktop\freeRtos\freeRTOS\Debug
arm-none-eabi-gcc -mcpu=cortex-m3 -mthumb -mfloat-abi=soft '-D__weak=__attribute__((weak))' '-D__packed=__attribute__((__packed__))' -DUSE_HAL_DRIVER -DSTM32F103xB -I"C:/Users/user1/Desktop/freeRtos/freeRTOS/Inc" -I"C:/Users/user1/Desktop/freeRtos/freeRTOS/Drivers/STM32F1xx_HAL_Driver/Inc" -I"C:/Users/user1/Desktop/freeRtos/freeRTOS/Drivers/STM32F1xx_HAL_Driver/Inc/Legacy" -I"C:/Users/user1/Desktop/freeRtos/freeRTOS/Drivers/CMSIS/Device/ST/STM32F1xx/Include" -I"C:/Users/user1/Desktop/freeRtos/freeRTOS/Drivers/CMSIS/Include" -I"C:/Users/user1/Desktop/freeRtos/freeRTOS/Inc" -I"C:/Users/user1/Desktop/freeRtos/freeRTOS/Middlewares/Third_Party/FreeRTOS/Source/portable/GCC/ARM_CM3" -I"C:/Users/user1/Desktop/freeRtos/freeRTOS/Middlewares/Third_Party/FreeRTOS/Source/include" -I"C:/Users/user1/Desktop/freeRtos/freeRTOS/Middlewares/Third_Party/FreeRTOS/Source/CMSIS_RTOS"  -Og -g3 -Wall -fmessage-length=0 -ffunction-sections -c -fmessage-length=0 -MMD -MP -MF"Src/system_stm32f1xx.d" -MT"Src/system_stm32f1xx.o" -o "Src/system_stm32f1xx.o" "../Src/system_stm32f1xx.c"
Finished building: ../Src/system_stm32f1xx.c
 
Building file: ../Middlewares/Third_Party/FreeRTOS/Source/portable/MemMang/heap_4.c
Invoking: MCU GCC Compiler
C:\Users\user1\Desktop\freeRtos\freeRTOS\Debug
arm-none-eabi-gcc -mcpu=cortex-m3 -mthumb -mfloat-abi=soft '-D__weak=__attribute__((weak))' '-D__packed=__attribute__((__packed__))' -DUSE_HAL_DRIVER -DSTM32F103xB -I"C:/Users/user1/Desktop/freeRtos/freeRTOS/Inc" -I"C:/Users/user1/Desktop/freeRtos/freeRTOS/Drivers/STM32F1xx_HAL_Driver/Inc" -I"C:/Users/user1/Desktop/freeRtos/freeRTOS/Drivers/STM32F1xx_HAL_Driver/Inc/Legacy" -I"C:/Users/user1/Desktop/freeRtos/freeRTOS/Drivers/CMSIS/Device/ST/STM32F1xx/Include" -I"C:/Users/user1/Desktop/freeRtos/freeRTOS/Drivers/CMSIS/Include" -I"C:/Users/user1/Desktop/freeRtos/freeRTOS/Inc" -I"C:/Users/user1/Desktop/freeRtos/freeRTOS/Middlewares/Third_Party/FreeRTOS/Source/portable/GCC/ARM_CM3" -I"C:/Users/user1/Desktop/freeRtos/freeRTOS/Middlewares/Third_Party/FreeRTOS/Source/include" -I"C:/Users/user1/Desktop/freeRtos/freeRTOS/Middlewares/Third_Party/FreeRTOS/Source/CMSIS_RTOS"  -Og -g3 -Wall -fmessage-length=0 -ffunction-sections -c -fmessage-length=0 -MMD -MP -MF"Middlewares/Third_Party/FreeRTOS/Source/portable/MemMang/heap_4.d" -MT"Middlewares/Third_Party/FreeRTOS/Source/portable/MemMang/heap_4.o" -o "Middlewares/Third_Party/FreeRTOS/Source/portable/MemMang/heap_4.o" "../Middlewares/Third_Party/FreeRTOS/Source/portable/MemMang/heap_4.c"
Finished building: ../Middlewares/Third_Party/FreeRTOS/Source/portable/MemMang/heap_4.c
 
Building file: ../Middlewares/Third_Party/FreeRTOS/Source/portable/GCC/ARM_CM3/port.c
Invoking: MCU GCC Compiler
C:\Users\user1\Desktop\freeRtos\freeRTOS\Debug
arm-none-eabi-gcc -mcpu=cortex-m3 -mthumb -mfloat-abi=soft '-D__weak=__attribute__((weak))' '-D__packed=__attribute__((__packed__))' -DUSE_HAL_DRIVER -DSTM32F103xB -I"C:/Users/user1/Desktop/freeRtos/freeRTOS/Inc" -I"C:/Users/user1/Desktop/freeRtos/freeRTOS/Drivers/STM32F1xx_HAL_Driver/Inc" -I"C:/Users/user1/Desktop/freeRtos/freeRTOS/Drivers/STM32F1xx_HAL_Driver/Inc/Legacy" -I"C:/Users/user1/Desktop/freeRtos/freeRTOS/Drivers/CMSIS/Device/ST/STM32F1xx/Include" -I"C:/Users/user1/Desktop/freeRtos/freeRTOS/Drivers/CMSIS/Include" -I"C:/Users/user1/Desktop/freeRtos/freeRTOS/Inc" -I"C:/Users/user1/Desktop/freeRtos/freeRTOS/Middlewares/Third_Party/FreeRTOS/Source/portable/GCC/ARM_CM3" -I"C:/Users/user1/Desktop/freeRtos/freeRTOS/Middlewares/Third_Party/FreeRTOS/Source/include" -I"C:/Users/user1/Desktop/freeRtos/freeRTOS/Middlewares/Third_Party/FreeRTOS/Source/CMSIS_RTOS"  -Og -g3 -Wall -fmessage-length=0 -ffunction-sections -c -fmessage-length=0 -MMD -MP -MF"Middlewares/Third_Party/FreeRTOS/Source/portable/GCC/ARM_CM3/port.d" -MT"Middlewares/Third_Party/FreeRTOS/Source/portable/GCC/ARM_CM3/port.o" -o "Middlewares/Third_Party/FreeRTOS/Source/portable/GCC/ARM_CM3/port.o" "../Middlewares/Third_Party/FreeRTOS/Source/portable/GCC/ARM_CM3/port.c"
Finished building: ../Middlewares/Third_Party/FreeRTOS/Source/portable/GCC/ARM_CM3/port.c
 
Building file: ../Middlewares/Third_Party/FreeRTOS/Source/CMSIS_RTOS/cmsis_os.c
Invoking: MCU GCC Compiler
C:\Users\user1\Desktop\freeRtos\freeRTOS\Debug
arm-none-eabi-gcc -mcpu=cortex-m3 -mthumb -mfloat-abi=soft '-D__weak=__attribute__((weak))' '-D__packed=__attribute__((__packed__))' -DUSE_HAL_DRIVER -DSTM32F103xB -I"C:/Users/user1/Desktop/freeRtos/freeRTOS/Inc" -I"C:/Users/user1/Desktop/freeRtos/freeRTOS/Drivers/STM32F1xx_HAL_Driver/Inc" -I"C:/Users/user1/Desktop/freeRtos/freeRTOS/Drivers/STM32F1xx_HAL_Driver/Inc/Legacy" -I"C:/Users/user1/Desktop/freeRtos/freeRTOS/Drivers/CMSIS/Device/ST/STM32F1xx/Include" -I"C:/Users/user1/Desktop/freeRtos/freeRTOS/Drivers/CMSIS/Include" -I"C:/Users/user1/Desktop/freeRtos/freeRTOS/Inc" -I"C:/Users/user1/Desktop/freeRtos/freeRTOS/Middlewares/Third_Party/FreeRTOS/Source/portable/GCC/ARM_CM3" -I"C:/Users/user1/Desktop/freeRtos/freeRTOS/Middlewares/Third_Party/FreeRTOS/Source/include" -I"C:/Users/user1/Desktop/freeRtos/freeRTOS/Middlewares/Third_Party/FreeRTOS/Source/CMSIS_RTOS"  -Og -g3 -Wall -fmessage-length=0 -ffunction-sections -c -fmessage-length=0 -MMD -MP -MF"Middlewares/Third_Party/FreeRTOS/Source/CMSIS_RTOS/cmsis_os.d" -MT"Middlewares/Third_Party/FreeRTOS/Source/CMSIS_RTOS/cmsis_os.o" -o "Middlewares/Third_Party/FreeRTOS/Source/CMSIS_RTOS/cmsis_os.o" "../Middlewares/Third_Party/FreeRTOS/Source/CMSIS_RTOS/cmsis_os.c"
Finished building: ../Middlewares/Third_Party/FreeRTOS/Source/CMSIS_RTOS/cmsis_os.c
 
Building file: ../Middlewares/Third_Party/FreeRTOS/Source/croutine.c
Invoking: MCU GCC Compiler
C:\Users\user1\Desktop\freeRtos\freeRTOS\Debug
arm-none-eabi-gcc -mcpu=cortex-m3 -mthumb -mfloat-abi=soft '-D__weak=__attribute__((weak))' '-D__packed=__attribute__((__packed__))' -DUSE_HAL_DRIVER -DSTM32F103xB -I"C:/Users/user1/Desktop/freeRtos/freeRTOS/Inc" -I"C:/Users/user1/Desktop/freeRtos/freeRTOS/Drivers/STM32F1xx_HAL_Driver/Inc" -I"C:/Users/user1/Desktop/freeRtos/freeRTOS/Drivers/STM32F1xx_HAL_Driver/Inc/Legacy" -I"C:/Users/user1/Desktop/freeRtos/freeRTOS/Drivers/CMSIS/Device/ST/STM32F1xx/Include" -I"C:/Users/user1/Desktop/freeRtos/freeRTOS/Drivers/CMSIS/Include" -I"C:/Users/user1/Desktop/freeRtos/freeRTOS/Inc" -I"C:/Users/user1/Desktop/freeRtos/freeRTOS/Middlewares/Third_Party/FreeRTOS/Source/portable/GCC/ARM_CM3" -I"C:/Users/user1/Desktop/freeRtos/freeRTOS/Middlewares/Third_Party/FreeRTOS/Source/include" -I"C:/Users/user1/Desktop/freeRtos/freeRTOS/Middlewares/Third_Party/FreeRTOS/Source/CMSIS_RTOS"  -Og -g3 -Wall -fmessage-length=0 -ffunction-sections -c -fmessage-length=0 -MMD -MP -MF"Middlewares/Third_Party/FreeRTOS/Source/croutine.d" -MT"Middlewares/Third_Party/FreeRTOS/Source/croutine.o" -o "Middlewares/Third_Party/FreeRTOS/Source/croutine.o" "../Middlewares/Third_Party/FreeRTOS/Source/croutine.c"
Finished building: ../Middlewares/Third_Party/FreeRTOS/Source/croutine.c
 
Building file: ../Middlewares/Third_Party/FreeRTOS/Source/event_groups.c
Invoking: MCU GCC Compiler
C:\Users\user1\Desktop\freeRtos\freeRTOS\Debug
arm-none-eabi-gcc -mcpu=cortex-m3 -mthumb -mfloat-abi=soft '-D__weak=__attribute__((weak))' '-D__packed=__attribute__((__packed__))' -DUSE_HAL_DRIVER -DSTM32F103xB -I"C:/Users/user1/Desktop/freeRtos/freeRTOS/Inc" -I"C:/Users/user1/Desktop/freeRtos/freeRTOS/Drivers/STM32F1xx_HAL_Driver/Inc" -I"C:/Users/user1/Desktop/freeRtos/freeRTOS/Drivers/STM32F1xx_HAL_Driver/Inc/Legacy" -I"C:/Users/user1/Desktop/freeRtos/freeRTOS/Drivers/CMSIS/Device/ST/STM32F1xx/Include" -I"C:/Users/user1/Desktop/freeRtos/freeRTOS/Drivers/CMSIS/Include" -I"C:/Users/user1/Desktop/freeRtos/freeRTOS/Inc" -I"C:/Users/user1/Desktop/freeRtos/freeRTOS/Middlewares/Third_Party/FreeRTOS/Source/portable/GCC/ARM_CM3" -I"C:/Users/user1/Desktop/freeRtos/freeRTOS/Middlewares/Third_Party/FreeRTOS/Source/include" -I"C:/Users/user1/Desktop/freeRtos/freeRTOS/Middlewares/Third_Party/FreeRTOS/Source/CMSIS_RTOS"  -Og -g3 -Wall -fmessage-length=0 -ffunction-sections -c -fmessage-length=0 -MMD -MP -MF"Middlewares/Third_Party/FreeRTOS/Source/event_groups.d" -MT"Middlewares/Third_Party/FreeRTOS/Source/event_groups.o" -o "Middlewares/Third_Party/FreeRTOS/Source/event_groups.o" "../Middlewares/Third_Party/FreeRTOS/Source/event_groups.c"
Finished building: ../Middlewares/Third_Party/FreeRTOS/Source/event_groups.c
 
Building file: ../Middlewares/Third_Party/FreeRTOS/Source/list.c
Invoking: MCU GCC Compiler
C:\Users\user1\Desktop\freeRtos\freeRTOS\Debug
arm-none-eabi-gcc -mcpu=cortex-m3 -mthumb -mfloat-abi=soft '-D__weak=__attribute__((weak))' '-D__packed=__attribute__((__packed__))' -DUSE_HAL_DRIVER -DSTM32F103xB -I"C:/Users/user1/Desktop/freeRtos/freeRTOS/Inc" -I"C:/Users/user1/Desktop/freeRtos/freeRTOS/Drivers/STM32F1xx_HAL_Driver/Inc" -I"C:/Users/user1/Desktop/freeRtos/freeRTOS/Drivers/STM32F1xx_HAL_Driver/Inc/Legacy" -I"C:/Users/user1/Desktop/freeRtos/freeRTOS/Drivers/CMSIS/Device/ST/STM32F1xx/Include" -I"C:/Users/user1/Desktop/freeRtos/freeRTOS/Drivers/CMSIS/Include" -I"C:/Users/user1/Desktop/freeRtos/freeRTOS/Inc" -I"C:/Users/user1/Desktop/freeRtos/freeRTOS/Middlewares/Third_Party/FreeRTOS/Source/portable/GCC/ARM_CM3" -I"C:/Users/user1/Desktop/freeRtos/freeRTOS/Middlewares/Third_Party/FreeRTOS/Source/include" -I"C:/Users/user1/Desktop/freeRtos/freeRTOS/Middlewares/Third_Party/FreeRTOS/Source/CMSIS_RTOS"  -Og -g3 -Wall -fmessage-length=0 -ffunction-sections -c -fmessage-length=0 -MMD -MP -MF"Middlewares/Third_Party/FreeRTOS/Source/list.d" -MT"Middlewares/Third_Party/FreeRTOS/Source/list.o" -o "Middlewares/Third_Party/FreeRTOS/Source/list.o" "../Middlewares/Third_Party/FreeRTOS/Source/list.c"
Finished building: ../Middlewares/Third_Party/FreeRTOS/Source/list.c
 
Building file: ../Middlewares/Third_Party/FreeRTOS/Source/queue.c
Invoking: MCU GCC Compiler
C:\Users\user1\Desktop\freeRtos\freeRTOS\Debug
arm-none-eabi-gcc -mcpu=cortex-m3 -mthumb -mfloat-abi=soft '-D__weak=__attribute__((weak))' '-D__packed=__attribute__((__packed__))' -DUSE_HAL_DRIVER -DSTM32F103xB -I"C:/Users/user1/Desktop/freeRtos/freeRTOS/Inc" -I"C:/Users/user1/Desktop/freeRtos/freeRTOS/Drivers/STM32F1xx_HAL_Driver/Inc" -I"C:/Users/user1/Desktop/freeRtos/freeRTOS/Drivers/STM32F1xx_HAL_Driver/Inc/Legacy" -I"C:/Users/user1/Desktop/freeRtos/freeRTOS/Drivers/CMSIS/Device/ST/STM32F1xx/Include" -I"C:/Users/user1/Desktop/freeRtos/freeRTOS/Drivers/CMSIS/Include" -I"C:/Users/user1/Desktop/freeRtos/freeRTOS/Inc" -I"C:/Users/user1/Desktop/freeRtos/freeRTOS/Middlewares/Third_Party/FreeRTOS/Source/portable/GCC/ARM_CM3" -I"C:/Users/user1/Desktop/freeRtos/freeRTOS/Middlewares/Third_Party/FreeRTOS/Source/include" -I"C:/Users/user1/Desktop/freeRtos/freeRTOS/Middlewares/Third_Party/FreeRTOS/Source/CMSIS_RTOS"  -Og -g3 -Wall -fmessage-length=0 -ffunction-sections -c -fmessage-length=0 -MMD -MP -MF"Middlewares/Third_Party/FreeRTOS/Source/queue.d" -MT"Middlewares/Third_Party/FreeRTOS/Source/queue.o" -o "Middlewares/Third_Party/FreeRTOS/Source/queue.o" "../Middlewares/Third_Party/FreeRTOS/Source/queue.c"
Finished building: ../Middlewares/Third_Party/FreeRTOS/Source/queue.c
 
Building file: ../Middlewares/Third_Party/FreeRTOS/Source/tasks.c
Invoking: MCU GCC Compiler
C:\Users\user1\Desktop\freeRtos\freeRTOS\Debug
arm-none-eabi-gcc -mcpu=cortex-m3 -mthumb -mfloat-abi=soft '-D__weak=__attribute__((weak))' '-D__packed=__attribute__((__packed__))' -DUSE_HAL_DRIVER -DSTM32F103xB -I"C:/Users/user1/Desktop/freeRtos/freeRTOS/Inc" -I"C:/Users/user1/Desktop/freeRtos/freeRTOS/Drivers/STM32F1xx_HAL_Driver/Inc" -I"C:/Users/user1/Desktop/freeRtos/freeRTOS/Drivers/STM32F1xx_HAL_Driver/Inc/Legacy" -I"C:/Users/user1/Desktop/freeRtos/freeRTOS/Drivers/CMSIS/Device/ST/STM32F1xx/Include" -I"C:/Users/user1/Desktop/freeRtos/freeRTOS/Drivers/CMSIS/Include" -I"C:/Users/user1/Desktop/freeRtos/freeRTOS/Inc" -I"C:/Users/user1/Desktop/freeRtos/freeRTOS/Middlewares/Third_Party/FreeRTOS/Source/portable/GCC/ARM_CM3" -I"C:/Users/user1/Desktop/freeRtos/freeRTOS/Middlewares/Third_Party/FreeRTOS/Source/include" -I"C:/Users/user1/Desktop/freeRtos/freeRTOS/Middlewares/Third_Party/FreeRTOS/Source/CMSIS_RTOS"  -Og -g3 -Wall -fmessage-length=0 -ffunction-sections -c -fmessage-length=0 -MMD -MP -MF"Middlewares/Third_Party/FreeRTOS/Source/tasks.d" -MT"Middlewares/Third_Party/FreeRTOS/Source/tasks.o" -o "Middlewares/Third_Party/FreeRTOS/Source/tasks.o" "../Middlewares/Third_Party/FreeRTOS/Source/tasks.c"
Finished building: ../Middlewares/Third_Party/FreeRTOS/Source/tasks.c
 
Building file: ../Middlewares/Third_Party/FreeRTOS/Source/timers.c
Invoking: MCU GCC Compiler
C:\Users\user1\Desktop\freeRtos\freeRTOS\Debug
arm-none-eabi-gcc -mcpu=cortex-m3 -mthumb -mfloat-abi=soft '-D__weak=__attribute__((weak))' '-D__packed=__attribute__((__packed__))' -DUSE_HAL_DRIVER -DSTM32F103xB -I"C:/Users/user1/Desktop/freeRtos/freeRTOS/Inc" -I"C:/Users/user1/Desktop/freeRtos/freeRTOS/Drivers/STM32F1xx_HAL_Driver/Inc" -I"C:/Users/user1/Desktop/freeRtos/freeRTOS/Drivers/STM32F1xx_HAL_Driver/Inc/Legacy" -I"C:/Users/user1/Desktop/freeRtos/freeRTOS/Drivers/CMSIS/Device/ST/STM32F1xx/Include" -I"C:/Users/user1/Desktop/freeRtos/freeRTOS/Drivers/CMSIS/Include" -I"C:/Users/user1/Desktop/freeRtos/freeRTOS/Inc" -I"C:/Users/user1/Desktop/freeRtos/freeRTOS/Middlewares/Third_Party/FreeRTOS/Source/portable/GCC/ARM_CM3" -I"C:/Users/user1/Desktop/freeRtos/freeRTOS/Middlewares/Third_Party/FreeRTOS/Source/include" -I"C:/Users/user1/Desktop/freeRtos/freeRTOS/Middlewares/Third_Party/FreeRTOS/Source/CMSIS_RTOS"  -Og -g3 -Wall -fmessage-length=0 -ffunction-sections -c -fmessage-length=0 -MMD -MP -MF"Middlewares/Third_Party/FreeRTOS/Source/timers.d" -MT"Middlewares/Third_Party/FreeRTOS/Source/timers.o" -o "Middlewares/Third_Party/FreeRTOS/Source/timers.o" "../Middlewares/Third_Party/FreeRTOS/Source/timers.c"
Finished building: ../Middlewares/Third_Party/FreeRTOS/Source/timers.c
 
Building file: ../Drivers/STM32F1xx_HAL_Driver/Src/stm32f1xx_hal.c
Invoking: MCU GCC Compiler
C:\Users\user1\Desktop\freeRtos\freeRTOS\Debug
arm-none-eabi-gcc -mcpu=cortex-m3 -mthumb -mfloat-abi=soft '-D__weak=__attribute__((weak))' '-D__packed=__attribute__((__packed__))' -DUSE_HAL_DRIVER -DSTM32F103xB -I"C:/Users/user1/Desktop/freeRtos/freeRTOS/Inc" -I"C:/Users/user1/Desktop/freeRtos/freeRTOS/Drivers/STM32F1xx_HAL_Driver/Inc" -I"C:/Users/user1/Desktop/freeRtos/freeRTOS/Drivers/STM32F1xx_HAL_Driver/Inc/Legacy" -I"C:/Users/user1/Desktop/freeRtos/freeRTOS/Drivers/CMSIS/Device/ST/STM32F1xx/Include" -I"C:/Users/user1/Desktop/freeRtos/freeRTOS/Drivers/CMSIS/Include" -I"C:/Users/user1/Desktop/freeRtos/freeRTOS/Inc" -I"C:/Users/user1/Desktop/freeRtos/freeRTOS/Middlewares/Third_Party/FreeRTOS/Source/portable/GCC/ARM_CM3" -I"C:/Users/user1/Desktop/freeRtos/freeRTOS/Middlewares/Third_Party/FreeRTOS/Source/include" -I"C:/Users/user1/Desktop/freeRtos/freeRTOS/Middlewares/Third_Party/FreeRTOS/Source/CMSIS_RTOS"  -Og -g3 -Wall -fmessage-length=0 -ffunction-sections -c -fmessage-length=0 -MMD -MP -MF"Drivers/STM32F1xx_HAL_Driver/Src/stm32f1xx_hal.d" -MT"Drivers/STM32F1xx_HAL_Driver/Src/stm32f1xx_hal.o" -o "Drivers/STM32F1xx_HAL_Driver/Src/stm32f1xx_hal.o" "../Drivers/STM32F1xx_HAL_Driver/Src/stm32f1xx_hal.c"
Finished building: ../Drivers/STM32F1xx_HAL_Driver/Src/stm32f1xx_hal.c
 
Building file: ../Drivers/STM32F1xx_HAL_Driver/Src/stm32f1xx_hal_cortex.c
Invoking: MCU GCC Compiler
C:\Users\user1\Desktop\freeRtos\freeRTOS\Debug
arm-none-eabi-gcc -mcpu=cortex-m3 -mthumb -mfloat-abi=soft '-D__weak=__attribute__((weak))' '-D__packed=__attribute__((__packed__))' -DUSE_HAL_DRIVER -DSTM32F103xB -I"C:/Users/user1/Desktop/freeRtos/freeRTOS/Inc" -I"C:/Users/user1/Desktop/freeRtos/freeRTOS/Drivers/STM32F1xx_HAL_Driver/Inc" -I"C:/Users/user1/Desktop/freeRtos/freeRTOS/Drivers/STM32F1xx_HAL_Driver/Inc/Legacy" -I"C:/Users/user1/Desktop/freeRtos/freeRTOS/Drivers/CMSIS/Device/ST/STM32F1xx/Include" -I"C:/Users/user1/Desktop/freeRtos/freeRTOS/Drivers/CMSIS/Include" -I"C:/Users/user1/Desktop/freeRtos/freeRTOS/Inc" -I"C:/Users/user1/Desktop/freeRtos/freeRTOS/Middlewares/Third_Party/FreeRTOS/Source/portable/GCC/ARM_CM3" -I"C:/Users/user1/Desktop/freeRtos/freeRTOS/Middlewares/Third_Party/FreeRTOS/Source/include" -I"C:/Users/user1/Desktop/freeRtos/freeRTOS/Middlewares/Third_Party/FreeRTOS/Source/CMSIS_RTOS"  -Og -g3 -Wall -fmessage-length=0 -ffunction-sections -c -fmessage-length=0 -MMD -MP -MF"Drivers/STM32F1xx_HAL_Driver/Src/stm32f1xx_hal_cortex.d" -MT"Drivers/STM32F1xx_HAL_Driver/Src/stm32f1xx_hal_cortex.o" -o "Drivers/STM32F1xx_HAL_Driver/Src/stm32f1xx_hal_cortex.o" "../Drivers/STM32F1xx_HAL_Driver/Src/stm32f1xx_hal_cortex.c"
Finished building: ../Drivers/STM32F1xx_HAL_Driver/Src/stm32f1xx_hal_cortex.c
 
Building file: ../Drivers/STM32F1xx_HAL_Driver/Src/stm32f1xx_hal_dma.c
Invoking: MCU GCC Compiler
C:\Users\user1\Desktop\freeRtos\freeRTOS\Debug
arm-none-eabi-gcc -mcpu=cortex-m3 -mthumb -mfloat-abi=soft '-D__weak=__attribute__((weak))' '-D__packed=__attribute__((__packed__))' -DUSE_HAL_DRIVER -DSTM32F103xB -I"C:/Users/user1/Desktop/freeRtos/freeRTOS/Inc" -I"C:/Users/user1/Desktop/freeRtos/freeRTOS/Drivers/STM32F1xx_HAL_Driver/Inc" -I"C:/Users/user1/Desktop/freeRtos/freeRTOS/Drivers/STM32F1xx_HAL_Driver/Inc/Legacy" -I"C:/Users/user1/Desktop/freeRtos/freeRTOS/Drivers/CMSIS/Device/ST/STM32F1xx/Include" -I"C:/Users/user1/Desktop/freeRtos/freeRTOS/Drivers/CMSIS/Include" -I"C:/Users/user1/Desktop/freeRtos/freeRTOS/Inc" -I"C:/Users/user1/Desktop/freeRtos/freeRTOS/Middlewares/Third_Party/FreeRTOS/Source/portable/GCC/ARM_CM3" -I"C:/Users/user1/Desktop/freeRtos/freeRTOS/Middlewares/Third_Party/FreeRTOS/Source/include" -I"C:/Users/user1/Desktop/freeRtos/freeRTOS/Middlewares/Third_Party/FreeRTOS/Source/CMSIS_RTOS"  -Og -g3 -Wall -fmessage-length=0 -ffunction-sections -c -fmessage-length=0 -MMD -MP -MF"Drivers/STM32F1xx_HAL_Driver/Src/stm32f1xx_hal_dma.d" -MT"Drivers/STM32F1xx_HAL_Driver/Src/stm32f1xx_hal_dma.o" -o "Drivers/STM32F1xx_HAL_Driver/Src/stm32f1xx_hal_dma.o" "../Drivers/STM32F1xx_HAL_Driver/Src/stm32f1xx_hal_dma.c"
Finished building: ../Drivers/STM32F1xx_HAL_Driver/Src/stm32f1xx_hal_dma.c
 
Building file: ../Drivers/STM32F1xx_HAL_Driver/Src/stm32f1xx_hal_flash.c
Invoking: MCU GCC Compiler
C:\Users\user1\Desktop\freeRtos\freeRTOS\Debug
arm-none-eabi-gcc -mcpu=cortex-m3 -mthumb -mfloat-abi=soft '-D__weak=__attribute__((weak))' '-D__packed=__attribute__((__packed__))' -DUSE_HAL_DRIVER -DSTM32F103xB -I"C:/Users/user1/Desktop/freeRtos/freeRTOS/Inc" -I"C:/Users/user1/Desktop/freeRtos/freeRTOS/Drivers/STM32F1xx_HAL_Driver/Inc" -I"C:/Users/user1/Desktop/freeRtos/freeRTOS/Drivers/STM32F1xx_HAL_Driver/Inc/Legacy" -I"C:/Users/user1/Desktop/freeRtos/freeRTOS/Drivers/CMSIS/Device/ST/STM32F1xx/Include" -I"C:/Users/user1/Desktop/freeRtos/freeRTOS/Drivers/CMSIS/Include" -I"C:/Users/user1/Desktop/freeRtos/freeRTOS/Inc" -I"C:/Users/user1/Desktop/freeRtos/freeRTOS/Middlewares/Third_Party/FreeRTOS/Source/portable/GCC/ARM_CM3" -I"C:/Users/user1/Desktop/freeRtos/freeRTOS/Middlewares/Third_Party/FreeRTOS/Source/include" -I"C:/Users/user1/Desktop/freeRtos/freeRTOS/Middlewares/Third_Party/FreeRTOS/Source/CMSIS_RTOS"  -Og -g3 -Wall -fmessage-length=0 -ffunction-sections -c -fmessage-length=0 -MMD -MP -MF"Drivers/STM32F1xx_HAL_Driver/Src/stm32f1xx_hal_flash.d" -MT"Drivers/STM32F1xx_HAL_Driver/Src/stm32f1xx_hal_flash.o" -o "Drivers/STM32F1xx_HAL_Driver/Src/stm32f1xx_hal_flash.o" "../Drivers/STM32F1xx_HAL_Driver/Src/stm32f1xx_hal_flash.c"
Finished building: ../Drivers/STM32F1xx_HAL_Driver/Src/stm32f1xx_hal_flash.c
 
Building file: ../Drivers/STM32F1xx_HAL_Driver/Src/stm32f1xx_hal_flash_ex.c
Invoking: MCU GCC Compiler
C:\Users\user1\Desktop\freeRtos\freeRTOS\Debug
arm-none-eabi-gcc -mcpu=cortex-m3 -mthumb -mfloat-abi=soft '-D__weak=__attribute__((weak))' '-D__packed=__attribute__((__packed__))' -DUSE_HAL_DRIVER -DSTM32F103xB -I"C:/Users/user1/Desktop/freeRtos/freeRTOS/Inc" -I"C:/Users/user1/Desktop/freeRtos/freeRTOS/Drivers/STM32F1xx_HAL_Driver/Inc" -I"C:/Users/user1/Desktop/freeRtos/freeRTOS/Drivers/STM32F1xx_HAL_Driver/Inc/Legacy" -I"C:/Users/user1/Desktop/freeRtos/freeRTOS/Drivers/CMSIS/Device/ST/STM32F1xx/Include" -I"C:/Users/user1/Desktop/freeRtos/freeRTOS/Drivers/CMSIS/Include" -I"C:/Users/user1/Desktop/freeRtos/freeRTOS/Inc" -I"C:/Users/user1/Desktop/freeRtos/freeRTOS/Middlewares/Third_Party/FreeRTOS/Source/portable/GCC/ARM_CM3" -I"C:/Users/user1/Desktop/freeRtos/freeRTOS/Middlewares/Third_Party/FreeRTOS/Source/include" -I"C:/Users/user1/Desktop/freeRtos/freeRTOS/Middlewares/Third_Party/FreeRTOS/Source/CMSIS_RTOS"  -Og -g3 -Wall -fmessage-length=0 -ffunction-sections -c -fmessage-length=0 -MMD -MP -MF"Drivers/STM32F1xx_HAL_Driver/Src/stm32f1xx_hal_flash_ex.d" -MT"Drivers/STM32F1xx_HAL_Driver/Src/stm32f1xx_hal_flash_ex.o" -o "Drivers/STM32F1xx_HAL_Driver/Src/stm32f1xx_hal_flash_ex.o" "../Drivers/STM32F1xx_HAL_Driver/Src/stm32f1xx_hal_flash_ex.c"
Finished building: ../Drivers/STM32F1xx_HAL_Driver/Src/stm32f1xx_hal_flash_ex.c
 
Building file: ../Drivers/STM32F1xx_HAL_Driver/Src/stm32f1xx_hal_gpio.c
Invoking: MCU GCC Compiler
C:\Users\user1\Desktop\freeRtos\freeRTOS\Debug
arm-none-eabi-gcc -mcpu=cortex-m3 -mthumb -mfloat-abi=soft '-D__weak=__attribute__((weak))' '-D__packed=__attribute__((__packed__))' -DUSE_HAL_DRIVER -DSTM32F103xB -I"C:/Users/user1/Desktop/freeRtos/freeRTOS/Inc" -I"C:/Users/user1/Desktop/freeRtos/freeRTOS/Drivers/STM32F1xx_HAL_Driver/Inc" -I"C:/Users/user1/Desktop/freeRtos/freeRTOS/Drivers/STM32F1xx_HAL_Driver/Inc/Legacy" -I"C:/Users/user1/Desktop/freeRtos/freeRTOS/Drivers/CMSIS/Device/ST/STM32F1xx/Include" -I"C:/Users/user1/Desktop/freeRtos/freeRTOS/Drivers/CMSIS/Include" -I"C:/Users/user1/Desktop/freeRtos/freeRTOS/Inc" -I"C:/Users/user1/Desktop/freeRtos/freeRTOS/Middlewares/Third_Party/FreeRTOS/Source/portable/GCC/ARM_CM3" -I"C:/Users/user1/Desktop/freeRtos/freeRTOS/Middlewares/Third_Party/FreeRTOS/Source/include" -I"C:/Users/user1/Desktop/freeRtos/freeRTOS/Middlewares/Third_Party/FreeRTOS/Source/CMSIS_RTOS"  -Og -g3 -Wall -fmessage-length=0 -ffunction-sections -c -fmessage-length=0 -MMD -MP -MF"Drivers/STM32F1xx_HAL_Driver/Src/stm32f1xx_hal_gpio.d" -MT"Drivers/STM32F1xx_HAL_Driver/Src/stm32f1xx_hal_gpio.o" -o "Drivers/STM32F1xx_HAL_Driver/Src/stm32f1xx_hal_gpio.o" "../Drivers/STM32F1xx_HAL_Driver/Src/stm32f1xx_hal_gpio.c"
Finished building: ../Drivers/STM32F1xx_HAL_Driver/Src/stm32f1xx_hal_gpio.c
 
Building file: ../Drivers/STM32F1xx_HAL_Driver/Src/stm32f1xx_hal_gpio_ex.c
Invoking: MCU GCC Compiler
C:\Users\user1\Desktop\freeRtos\freeRTOS\Debug
arm-none-eabi-gcc -mcpu=cortex-m3 -mthumb -mfloat-abi=soft '-D__weak=__attribute__((weak))' '-D__packed=__attribute__((__packed__))' -DUSE_HAL_DRIVER -DSTM32F103xB -I"C:/Users/user1/Desktop/freeRtos/freeRTOS/Inc" -I"C:/Users/user1/Desktop/freeRtos/freeRTOS/Drivers/STM32F1xx_HAL_Driver/Inc" -I"C:/Users/user1/Desktop/freeRtos/freeRTOS/Drivers/STM32F1xx_HAL_Driver/Inc/Legacy" -I"C:/Users/user1/Desktop/freeRtos/freeRTOS/Drivers/CMSIS/Device/ST/STM32F1xx/Include" -I"C:/Users/user1/Desktop/freeRtos/freeRTOS/Drivers/CMSIS/Include" -I"C:/Users/user1/Desktop/freeRtos/freeRTOS/Inc" -I"C:/Users/user1/Desktop/freeRtos/freeRTOS/Middlewares/Third_Party/FreeRTOS/Source/portable/GCC/ARM_CM3" -I"C:/Users/user1/Desktop/freeRtos/freeRTOS/Middlewares/Third_Party/FreeRTOS/Source/include" -I"C:/Users/user1/Desktop/freeRtos/freeRTOS/Middlewares/Third_Party/FreeRTOS/Source/CMSIS_RTOS"  -Og -g3 -Wall -fmessage-length=0 -ffunction-sections -c -fmessage-length=0 -MMD -MP -MF"Drivers/STM32F1xx_HAL_Driver/Src/stm32f1xx_hal_gpio_ex.d" -MT"Drivers/STM32F1xx_HAL_Driver/Src/stm32f1xx_hal_gpio_ex.o" -o "Drivers/STM32F1xx_HAL_Driver/Src/stm32f1xx_hal_gpio_ex.o" "../Drivers/STM32F1xx_HAL_Driver/Src/stm32f1xx_hal_gpio_ex.c"
Finished building: ../Drivers/STM32F1xx_HAL_Driver/Src/stm32f1xx_hal_gpio_ex.c
 
Building file: ../Drivers/STM32F1xx_HAL_Driver/Src/stm32f1xx_hal_pwr.c
Invoking: MCU GCC Compiler
C:\Users\user1\Desktop\freeRtos\freeRTOS\Debug
arm-none-eabi-gcc -mcpu=cortex-m3 -mthumb -mfloat-abi=soft '-D__weak=__attribute__((weak))' '-D__packed=__attribute__((__packed__))' -DUSE_HAL_DRIVER -DSTM32F103xB -I"C:/Users/user1/Desktop/freeRtos/freeRTOS/Inc" -I"C:/Users/user1/Desktop/freeRtos/freeRTOS/Drivers/STM32F1xx_HAL_Driver/Inc" -I"C:/Users/user1/Desktop/freeRtos/freeRTOS/Drivers/STM32F1xx_HAL_Driver/Inc/Legacy" -I"C:/Users/user1/Desktop/freeRtos/freeRTOS/Drivers/CMSIS/Device/ST/STM32F1xx/Include" -I"C:/Users/user1/Desktop/freeRtos/freeRTOS/Drivers/CMSIS/Include" -I"C:/Users/user1/Desktop/freeRtos/freeRTOS/Inc" -I"C:/Users/user1/Desktop/freeRtos/freeRTOS/Middlewares/Third_Party/FreeRTOS/Source/portable/GCC/ARM_CM3" -I"C:/Users/user1/Desktop/freeRtos/freeRTOS/Middlewares/Third_Party/FreeRTOS/Source/include" -I"C:/Users/user1/Desktop/freeRtos/freeRTOS/Middlewares/Third_Party/FreeRTOS/Source/CMSIS_RTOS"  -Og -g3 -Wall -fmessage-length=0 -ffunction-sections -c -fmessage-length=0 -MMD -MP -MF"Drivers/STM32F1xx_HAL_Driver/Src/stm32f1xx_hal_pwr.d" -MT"Drivers/STM32F1xx_HAL_Driver/Src/stm32f1xx_hal_pwr.o" -o "Drivers/STM32F1xx_HAL_Driver/Src/stm32f1xx_hal_pwr.o" "../Drivers/STM32F1xx_HAL_Driver/Src/stm32f1xx_hal_pwr.c"
Finished building: ../Drivers/STM32F1xx_HAL_Driver/Src/stm32f1xx_hal_pwr.c
 
Building file: ../Drivers/STM32F1xx_HAL_Driver/Src/stm32f1xx_hal_rcc.c
Invoking: MCU GCC Compiler
C:\Users\user1\Desktop\freeRtos\freeRTOS\Debug
arm-none-eabi-gcc -mcpu=cortex-m3 -mthumb -mfloat-abi=soft '-D__weak=__attribute__((weak))' '-D__packed=__attribute__((__packed__))' -DUSE_HAL_DRIVER -DSTM32F103xB -I"C:/Users/user1/Desktop/freeRtos/freeRTOS/Inc" -I"C:/Users/user1/Desktop/freeRtos/freeRTOS/Drivers/STM32F1xx_HAL_Driver/Inc" -I"C:/Users/user1/Desktop/freeRtos/freeRTOS/Drivers/STM32F1xx_HAL_Driver/Inc/Legacy" -I"C:/Users/user1/Desktop/freeRtos/freeRTOS/Drivers/CMSIS/Device/ST/STM32F1xx/Include" -I"C:/Users/user1/Desktop/freeRtos/freeRTOS/Drivers/CMSIS/Include" -I"C:/Users/user1/Desktop/freeRtos/freeRTOS/Inc" -I"C:/Users/user1/Desktop/freeRtos/freeRTOS/Middlewares/Third_Party/FreeRTOS/Source/portable/GCC/ARM_CM3" -I"C:/Users/user1/Desktop/freeRtos/freeRTOS/Middlewares/Third_Party/FreeRTOS/Source/include" -I"C:/Users/user1/Desktop/freeRtos/freeRTOS/Middlewares/Third_Party/FreeRTOS/Source/CMSIS_RTOS"  -Og -g3 -Wall -fmessage-length=0 -ffunction-sections -c -fmessage-length=0 -MMD -MP -MF"Drivers/STM32F1xx_HAL_Driver/Src/stm32f1xx_hal_rcc.d" -MT"Drivers/STM32F1xx_HAL_Driver/Src/stm32f1xx_hal_rcc.o" -o "Drivers/STM32F1xx_HAL_Driver/Src/stm32f1xx_hal_rcc.o" "../Drivers/STM32F1xx_HAL_Driver/Src/stm32f1xx_hal_rcc.c"
Finished building: ../Drivers/STM32F1xx_HAL_Driver/Src/stm32f1xx_hal_rcc.c
 
Building file: ../Drivers/STM32F1xx_HAL_Driver/Src/stm32f1xx_hal_rcc_ex.c
Invoking: MCU GCC Compiler
C:\Users\user1\Desktop\freeRtos\freeRTOS\Debug
arm-none-eabi-gcc -mcpu=cortex-m3 -mthumb -mfloat-abi=soft '-D__weak=__attribute__((weak))' '-D__packed=__attribute__((__packed__))' -DUSE_HAL_DRIVER -DSTM32F103xB -I"C:/Users/user1/Desktop/freeRtos/freeRTOS/Inc" -I"C:/Users/user1/Desktop/freeRtos/freeRTOS/Drivers/STM32F1xx_HAL_Driver/Inc" -I"C:/Users/user1/Desktop/freeRtos/freeRTOS/Drivers/STM32F1xx_HAL_Driver/Inc/Legacy" -I"C:/Users/user1/Desktop/freeRtos/freeRTOS/Drivers/CMSIS/Device/ST/STM32F1xx/Include" -I"C:/Users/user1/Desktop/freeRtos/freeRTOS/Drivers/CMSIS/Include" -I"C:/Users/user1/Desktop/freeRtos/freeRTOS/Inc" -I"C:/Users/user1/Desktop/freeRtos/freeRTOS/Middlewares/Third_Party/FreeRTOS/Source/portable/GCC/ARM_CM3" -I"C:/Users/user1/Desktop/freeRtos/freeRTOS/Middlewares/Third_Party/FreeRTOS/Source/include" -I"C:/Users/user1/Desktop/freeRtos/freeRTOS/Middlewares/Third_Party/FreeRTOS/Source/CMSIS_RTOS"  -Og -g3 -Wall -fmessage-length=0 -ffunction-sections -c -fmessage-length=0 -MMD -MP -MF"Drivers/STM32F1xx_HAL_Driver/Src/stm32f1xx_hal_rcc_ex.d" -MT"Drivers/STM32F1xx_HAL_Driver/Src/stm32f1xx_hal_rcc_ex.o" -o "Drivers/STM32F1xx_HAL_Driver/Src/stm32f1xx_hal_rcc_ex.o" "../Drivers/STM32F1xx_HAL_Driver/Src/stm32f1xx_hal_rcc_ex.c"
Finished building: ../Drivers/STM32F1xx_HAL_Driver/Src/stm32f1xx_hal_rcc_ex.c
 
Building file: ../Drivers/STM32F1xx_HAL_Driver/Src/stm32f1xx_hal_tim.c
Invoking: MCU GCC Compiler
C:\Users\user1\Desktop\freeRtos\freeRTOS\Debug
arm-none-eabi-gcc -mcpu=cortex-m3 -mthumb -mfloat-abi=soft '-D__weak=__attribute__((weak))' '-D__packed=__attribute__((__packed__))' -DUSE_HAL_DRIVER -DSTM32F103xB -I"C:/Users/user1/Desktop/freeRtos/freeRTOS/Inc" -I"C:/Users/user1/Desktop/freeRtos/freeRTOS/Drivers/STM32F1xx_HAL_Driver/Inc" -I"C:/Users/user1/Desktop/freeRtos/freeRTOS/Drivers/STM32F1xx_HAL_Driver/Inc/Legacy" -I"C:/Users/user1/Desktop/freeRtos/freeRTOS/Drivers/CMSIS/Device/ST/STM32F1xx/Include" -I"C:/Users/user1/Desktop/freeRtos/freeRTOS/Drivers/CMSIS/Include" -I"C:/Users/user1/Desktop/freeRtos/freeRTOS/Inc" -I"C:/Users/user1/Desktop/freeRtos/freeRTOS/Middlewares/Third_Party/FreeRTOS/Source/portable/GCC/ARM_CM3" -I"C:/Users/user1/Desktop/freeRtos/freeRTOS/Middlewares/Third_Party/FreeRTOS/Source/include" -I"C:/Users/user1/Desktop/freeRtos/freeRTOS/Middlewares/Third_Party/FreeRTOS/Source/CMSIS_RTOS"  -Og -g3 -Wall -fmessage-length=0 -ffunction-sections -c -fmessage-length=0 -MMD -MP -MF"Drivers/STM32F1xx_HAL_Driver/Src/stm32f1xx_hal_tim.d" -MT"Drivers/STM32F1xx_HAL_Driver/Src/stm32f1xx_hal_tim.o" -o "Drivers/STM32F1xx_HAL_Driver/Src/stm32f1xx_hal_tim.o" "../Drivers/STM32F1xx_HAL_Driver/Src/stm32f1xx_hal_tim.c"
Finished building: ../Drivers/STM32F1xx_HAL_Driver/Src/stm32f1xx_hal_tim.c
 
Building file: ../Drivers/STM32F1xx_HAL_Driver/Src/stm32f1xx_hal_tim_ex.c
Invoking: MCU GCC Compiler
C:\Users\user1\Desktop\freeRtos\freeRTOS\Debug
arm-none-eabi-gcc -mcpu=cortex-m3 -mthumb -mfloat-abi=soft '-D__weak=__attribute__((weak))' '-D__packed=__attribute__((__packed__))' -DUSE_HAL_DRIVER -DSTM32F103xB -I"C:/Users/user1/Desktop/freeRtos/freeRTOS/Inc" -I"C:/Users/user1/Desktop/freeRtos/freeRTOS/Drivers/STM32F1xx_HAL_Driver/Inc" -I"C:/Users/user1/Desktop/freeRtos/freeRTOS/Drivers/STM32F1xx_HAL_Driver/Inc/Legacy" -I"C:/Users/user1/Desktop/freeRtos/freeRTOS/Drivers/CMSIS/Device/ST/STM32F1xx/Include" -I"C:/Users/user1/Desktop/freeRtos/freeRTOS/Drivers/CMSIS/Include" -I"C:/Users/user1/Desktop/freeRtos/freeRTOS/Inc" -I"C:/Users/user1/Desktop/freeRtos/freeRTOS/Middlewares/Third_Party/FreeRTOS/Source/portable/GCC/ARM_CM3" -I"C:/Users/user1/Desktop/freeRtos/freeRTOS/Middlewares/Third_Party/FreeRTOS/Source/include" -I"C:/Users/user1/Desktop/freeRtos/freeRTOS/Middlewares/Third_Party/FreeRTOS/Source/CMSIS_RTOS"  -Og -g3 -Wall -fmessage-length=0 -ffunction-sections -c -fmessage-length=0 -MMD -MP -MF"Drivers/STM32F1xx_HAL_Driver/Src/stm32f1xx_hal_tim_ex.d" -MT"Drivers/STM32F1xx_HAL_Driver/Src/stm32f1xx_hal_tim_ex.o" -o "Drivers/STM32F1xx_HAL_Driver/Src/stm32f1xx_hal_tim_ex.o" "../Drivers/STM32F1xx_HAL_Driver/Src/stm32f1xx_hal_tim_ex.c"
Finished building: ../Drivers/STM32F1xx_HAL_Driver/Src/stm32f1xx_hal_tim_ex.c
 
Building target: freeRTOS.elf
Invoking: MCU GCC Linker
arm-none-eabi-gcc -mcpu=cortex-m3 -mthumb -mfloat-abi=soft -specs=nosys.specs -specs=nano.specs -T"../STM32F103C8Tx_FLASH.ld" -Wl,-Map=output.map -Wl,--gc-sections -o "freeRTOS.elf" @"objects.list"   -lm
Finished building target: freeRTOS.elf
 
make --no-print-directory post-build
Generating binary and Printing size information:
arm-none-eabi-objcopy -O binary "freeRTOS.elf" "freeRTOS.bin"
arm-none-eabi-size "freeRTOS.elf"
   text	   data	    bss	    dec	    hex	filename
  11404	     16	   8232	  19652	   4cc4	freeRTOS.elf
 
14:40:41 **** Incremental Build of configuration Debug for project freeRTOS ****
make all 
make: Nothing to be done for `all'.
15:05:00 **** Incremental Build of configuration Debug for project freeRTOS ****
make all 
Building file: ../Src/freertos.c
Invoking: MCU GCC Compiler
C:\Users\user1\Desktop\freeRtos\freeRTOS\Debug
arm-none-eabi-gcc -mcpu=cortex-m3 -mthumb -mfloat-abi=soft '-D__weak=__attribute__((weak))' '-D__packed=__attribute__((__packed__))' -DUSE_HAL_DRIVER -DSTM32F103xB -I"C:/Users/user1/Desktop/freeRtos/freeRTOS/Inc" -I"C:/Users/user1/Desktop/freeRtos/freeRTOS/Drivers/STM32F1xx_HAL_Driver/Inc" -I"C:/Users/user1/Desktop/freeRtos/freeRTOS/Drivers/STM32F1xx_HAL_Driver/Inc/Legacy" -I"C:/Users/user1/Desktop/freeRtos/freeRTOS/Drivers/CMSIS/Device/ST/STM32F1xx/Include" -I"C:/Users/user1/Desktop/freeRtos/freeRTOS/Drivers/CMSIS/Include" -I"C:/Users/user1/Desktop/freeRtos/freeRTOS/Inc" -I"C:/Users/user1/Desktop/freeRtos/freeRTOS/Middlewares/Third_Party/FreeRTOS/Source/portable/GCC/ARM_CM3" -I"C:/Users/user1/Desktop/freeRtos/freeRTOS/Middlewares/Third_Party/FreeRTOS/Source/include" -I"C:/Users/user1/Desktop/freeRtos/freeRTOS/Middlewares/Third_Party/FreeRTOS/Source/CMSIS_RTOS"  -Og -g3 -Wall -fmessage-length=0 -ffunction-sections -c -fmessage-length=0 -MMD -MP -MF"Src/freertos.d" -MT"Src/freertos.o" -o "Src/freertos.o" "../Src/freertos.c"
Finished building: ../Src/freertos.c
 
Building file: ../Src/main.c
Invoking: MCU GCC Compiler
C:\Users\user1\Desktop\freeRtos\freeRTOS\Debug
arm-none-eabi-gcc -mcpu=cortex-m3 -mthumb -mfloat-abi=soft '-D__weak=__attribute__((weak))' '-D__packed=__attribute__((__packed__))' -DUSE_HAL_DRIVER -DSTM32F103xB -I"C:/Users/user1/Desktop/freeRtos/freeRTOS/Inc" -I"C:/Users/user1/Desktop/freeRtos/freeRTOS/Drivers/STM32F1xx_HAL_Driver/Inc" -I"C:/Users/user1/Desktop/freeRtos/freeRTOS/Drivers/STM32F1xx_HAL_Driver/Inc/Legacy" -I"C:/Users/user1/Desktop/freeRtos/freeRTOS/Drivers/CMSIS/Device/ST/STM32F1xx/Include" -I"C:/Users/user1/Desktop/freeRtos/freeRTOS/Drivers/CMSIS/Include" -I"C:/Users/user1/Desktop/freeRtos/freeRTOS/Inc" -I"C:/Users/user1/Desktop/freeRtos/freeRTOS/Middlewares/Third_Party/FreeRTOS/Source/portable/GCC/ARM_CM3" -I"C:/Users/user1/Desktop/freeRtos/freeRTOS/Middlewares/Third_Party/FreeRTOS/Source/include" -I"C:/Users/user1/Desktop/freeRtos/freeRTOS/Middlewares/Third_Party/FreeRTOS/Source/CMSIS_RTOS"  -Og -g3 -Wall -fmessage-length=0 -ffunction-sections -c -fmessage-length=0 -MMD -MP -MF"Src/main.d" -MT"Src/main.o" -o "Src/main.o" "../Src/main.c"
Finished building: ../Src/main.c
 
Building file: ../Src/stm32f1xx_hal_msp.c
Invoking: MCU GCC Compiler
C:\Users\user1\Desktop\freeRtos\freeRTOS\Debug
arm-none-eabi-gcc -mcpu=cortex-m3 -mthumb -mfloat-abi=soft '-D__weak=__attribute__((weak))' '-D__packed=__attribute__((__packed__))' -DUSE_HAL_DRIVER -DSTM32F103xB -I"C:/Users/user1/Desktop/freeRtos/freeRTOS/Inc" -I"C:/Users/user1/Desktop/freeRtos/freeRTOS/Drivers/STM32F1xx_HAL_Driver/Inc" -I"C:/Users/user1/Desktop/freeRtos/freeRTOS/Drivers/STM32F1xx_HAL_Driver/Inc/Legacy" -I"C:/Users/user1/Desktop/freeRtos/freeRTOS/Drivers/CMSIS/Device/ST/STM32F1xx/Include" -I"C:/Users/user1/Desktop/freeRtos/freeRTOS/Drivers/CMSIS/Include" -I"C:/Users/user1/Desktop/freeRtos/freeRTOS/Inc" -I"C:/Users/user1/Desktop/freeRtos/freeRTOS/Middlewares/Third_Party/FreeRTOS/Source/portable/GCC/ARM_CM3" -I"C:/Users/user1/Desktop/freeRtos/freeRTOS/Middlewares/Third_Party/FreeRTOS/Source/include" -I"C:/Users/user1/Desktop/freeRtos/freeRTOS/Middlewares/Third_Party/FreeRTOS/Source/CMSIS_RTOS"  -Og -g3 -Wall -fmessage-length=0 -ffunction-sections -c -fmessage-length=0 -MMD -MP -MF"Src/stm32f1xx_hal_msp.d" -MT"Src/stm32f1xx_hal_msp.o" -o "Src/stm32f1xx_hal_msp.o" "../Src/stm32f1xx_hal_msp.c"
Finished building: ../Src/stm32f1xx_hal_msp.c
 
Building file: ../Src/stm32f1xx_hal_timebase_TIM.c
Invoking: MCU GCC Compiler
C:\Users\user1\Desktop\freeRtos\freeRTOS\Debug
arm-none-eabi-gcc -mcpu=cortex-m3 -mthumb -mfloat-abi=soft '-D__weak=__attribute__((weak))' '-D__packed=__attribute__((__packed__))' -DUSE_HAL_DRIVER -DSTM32F103xB -I"C:/Users/user1/Desktop/freeRtos/freeRTOS/Inc" -I"C:/Users/user1/Desktop/freeRtos/freeRTOS/Drivers/STM32F1xx_HAL_Driver/Inc" -I"C:/Users/user1/Desktop/freeRtos/freeRTOS/Drivers/STM32F1xx_HAL_Driver/Inc/Legacy" -I"C:/Users/user1/Desktop/freeRtos/freeRTOS/Drivers/CMSIS/Device/ST/STM32F1xx/Include" -I"C:/Users/user1/Desktop/freeRtos/freeRTOS/Drivers/CMSIS/Include" -I"C:/Users/user1/Desktop/freeRtos/freeRTOS/Inc" -I"C:/Users/user1/Desktop/freeRtos/freeRTOS/Middlewares/Third_Party/FreeRTOS/Source/portable/GCC/ARM_CM3" -I"C:/Users/user1/Desktop/freeRtos/freeRTOS/Middlewares/Third_Party/FreeRTOS/Source/include" -I"C:/Users/user1/Desktop/freeRtos/freeRTOS/Middlewares/Third_Party/FreeRTOS/Source/CMSIS_RTOS"  -Og -g3 -Wall -fmessage-length=0 -ffunction-sections -c -fmessage-length=0 -MMD -MP -MF"Src/stm32f1xx_hal_timebase_TIM.d" -MT"Src/stm32f1xx_hal_timebase_TIM.o" -o "Src/stm32f1xx_hal_timebase_TIM.o" "../Src/stm32f1xx_hal_timebase_TIM.c"
Finished building: ../Src/stm32f1xx_hal_timebase_TIM.c
 
Building file: ../Src/stm32f1xx_it.c
Invoking: MCU GCC Compiler
C:\Users\user1\Desktop\freeRtos\freeRTOS\Debug
arm-none-eabi-gcc -mcpu=cortex-m3 -mthumb -mfloat-abi=soft '-D__weak=__attribute__((weak))' '-D__packed=__attribute__((__packed__))' -DUSE_HAL_DRIVER -DSTM32F103xB -I"C:/Users/user1/Desktop/freeRtos/freeRTOS/Inc" -I"C:/Users/user1/Desktop/freeRtos/freeRTOS/Drivers/STM32F1xx_HAL_Driver/Inc" -I"C:/Users/user1/Desktop/freeRtos/freeRTOS/Drivers/STM32F1xx_HAL_Driver/Inc/Legacy" -I"C:/Users/user1/Desktop/freeRtos/freeRTOS/Drivers/CMSIS/Device/ST/STM32F1xx/Include" -I"C:/Users/user1/Desktop/freeRtos/freeRTOS/Drivers/CMSIS/Include" -I"C:/Users/user1/Desktop/freeRtos/freeRTOS/Inc" -I"C:/Users/user1/Desktop/freeRtos/freeRTOS/Middlewares/Third_Party/FreeRTOS/Source/portable/GCC/ARM_CM3" -I"C:/Users/user1/Desktop/freeRtos/freeRTOS/Middlewares/Third_Party/FreeRTOS/Source/include" -I"C:/Users/user1/Desktop/freeRtos/freeRTOS/Middlewares/Third_Party/FreeRTOS/Source/CMSIS_RTOS"  -Og -g3 -Wall -fmessage-length=0 -ffunction-sections -c -fmessage-length=0 -MMD -MP -MF"Src/stm32f1xx_it.d" -MT"Src/stm32f1xx_it.o" -o "Src/stm32f1xx_it.o" "../Src/stm32f1xx_it.c"
Finished building: ../Src/stm32f1xx_it.c
 
Building file: ../Src/system_stm32f1xx.c
Invoking: MCU GCC Compiler
C:\Users\user1\Desktop\freeRtos\freeRTOS\Debug
arm-none-eabi-gcc -mcpu=cortex-m3 -mthumb -mfloat-abi=soft '-D__weak=__attribute__((weak))' '-D__packed=__attribute__((__packed__))' -DUSE_HAL_DRIVER -DSTM32F103xB -I"C:/Users/user1/Desktop/freeRtos/freeRTOS/Inc" -I"C:/Users/user1/Desktop/freeRtos/freeRTOS/Drivers/STM32F1xx_HAL_Driver/Inc" -I"C:/Users/user1/Desktop/freeRtos/freeRTOS/Drivers/STM32F1xx_HAL_Driver/Inc/Legacy" -I"C:/Users/user1/Desktop/freeRtos/freeRTOS/Drivers/CMSIS/Device/ST/STM32F1xx/Include" -I"C:/Users/user1/Desktop/freeRtos/freeRTOS/Drivers/CMSIS/Include" -I"C:/Users/user1/Desktop/freeRtos/freeRTOS/Inc" -I"C:/Users/user1/Desktop/freeRtos/freeRTOS/Middlewares/Third_Party/FreeRTOS/Source/portable/GCC/ARM_CM3" -I"C:/Users/user1/Desktop/freeRtos/freeRTOS/Middlewares/Third_Party/FreeRTOS/Source/include" -I"C:/Users/user1/Desktop/freeRtos/freeRTOS/Middlewares/Third_Party/FreeRTOS/Source/CMSIS_RTOS"  -Og -g3 -Wall -fmessage-length=0 -ffunction-sections -c -fmessage-length=0 -MMD -MP -MF"Src/system_stm32f1xx.d" -MT"Src/system_stm32f1xx.o" -o "Src/system_stm32f1xx.o" "../Src/system_stm32f1xx.c"
Finished building: ../Src/system_stm32f1xx.c
 
Building file: ../Middlewares/Third_Party/FreeRTOS/Source/portable/MemMang/heap_4.c
Invoking: MCU GCC Compiler
C:\Users\user1\Desktop\freeRtos\freeRTOS\Debug
arm-none-eabi-gcc -mcpu=cortex-m3 -mthumb -mfloat-abi=soft '-D__weak=__attribute__((weak))' '-D__packed=__attribute__((__packed__))' -DUSE_HAL_DRIVER -DSTM32F103xB -I"C:/Users/user1/Desktop/freeRtos/freeRTOS/Inc" -I"C:/Users/user1/Desktop/freeRtos/freeRTOS/Drivers/STM32F1xx_HAL_Driver/Inc" -I"C:/Users/user1/Desktop/freeRtos/freeRTOS/Drivers/STM32F1xx_HAL_Driver/Inc/Legacy" -I"C:/Users/user1/Desktop/freeRtos/freeRTOS/Drivers/CMSIS/Device/ST/STM32F1xx/Include" -I"C:/Users/user1/Desktop/freeRtos/freeRTOS/Drivers/CMSIS/Include" -I"C:/Users/user1/Desktop/freeRtos/freeRTOS/Inc" -I"C:/Users/user1/Desktop/freeRtos/freeRTOS/Middlewares/Third_Party/FreeRTOS/Source/portable/GCC/ARM_CM3" -I"C:/Users/user1/Desktop/freeRtos/freeRTOS/Middlewares/Third_Party/FreeRTOS/Source/include" -I"C:/Users/user1/Desktop/freeRtos/freeRTOS/Middlewares/Third_Party/FreeRTOS/Source/CMSIS_RTOS"  -Og -g3 -Wall -fmessage-length=0 -ffunction-sections -c -fmessage-length=0 -MMD -MP -MF"Middlewares/Third_Party/FreeRTOS/Source/portable/MemMang/heap_4.d" -MT"Middlewares/Third_Party/FreeRTOS/Source/portable/MemMang/heap_4.o" -o "Middlewares/Third_Party/FreeRTOS/Source/portable/MemMang/heap_4.o" "../Middlewares/Third_Party/FreeRTOS/Source/portable/MemMang/heap_4.c"
Finished building: ../Middlewares/Third_Party/FreeRTOS/Source/portable/MemMang/heap_4.c
 
Building file: ../Middlewares/Third_Party/FreeRTOS/Source/portable/GCC/ARM_CM3/port.c
Invoking: MCU GCC Compiler
C:\Users\user1\Desktop\freeRtos\freeRTOS\Debug
arm-none-eabi-gcc -mcpu=cortex-m3 -mthumb -mfloat-abi=soft '-D__weak=__attribute__((weak))' '-D__packed=__attribute__((__packed__))' -DUSE_HAL_DRIVER -DSTM32F103xB -I"C:/Users/user1/Desktop/freeRtos/freeRTOS/Inc" -I"C:/Users/user1/Desktop/freeRtos/freeRTOS/Drivers/STM32F1xx_HAL_Driver/Inc" -I"C:/Users/user1/Desktop/freeRtos/freeRTOS/Drivers/STM32F1xx_HAL_Driver/Inc/Legacy" -I"C:/Users/user1/Desktop/freeRtos/freeRTOS/Drivers/CMSIS/Device/ST/STM32F1xx/Include" -I"C:/Users/user1/Desktop/freeRtos/freeRTOS/Drivers/CMSIS/Include" -I"C:/Users/user1/Desktop/freeRtos/freeRTOS/Inc" -I"C:/Users/user1/Desktop/freeRtos/freeRTOS/Middlewares/Third_Party/FreeRTOS/Source/portable/GCC/ARM_CM3" -I"C:/Users/user1/Desktop/freeRtos/freeRTOS/Middlewares/Third_Party/FreeRTOS/Source/include" -I"C:/Users/user1/Desktop/freeRtos/freeRTOS/Middlewares/Third_Party/FreeRTOS/Source/CMSIS_RTOS"  -Og -g3 -Wall -fmessage-length=0 -ffunction-sections -c -fmessage-length=0 -MMD -MP -MF"Middlewares/Third_Party/FreeRTOS/Source/portable/GCC/ARM_CM3/port.d" -MT"Middlewares/Third_Party/FreeRTOS/Source/portable/GCC/ARM_CM3/port.o" -o "Middlewares/Third_Party/FreeRTOS/Source/portable/GCC/ARM_CM3/port.o" "../Middlewares/Third_Party/FreeRTOS/Source/portable/GCC/ARM_CM3/port.c"
Finished building: ../Middlewares/Third_Party/FreeRTOS/Source/portable/GCC/ARM_CM3/port.c
 
Building file: ../Middlewares/Third_Party/FreeRTOS/Source/CMSIS_RTOS/cmsis_os.c
Invoking: MCU GCC Compiler
C:\Users\user1\Desktop\freeRtos\freeRTOS\Debug
arm-none-eabi-gcc -mcpu=cortex-m3 -mthumb -mfloat-abi=soft '-D__weak=__attribute__((weak))' '-D__packed=__attribute__((__packed__))' -DUSE_HAL_DRIVER -DSTM32F103xB -I"C:/Users/user1/Desktop/freeRtos/freeRTOS/Inc" -I"C:/Users/user1/Desktop/freeRtos/freeRTOS/Drivers/STM32F1xx_HAL_Driver/Inc" -I"C:/Users/user1/Desktop/freeRtos/freeRTOS/Drivers/STM32F1xx_HAL_Driver/Inc/Legacy" -I"C:/Users/user1/Desktop/freeRtos/freeRTOS/Drivers/CMSIS/Device/ST/STM32F1xx/Include" -I"C:/Users/user1/Desktop/freeRtos/freeRTOS/Drivers/CMSIS/Include" -I"C:/Users/user1/Desktop/freeRtos/freeRTOS/Inc" -I"C:/Users/user1/Desktop/freeRtos/freeRTOS/Middlewares/Third_Party/FreeRTOS/Source/portable/GCC/ARM_CM3" -I"C:/Users/user1/Desktop/freeRtos/freeRTOS/Middlewares/Third_Party/FreeRTOS/Source/include" -I"C:/Users/user1/Desktop/freeRtos/freeRTOS/Middlewares/Third_Party/FreeRTOS/Source/CMSIS_RTOS"  -Og -g3 -Wall -fmessage-length=0 -ffunction-sections -c -fmessage-length=0 -MMD -MP -MF"Middlewares/Third_Party/FreeRTOS/Source/CMSIS_RTOS/cmsis_os.d" -MT"Middlewares/Third_Party/FreeRTOS/Source/CMSIS_RTOS/cmsis_os.o" -o "Middlewares/Third_Party/FreeRTOS/Source/CMSIS_RTOS/cmsis_os.o" "../Middlewares/Third_Party/FreeRTOS/Source/CMSIS_RTOS/cmsis_os.c"
Finished building: ../Middlewares/Third_Party/FreeRTOS/Source/CMSIS_RTOS/cmsis_os.c
 
Building file: ../Middlewares/Third_Party/FreeRTOS/Source/croutine.c
Invoking: MCU GCC Compiler
C:\Users\user1\Desktop\freeRtos\freeRTOS\Debug
arm-none-eabi-gcc -mcpu=cortex-m3 -mthumb -mfloat-abi=soft '-D__weak=__attribute__((weak))' '-D__packed=__attribute__((__packed__))' -DUSE_HAL_DRIVER -DSTM32F103xB -I"C:/Users/user1/Desktop/freeRtos/freeRTOS/Inc" -I"C:/Users/user1/Desktop/freeRtos/freeRTOS/Drivers/STM32F1xx_HAL_Driver/Inc" -I"C:/Users/user1/Desktop/freeRtos/freeRTOS/Drivers/STM32F1xx_HAL_Driver/Inc/Legacy" -I"C:/Users/user1/Desktop/freeRtos/freeRTOS/Drivers/CMSIS/Device/ST/STM32F1xx/Include" -I"C:/Users/user1/Desktop/freeRtos/freeRTOS/Drivers/CMSIS/Include" -I"C:/Users/user1/Desktop/freeRtos/freeRTOS/Inc" -I"C:/Users/user1/Desktop/freeRtos/freeRTOS/Middlewares/Third_Party/FreeRTOS/Source/portable/GCC/ARM_CM3" -I"C:/Users/user1/Desktop/freeRtos/freeRTOS/Middlewares/Third_Party/FreeRTOS/Source/include" -I"C:/Users/user1/Desktop/freeRtos/freeRTOS/Middlewares/Third_Party/FreeRTOS/Source/CMSIS_RTOS"  -Og -g3 -Wall -fmessage-length=0 -ffunction-sections -c -fmessage-length=0 -MMD -MP -MF"Middlewares/Third_Party/FreeRTOS/Source/croutine.d" -MT"Middlewares/Third_Party/FreeRTOS/Source/croutine.o" -o "Middlewares/Third_Party/FreeRTOS/Source/croutine.o" "../Middlewares/Third_Party/FreeRTOS/Source/croutine.c"
Finished building: ../Middlewares/Third_Party/FreeRTOS/Source/croutine.c
 
Building file: ../Middlewares/Third_Party/FreeRTOS/Source/event_groups.c
Invoking: MCU GCC Compiler
C:\Users\user1\Desktop\freeRtos\freeRTOS\Debug
arm-none-eabi-gcc -mcpu=cortex-m3 -mthumb -mfloat-abi=soft '-D__weak=__attribute__((weak))' '-D__packed=__attribute__((__packed__))' -DUSE_HAL_DRIVER -DSTM32F103xB -I"C:/Users/user1/Desktop/freeRtos/freeRTOS/Inc" -I"C:/Users/user1/Desktop/freeRtos/freeRTOS/Drivers/STM32F1xx_HAL_Driver/Inc" -I"C:/Users/user1/Desktop/freeRtos/freeRTOS/Drivers/STM32F1xx_HAL_Driver/Inc/Legacy" -I"C:/Users/user1/Desktop/freeRtos/freeRTOS/Drivers/CMSIS/Device/ST/STM32F1xx/Include" -I"C:/Users/user1/Desktop/freeRtos/freeRTOS/Drivers/CMSIS/Include" -I"C:/Users/user1/Desktop/freeRtos/freeRTOS/Inc" -I"C:/Users/user1/Desktop/freeRtos/freeRTOS/Middlewares/Third_Party/FreeRTOS/Source/portable/GCC/ARM_CM3" -I"C:/Users/user1/Desktop/freeRtos/freeRTOS/Middlewares/Third_Party/FreeRTOS/Source/include" -I"C:/Users/user1/Desktop/freeRtos/freeRTOS/Middlewares/Third_Party/FreeRTOS/Source/CMSIS_RTOS"  -Og -g3 -Wall -fmessage-length=0 -ffunction-sections -c -fmessage-length=0 -MMD -MP -MF"Middlewares/Third_Party/FreeRTOS/Source/event_groups.d" -MT"Middlewares/Third_Party/FreeRTOS/Source/event_groups.o" -o "Middlewares/Third_Party/FreeRTOS/Source/event_groups.o" "../Middlewares/Third_Party/FreeRTOS/Source/event_groups.c"
Finished building: ../Middlewares/Third_Party/FreeRTOS/Source/event_groups.c
 
Building file: ../Middlewares/Third_Party/FreeRTOS/Source/list.c
Invoking: MCU GCC Compiler
C:\Users\user1\Desktop\freeRtos\freeRTOS\Debug
arm-none-eabi-gcc -mcpu=cortex-m3 -mthumb -mfloat-abi=soft '-D__weak=__attribute__((weak))' '-D__packed=__attribute__((__packed__))' -DUSE_HAL_DRIVER -DSTM32F103xB -I"C:/Users/user1/Desktop/freeRtos/freeRTOS/Inc" -I"C:/Users/user1/Desktop/freeRtos/freeRTOS/Drivers/STM32F1xx_HAL_Driver/Inc" -I"C:/Users/user1/Desktop/freeRtos/freeRTOS/Drivers/STM32F1xx_HAL_Driver/Inc/Legacy" -I"C:/Users/user1/Desktop/freeRtos/freeRTOS/Drivers/CMSIS/Device/ST/STM32F1xx/Include" -I"C:/Users/user1/Desktop/freeRtos/freeRTOS/Drivers/CMSIS/Include" -I"C:/Users/user1/Desktop/freeRtos/freeRTOS/Inc" -I"C:/Users/user1/Desktop/freeRtos/freeRTOS/Middlewares/Third_Party/FreeRTOS/Source/portable/GCC/ARM_CM3" -I"C:/Users/user1/Desktop/freeRtos/freeRTOS/Middlewares/Third_Party/FreeRTOS/Source/include" -I"C:/Users/user1/Desktop/freeRtos/freeRTOS/Middlewares/Third_Party/FreeRTOS/Source/CMSIS_RTOS"  -Og -g3 -Wall -fmessage-length=0 -ffunction-sections -c -fmessage-length=0 -MMD -MP -MF"Middlewares/Third_Party/FreeRTOS/Source/list.d" -MT"Middlewares/Third_Party/FreeRTOS/Source/list.o" -o "Middlewares/Third_Party/FreeRTOS/Source/list.o" "../Middlewares/Third_Party/FreeRTOS/Source/list.c"
Finished building: ../Middlewares/Third_Party/FreeRTOS/Source/list.c
 
Building file: ../Middlewares/Third_Party/FreeRTOS/Source/queue.c
Invoking: MCU GCC Compiler
C:\Users\user1\Desktop\freeRtos\freeRTOS\Debug
arm-none-eabi-gcc -mcpu=cortex-m3 -mthumb -mfloat-abi=soft '-D__weak=__attribute__((weak))' '-D__packed=__attribute__((__packed__))' -DUSE_HAL_DRIVER -DSTM32F103xB -I"C:/Users/user1/Desktop/freeRtos/freeRTOS/Inc" -I"C:/Users/user1/Desktop/freeRtos/freeRTOS/Drivers/STM32F1xx_HAL_Driver/Inc" -I"C:/Users/user1/Desktop/freeRtos/freeRTOS/Drivers/STM32F1xx_HAL_Driver/Inc/Legacy" -I"C:/Users/user1/Desktop/freeRtos/freeRTOS/Drivers/CMSIS/Device/ST/STM32F1xx/Include" -I"C:/Users/user1/Desktop/freeRtos/freeRTOS/Drivers/CMSIS/Include" -I"C:/Users/user1/Desktop/freeRtos/freeRTOS/Inc" -I"C:/Users/user1/Desktop/freeRtos/freeRTOS/Middlewares/Third_Party/FreeRTOS/Source/portable/GCC/ARM_CM3" -I"C:/Users/user1/Desktop/freeRtos/freeRTOS/Middlewares/Third_Party/FreeRTOS/Source/include" -I"C:/Users/user1/Desktop/freeRtos/freeRTOS/Middlewares/Third_Party/FreeRTOS/Source/CMSIS_RTOS"  -Og -g3 -Wall -fmessage-length=0 -ffunction-sections -c -fmessage-length=0 -MMD -MP -MF"Middlewares/Third_Party/FreeRTOS/Source/queue.d" -MT"Middlewares/Third_Party/FreeRTOS/Source/queue.o" -o "Middlewares/Third_Party/FreeRTOS/Source/queue.o" "../Middlewares/Third_Party/FreeRTOS/Source/queue.c"
Finished building: ../Middlewares/Third_Party/FreeRTOS/Source/queue.c
 
Building file: ../Middlewares/Third_Party/FreeRTOS/Source/tasks.c
Invoking: MCU GCC Compiler
C:\Users\user1\Desktop\freeRtos\freeRTOS\Debug
arm-none-eabi-gcc -mcpu=cortex-m3 -mthumb -mfloat-abi=soft '-D__weak=__attribute__((weak))' '-D__packed=__attribute__((__packed__))' -DUSE_HAL_DRIVER -DSTM32F103xB -I"C:/Users/user1/Desktop/freeRtos/freeRTOS/Inc" -I"C:/Users/user1/Desktop/freeRtos/freeRTOS/Drivers/STM32F1xx_HAL_Driver/Inc" -I"C:/Users/user1/Desktop/freeRtos/freeRTOS/Drivers/STM32F1xx_HAL_Driver/Inc/Legacy" -I"C:/Users/user1/Desktop/freeRtos/freeRTOS/Drivers/CMSIS/Device/ST/STM32F1xx/Include" -I"C:/Users/user1/Desktop/freeRtos/freeRTOS/Drivers/CMSIS/Include" -I"C:/Users/user1/Desktop/freeRtos/freeRTOS/Inc" -I"C:/Users/user1/Desktop/freeRtos/freeRTOS/Middlewares/Third_Party/FreeRTOS/Source/portable/GCC/ARM_CM3" -I"C:/Users/user1/Desktop/freeRtos/freeRTOS/Middlewares/Third_Party/FreeRTOS/Source/include" -I"C:/Users/user1/Desktop/freeRtos/freeRTOS/Middlewares/Third_Party/FreeRTOS/Source/CMSIS_RTOS"  -Og -g3 -Wall -fmessage-length=0 -ffunction-sections -c -fmessage-length=0 -MMD -MP -MF"Middlewares/Third_Party/FreeRTOS/Source/tasks.d" -MT"Middlewares/Third_Party/FreeRTOS/Source/tasks.o" -o "Middlewares/Third_Party/FreeRTOS/Source/tasks.o" "../Middlewares/Third_Party/FreeRTOS/Source/tasks.c"
Finished building: ../Middlewares/Third_Party/FreeRTOS/Source/tasks.c
 
Building file: ../Middlewares/Third_Party/FreeRTOS/Source/timers.c
Invoking: MCU GCC Compiler
C:\Users\user1\Desktop\freeRtos\freeRTOS\Debug
arm-none-eabi-gcc -mcpu=cortex-m3 -mthumb -mfloat-abi=soft '-D__weak=__attribute__((weak))' '-D__packed=__attribute__((__packed__))' -DUSE_HAL_DRIVER -DSTM32F103xB -I"C:/Users/user1/Desktop/freeRtos/freeRTOS/Inc" -I"C:/Users/user1/Desktop/freeRtos/freeRTOS/Drivers/STM32F1xx_HAL_Driver/Inc" -I"C:/Users/user1/Desktop/freeRtos/freeRTOS/Drivers/STM32F1xx_HAL_Driver/Inc/Legacy" -I"C:/Users/user1/Desktop/freeRtos/freeRTOS/Drivers/CMSIS/Device/ST/STM32F1xx/Include" -I"C:/Users/user1/Desktop/freeRtos/freeRTOS/Drivers/CMSIS/Include" -I"C:/Users/user1/Desktop/freeRtos/freeRTOS/Inc" -I"C:/Users/user1/Desktop/freeRtos/freeRTOS/Middlewares/Third_Party/FreeRTOS/Source/portable/GCC/ARM_CM3" -I"C:/Users/user1/Desktop/freeRtos/freeRTOS/Middlewares/Third_Party/FreeRTOS/Source/include" -I"C:/Users/user1/Desktop/freeRtos/freeRTOS/Middlewares/Third_Party/FreeRTOS/Source/CMSIS_RTOS"  -Og -g3 -Wall -fmessage-length=0 -ffunction-sections -c -fmessage-length=0 -MMD -MP -MF"Middlewares/Third_Party/FreeRTOS/Source/timers.d" -MT"Middlewares/Third_Party/FreeRTOS/Source/timers.o" -o "Middlewares/Third_Party/FreeRTOS/Source/timers.o" "../Middlewares/Third_Party/FreeRTOS/Source/timers.c"
Finished building: ../Middlewares/Third_Party/FreeRTOS/Source/timers.c
 
Building file: ../Drivers/STM32F1xx_HAL_Driver/Src/stm32f1xx_hal.c
Invoking: MCU GCC Compiler
C:\Users\user1\Desktop\freeRtos\freeRTOS\Debug
arm-none-eabi-gcc -mcpu=cortex-m3 -mthumb -mfloat-abi=soft '-D__weak=__attribute__((weak))' '-D__packed=__attribute__((__packed__))' -DUSE_HAL_DRIVER -DSTM32F103xB -I"C:/Users/user1/Desktop/freeRtos/freeRTOS/Inc" -I"C:/Users/user1/Desktop/freeRtos/freeRTOS/Drivers/STM32F1xx_HAL_Driver/Inc" -I"C:/Users/user1/Desktop/freeRtos/freeRTOS/Drivers/STM32F1xx_HAL_Driver/Inc/Legacy" -I"C:/Users/user1/Desktop/freeRtos/freeRTOS/Drivers/CMSIS/Device/ST/STM32F1xx/Include" -I"C:/Users/user1/Desktop/freeRtos/freeRTOS/Drivers/CMSIS/Include" -I"C:/Users/user1/Desktop/freeRtos/freeRTOS/Inc" -I"C:/Users/user1/Desktop/freeRtos/freeRTOS/Middlewares/Third_Party/FreeRTOS/Source/portable/GCC/ARM_CM3" -I"C:/Users/user1/Desktop/freeRtos/freeRTOS/Middlewares/Third_Party/FreeRTOS/Source/include" -I"C:/Users/user1/Desktop/freeRtos/freeRTOS/Middlewares/Third_Party/FreeRTOS/Source/CMSIS_RTOS"  -Og -g3 -Wall -fmessage-length=0 -ffunction-sections -c -fmessage-length=0 -MMD -MP -MF"Drivers/STM32F1xx_HAL_Driver/Src/stm32f1xx_hal.d" -MT"Drivers/STM32F1xx_HAL_Driver/Src/stm32f1xx_hal.o" -o "Drivers/STM32F1xx_HAL_Driver/Src/stm32f1xx_hal.o" "../Drivers/STM32F1xx_HAL_Driver/Src/stm32f1xx_hal.c"
Finished building: ../Drivers/STM32F1xx_HAL_Driver/Src/stm32f1xx_hal.c
 
Building file: ../Drivers/STM32F1xx_HAL_Driver/Src/stm32f1xx_hal_cortex.c
Invoking: MCU GCC Compiler
C:\Users\user1\Desktop\freeRtos\freeRTOS\Debug
arm-none-eabi-gcc -mcpu=cortex-m3 -mthumb -mfloat-abi=soft '-D__weak=__attribute__((weak))' '-D__packed=__attribute__((__packed__))' -DUSE_HAL_DRIVER -DSTM32F103xB -I"C:/Users/user1/Desktop/freeRtos/freeRTOS/Inc" -I"C:/Users/user1/Desktop/freeRtos/freeRTOS/Drivers/STM32F1xx_HAL_Driver/Inc" -I"C:/Users/user1/Desktop/freeRtos/freeRTOS/Drivers/STM32F1xx_HAL_Driver/Inc/Legacy" -I"C:/Users/user1/Desktop/freeRtos/freeRTOS/Drivers/CMSIS/Device/ST/STM32F1xx/Include" -I"C:/Users/user1/Desktop/freeRtos/freeRTOS/Drivers/CMSIS/Include" -I"C:/Users/user1/Desktop/freeRtos/freeRTOS/Inc" -I"C:/Users/user1/Desktop/freeRtos/freeRTOS/Middlewares/Third_Party/FreeRTOS/Source/portable/GCC/ARM_CM3" -I"C:/Users/user1/Desktop/freeRtos/freeRTOS/Middlewares/Third_Party/FreeRTOS/Source/include" -I"C:/Users/user1/Desktop/freeRtos/freeRTOS/Middlewares/Third_Party/FreeRTOS/Source/CMSIS_RTOS"  -Og -g3 -Wall -fmessage-length=0 -ffunction-sections -c -fmessage-length=0 -MMD -MP -MF"Drivers/STM32F1xx_HAL_Driver/Src/stm32f1xx_hal_cortex.d" -MT"Drivers/STM32F1xx_HAL_Driver/Src/stm32f1xx_hal_cortex.o" -o "Drivers/STM32F1xx_HAL_Driver/Src/stm32f1xx_hal_cortex.o" "../Drivers/STM32F1xx_HAL_Driver/Src/stm32f1xx_hal_cortex.c"
Finished building: ../Drivers/STM32F1xx_HAL_Driver/Src/stm32f1xx_hal_cortex.c
 
Building file: ../Drivers/STM32F1xx_HAL_Driver/Src/stm32f1xx_hal_dma.c
Invoking: MCU GCC Compiler
C:\Users\user1\Desktop\freeRtos\freeRTOS\Debug
arm-none-eabi-gcc -mcpu=cortex-m3 -mthumb -mfloat-abi=soft '-D__weak=__attribute__((weak))' '-D__packed=__attribute__((__packed__))' -DUSE_HAL_DRIVER -DSTM32F103xB -I"C:/Users/user1/Desktop/freeRtos/freeRTOS/Inc" -I"C:/Users/user1/Desktop/freeRtos/freeRTOS/Drivers/STM32F1xx_HAL_Driver/Inc" -I"C:/Users/user1/Desktop/freeRtos/freeRTOS/Drivers/STM32F1xx_HAL_Driver/Inc/Legacy" -I"C:/Users/user1/Desktop/freeRtos/freeRTOS/Drivers/CMSIS/Device/ST/STM32F1xx/Include" -I"C:/Users/user1/Desktop/freeRtos/freeRTOS/Drivers/CMSIS/Include" -I"C:/Users/user1/Desktop/freeRtos/freeRTOS/Inc" -I"C:/Users/user1/Desktop/freeRtos/freeRTOS/Middlewares/Third_Party/FreeRTOS/Source/portable/GCC/ARM_CM3" -I"C:/Users/user1/Desktop/freeRtos/freeRTOS/Middlewares/Third_Party/FreeRTOS/Source/include" -I"C:/Users/user1/Desktop/freeRtos/freeRTOS/Middlewares/Third_Party/FreeRTOS/Source/CMSIS_RTOS"  -Og -g3 -Wall -fmessage-length=0 -ffunction-sections -c -fmessage-length=0 -MMD -MP -MF"Drivers/STM32F1xx_HAL_Driver/Src/stm32f1xx_hal_dma.d" -MT"Drivers/STM32F1xx_HAL_Driver/Src/stm32f1xx_hal_dma.o" -o "Drivers/STM32F1xx_HAL_Driver/Src/stm32f1xx_hal_dma.o" "../Drivers/STM32F1xx_HAL_Driver/Src/stm32f1xx_hal_dma.c"
Finished building: ../Drivers/STM32F1xx_HAL_Driver/Src/stm32f1xx_hal_dma.c
 
Building file: ../Drivers/STM32F1xx_HAL_Driver/Src/stm32f1xx_hal_flash.c
Invoking: MCU GCC Compiler
C:\Users\user1\Desktop\freeRtos\freeRTOS\Debug
arm-none-eabi-gcc -mcpu=cortex-m3 -mthumb -mfloat-abi=soft '-D__weak=__attribute__((weak))' '-D__packed=__attribute__((__packed__))' -DUSE_HAL_DRIVER -DSTM32F103xB -I"C:/Users/user1/Desktop/freeRtos/freeRTOS/Inc" -I"C:/Users/user1/Desktop/freeRtos/freeRTOS/Drivers/STM32F1xx_HAL_Driver/Inc" -I"C:/Users/user1/Desktop/freeRtos/freeRTOS/Drivers/STM32F1xx_HAL_Driver/Inc/Legacy" -I"C:/Users/user1/Desktop/freeRtos/freeRTOS/Drivers/CMSIS/Device/ST/STM32F1xx/Include" -I"C:/Users/user1/Desktop/freeRtos/freeRTOS/Drivers/CMSIS/Include" -I"C:/Users/user1/Desktop/freeRtos/freeRTOS/Inc" -I"C:/Users/user1/Desktop/freeRtos/freeRTOS/Middlewares/Third_Party/FreeRTOS/Source/portable/GCC/ARM_CM3" -I"C:/Users/user1/Desktop/freeRtos/freeRTOS/Middlewares/Third_Party/FreeRTOS/Source/include" -I"C:/Users/user1/Desktop/freeRtos/freeRTOS/Middlewares/Third_Party/FreeRTOS/Source/CMSIS_RTOS"  -Og -g3 -Wall -fmessage-length=0 -ffunction-sections -c -fmessage-length=0 -MMD -MP -MF"Drivers/STM32F1xx_HAL_Driver/Src/stm32f1xx_hal_flash.d" -MT"Drivers/STM32F1xx_HAL_Driver/Src/stm32f1xx_hal_flash.o" -o "Drivers/STM32F1xx_HAL_Driver/Src/stm32f1xx_hal_flash.o" "../Drivers/STM32F1xx_HAL_Driver/Src/stm32f1xx_hal_flash.c"
Finished building: ../Drivers/STM32F1xx_HAL_Driver/Src/stm32f1xx_hal_flash.c
 
Building file: ../Drivers/STM32F1xx_HAL_Driver/Src/stm32f1xx_hal_flash_ex.c
Invoking: MCU GCC Compiler
C:\Users\user1\Desktop\freeRtos\freeRTOS\Debug
arm-none-eabi-gcc -mcpu=cortex-m3 -mthumb -mfloat-abi=soft '-D__weak=__attribute__((weak))' '-D__packed=__attribute__((__packed__))' -DUSE_HAL_DRIVER -DSTM32F103xB -I"C:/Users/user1/Desktop/freeRtos/freeRTOS/Inc" -I"C:/Users/user1/Desktop/freeRtos/freeRTOS/Drivers/STM32F1xx_HAL_Driver/Inc" -I"C:/Users/user1/Desktop/freeRtos/freeRTOS/Drivers/STM32F1xx_HAL_Driver/Inc/Legacy" -I"C:/Users/user1/Desktop/freeRtos/freeRTOS/Drivers/CMSIS/Device/ST/STM32F1xx/Include" -I"C:/Users/user1/Desktop/freeRtos/freeRTOS/Drivers/CMSIS/Include" -I"C:/Users/user1/Desktop/freeRtos/freeRTOS/Inc" -I"C:/Users/user1/Desktop/freeRtos/freeRTOS/Middlewares/Third_Party/FreeRTOS/Source/portable/GCC/ARM_CM3" -I"C:/Users/user1/Desktop/freeRtos/freeRTOS/Middlewares/Third_Party/FreeRTOS/Source/include" -I"C:/Users/user1/Desktop/freeRtos/freeRTOS/Middlewares/Third_Party/FreeRTOS/Source/CMSIS_RTOS"  -Og -g3 -Wall -fmessage-length=0 -ffunction-sections -c -fmessage-length=0 -MMD -MP -MF"Drivers/STM32F1xx_HAL_Driver/Src/stm32f1xx_hal_flash_ex.d" -MT"Drivers/STM32F1xx_HAL_Driver/Src/stm32f1xx_hal_flash_ex.o" -o "Drivers/STM32F1xx_HAL_Driver/Src/stm32f1xx_hal_flash_ex.o" "../Drivers/STM32F1xx_HAL_Driver/Src/stm32f1xx_hal_flash_ex.c"
Finished building: ../Drivers/STM32F1xx_HAL_Driver/Src/stm32f1xx_hal_flash_ex.c
 
Building file: ../Drivers/STM32F1xx_HAL_Driver/Src/stm32f1xx_hal_gpio.c
Invoking: MCU GCC Compiler
C:\Users\user1\Desktop\freeRtos\freeRTOS\Debug
arm-none-eabi-gcc -mcpu=cortex-m3 -mthumb -mfloat-abi=soft '-D__weak=__attribute__((weak))' '-D__packed=__attribute__((__packed__))' -DUSE_HAL_DRIVER -DSTM32F103xB -I"C:/Users/user1/Desktop/freeRtos/freeRTOS/Inc" -I"C:/Users/user1/Desktop/freeRtos/freeRTOS/Drivers/STM32F1xx_HAL_Driver/Inc" -I"C:/Users/user1/Desktop/freeRtos/freeRTOS/Drivers/STM32F1xx_HAL_Driver/Inc/Legacy" -I"C:/Users/user1/Desktop/freeRtos/freeRTOS/Drivers/CMSIS/Device/ST/STM32F1xx/Include" -I"C:/Users/user1/Desktop/freeRtos/freeRTOS/Drivers/CMSIS/Include" -I"C:/Users/user1/Desktop/freeRtos/freeRTOS/Inc" -I"C:/Users/user1/Desktop/freeRtos/freeRTOS/Middlewares/Third_Party/FreeRTOS/Source/portable/GCC/ARM_CM3" -I"C:/Users/user1/Desktop/freeRtos/freeRTOS/Middlewares/Third_Party/FreeRTOS/Source/include" -I"C:/Users/user1/Desktop/freeRtos/freeRTOS/Middlewares/Third_Party/FreeRTOS/Source/CMSIS_RTOS"  -Og -g3 -Wall -fmessage-length=0 -ffunction-sections -c -fmessage-length=0 -MMD -MP -MF"Drivers/STM32F1xx_HAL_Driver/Src/stm32f1xx_hal_gpio.d" -MT"Drivers/STM32F1xx_HAL_Driver/Src/stm32f1xx_hal_gpio.o" -o "Drivers/STM32F1xx_HAL_Driver/Src/stm32f1xx_hal_gpio.o" "../Drivers/STM32F1xx_HAL_Driver/Src/stm32f1xx_hal_gpio.c"
Finished building: ../Drivers/STM32F1xx_HAL_Driver/Src/stm32f1xx_hal_gpio.c
 
Building file: ../Drivers/STM32F1xx_HAL_Driver/Src/stm32f1xx_hal_gpio_ex.c
Invoking: MCU GCC Compiler
C:\Users\user1\Desktop\freeRtos\freeRTOS\Debug
arm-none-eabi-gcc -mcpu=cortex-m3 -mthumb -mfloat-abi=soft '-D__weak=__attribute__((weak))' '-D__packed=__attribute__((__packed__))' -DUSE_HAL_DRIVER -DSTM32F103xB -I"C:/Users/user1/Desktop/freeRtos/freeRTOS/Inc" -I"C:/Users/user1/Desktop/freeRtos/freeRTOS/Drivers/STM32F1xx_HAL_Driver/Inc" -I"C:/Users/user1/Desktop/freeRtos/freeRTOS/Drivers/STM32F1xx_HAL_Driver/Inc/Legacy" -I"C:/Users/user1/Desktop/freeRtos/freeRTOS/Drivers/CMSIS/Device/ST/STM32F1xx/Include" -I"C:/Users/user1/Desktop/freeRtos/freeRTOS/Drivers/CMSIS/Include" -I"C:/Users/user1/Desktop/freeRtos/freeRTOS/Inc" -I"C:/Users/user1/Desktop/freeRtos/freeRTOS/Middlewares/Third_Party/FreeRTOS/Source/portable/GCC/ARM_CM3" -I"C:/Users/user1/Desktop/freeRtos/freeRTOS/Middlewares/Third_Party/FreeRTOS/Source/include" -I"C:/Users/user1/Desktop/freeRtos/freeRTOS/Middlewares/Third_Party/FreeRTOS/Source/CMSIS_RTOS"  -Og -g3 -Wall -fmessage-length=0 -ffunction-sections -c -fmessage-length=0 -MMD -MP -MF"Drivers/STM32F1xx_HAL_Driver/Src/stm32f1xx_hal_gpio_ex.d" -MT"Drivers/STM32F1xx_HAL_Driver/Src/stm32f1xx_hal_gpio_ex.o" -o "Drivers/STM32F1xx_HAL_Driver/Src/stm32f1xx_hal_gpio_ex.o" "../Drivers/STM32F1xx_HAL_Driver/Src/stm32f1xx_hal_gpio_ex.c"
Finished building: ../Drivers/STM32F1xx_HAL_Driver/Src/stm32f1xx_hal_gpio_ex.c
 
Building file: ../Drivers/STM32F1xx_HAL_Driver/Src/stm32f1xx_hal_pwr.c
Invoking: MCU GCC Compiler
C:\Users\user1\Desktop\freeRtos\freeRTOS\Debug
arm-none-eabi-gcc -mcpu=cortex-m3 -mthumb -mfloat-abi=soft '-D__weak=__attribute__((weak))' '-D__packed=__attribute__((__packed__))' -DUSE_HAL_DRIVER -DSTM32F103xB -I"C:/Users/user1/Desktop/freeRtos/freeRTOS/Inc" -I"C:/Users/user1/Desktop/freeRtos/freeRTOS/Drivers/STM32F1xx_HAL_Driver/Inc" -I"C:/Users/user1/Desktop/freeRtos/freeRTOS/Drivers/STM32F1xx_HAL_Driver/Inc/Legacy" -I"C:/Users/user1/Desktop/freeRtos/freeRTOS/Drivers/CMSIS/Device/ST/STM32F1xx/Include" -I"C:/Users/user1/Desktop/freeRtos/freeRTOS/Drivers/CMSIS/Include" -I"C:/Users/user1/Desktop/freeRtos/freeRTOS/Inc" -I"C:/Users/user1/Desktop/freeRtos/freeRTOS/Middlewares/Third_Party/FreeRTOS/Source/portable/GCC/ARM_CM3" -I"C:/Users/user1/Desktop/freeRtos/freeRTOS/Middlewares/Third_Party/FreeRTOS/Source/include" -I"C:/Users/user1/Desktop/freeRtos/freeRTOS/Middlewares/Third_Party/FreeRTOS/Source/CMSIS_RTOS"  -Og -g3 -Wall -fmessage-length=0 -ffunction-sections -c -fmessage-length=0 -MMD -MP -MF"Drivers/STM32F1xx_HAL_Driver/Src/stm32f1xx_hal_pwr.d" -MT"Drivers/STM32F1xx_HAL_Driver/Src/stm32f1xx_hal_pwr.o" -o "Drivers/STM32F1xx_HAL_Driver/Src/stm32f1xx_hal_pwr.o" "../Drivers/STM32F1xx_HAL_Driver/Src/stm32f1xx_hal_pwr.c"
Finished building: ../Drivers/STM32F1xx_HAL_Driver/Src/stm32f1xx_hal_pwr.c
 
Building file: ../Drivers/STM32F1xx_HAL_Driver/Src/stm32f1xx_hal_rcc.c
Invoking: MCU GCC Compiler
C:\Users\user1\Desktop\freeRtos\freeRTOS\Debug
arm-none-eabi-gcc -mcpu=cortex-m3 -mthumb -mfloat-abi=soft '-D__weak=__attribute__((weak))' '-D__packed=__attribute__((__packed__))' -DUSE_HAL_DRIVER -DSTM32F103xB -I"C:/Users/user1/Desktop/freeRtos/freeRTOS/Inc" -I"C:/Users/user1/Desktop/freeRtos/freeRTOS/Drivers/STM32F1xx_HAL_Driver/Inc" -I"C:/Users/user1/Desktop/freeRtos/freeRTOS/Drivers/STM32F1xx_HAL_Driver/Inc/Legacy" -I"C:/Users/user1/Desktop/freeRtos/freeRTOS/Drivers/CMSIS/Device/ST/STM32F1xx/Include" -I"C:/Users/user1/Desktop/freeRtos/freeRTOS/Drivers/CMSIS/Include" -I"C:/Users/user1/Desktop/freeRtos/freeRTOS/Inc" -I"C:/Users/user1/Desktop/freeRtos/freeRTOS/Middlewares/Third_Party/FreeRTOS/Source/portable/GCC/ARM_CM3" -I"C:/Users/user1/Desktop/freeRtos/freeRTOS/Middlewares/Third_Party/FreeRTOS/Source/include" -I"C:/Users/user1/Desktop/freeRtos/freeRTOS/Middlewares/Third_Party/FreeRTOS/Source/CMSIS_RTOS"  -Og -g3 -Wall -fmessage-length=0 -ffunction-sections -c -fmessage-length=0 -MMD -MP -MF"Drivers/STM32F1xx_HAL_Driver/Src/stm32f1xx_hal_rcc.d" -MT"Drivers/STM32F1xx_HAL_Driver/Src/stm32f1xx_hal_rcc.o" -o "Drivers/STM32F1xx_HAL_Driver/Src/stm32f1xx_hal_rcc.o" "../Drivers/STM32F1xx_HAL_Driver/Src/stm32f1xx_hal_rcc.c"
Finished building: ../Drivers/STM32F1xx_HAL_Driver/Src/stm32f1xx_hal_rcc.c
 
Building file: ../Drivers/STM32F1xx_HAL_Driver/Src/stm32f1xx_hal_rcc_ex.c
Invoking: MCU GCC Compiler
C:\Users\user1\Desktop\freeRtos\freeRTOS\Debug
arm-none-eabi-gcc -mcpu=cortex-m3 -mthumb -mfloat-abi=soft '-D__weak=__attribute__((weak))' '-D__packed=__attribute__((__packed__))' -DUSE_HAL_DRIVER -DSTM32F103xB -I"C:/Users/user1/Desktop/freeRtos/freeRTOS/Inc" -I"C:/Users/user1/Desktop/freeRtos/freeRTOS/Drivers/STM32F1xx_HAL_Driver/Inc" -I"C:/Users/user1/Desktop/freeRtos/freeRTOS/Drivers/STM32F1xx_HAL_Driver/Inc/Legacy" -I"C:/Users/user1/Desktop/freeRtos/freeRTOS/Drivers/CMSIS/Device/ST/STM32F1xx/Include" -I"C:/Users/user1/Desktop/freeRtos/freeRTOS/Drivers/CMSIS/Include" -I"C:/Users/user1/Desktop/freeRtos/freeRTOS/Inc" -I"C:/Users/user1/Desktop/freeRtos/freeRTOS/Middlewares/Third_Party/FreeRTOS/Source/portable/GCC/ARM_CM3" -I"C:/Users/user1/Desktop/freeRtos/freeRTOS/Middlewares/Third_Party/FreeRTOS/Source/include" -I"C:/Users/user1/Desktop/freeRtos/freeRTOS/Middlewares/Third_Party/FreeRTOS/Source/CMSIS_RTOS"  -Og -g3 -Wall -fmessage-length=0 -ffunction-sections -c -fmessage-length=0 -MMD -MP -MF"Drivers/STM32F1xx_HAL_Driver/Src/stm32f1xx_hal_rcc_ex.d" -MT"Drivers/STM32F1xx_HAL_Driver/Src/stm32f1xx_hal_rcc_ex.o" -o "Drivers/STM32F1xx_HAL_Driver/Src/stm32f1xx_hal_rcc_ex.o" "../Drivers/STM32F1xx_HAL_Driver/Src/stm32f1xx_hal_rcc_ex.c"
Finished building: ../Drivers/STM32F1xx_HAL_Driver/Src/stm32f1xx_hal_rcc_ex.c
 
Building file: ../Drivers/STM32F1xx_HAL_Driver/Src/stm32f1xx_hal_tim.c
Invoking: MCU GCC Compiler
C:\Users\user1\Desktop\freeRtos\freeRTOS\Debug
arm-none-eabi-gcc -mcpu=cortex-m3 -mthumb -mfloat-abi=soft '-D__weak=__attribute__((weak))' '-D__packed=__attribute__((__packed__))' -DUSE_HAL_DRIVER -DSTM32F103xB -I"C:/Users/user1/Desktop/freeRtos/freeRTOS/Inc" -I"C:/Users/user1/Desktop/freeRtos/freeRTOS/Drivers/STM32F1xx_HAL_Driver/Inc" -I"C:/Users/user1/Desktop/freeRtos/freeRTOS/Drivers/STM32F1xx_HAL_Driver/Inc/Legacy" -I"C:/Users/user1/Desktop/freeRtos/freeRTOS/Drivers/CMSIS/Device/ST/STM32F1xx/Include" -I"C:/Users/user1/Desktop/freeRtos/freeRTOS/Drivers/CMSIS/Include" -I"C:/Users/user1/Desktop/freeRtos/freeRTOS/Inc" -I"C:/Users/user1/Desktop/freeRtos/freeRTOS/Middlewares/Third_Party/FreeRTOS/Source/portable/GCC/ARM_CM3" -I"C:/Users/user1/Desktop/freeRtos/freeRTOS/Middlewares/Third_Party/FreeRTOS/Source/include" -I"C:/Users/user1/Desktop/freeRtos/freeRTOS/Middlewares/Third_Party/FreeRTOS/Source/CMSIS_RTOS"  -Og -g3 -Wall -fmessage-length=0 -ffunction-sections -c -fmessage-length=0 -MMD -MP -MF"Drivers/STM32F1xx_HAL_Driver/Src/stm32f1xx_hal_tim.d" -MT"Drivers/STM32F1xx_HAL_Driver/Src/stm32f1xx_hal_tim.o" -o "Drivers/STM32F1xx_HAL_Driver/Src/stm32f1xx_hal_tim.o" "../Drivers/STM32F1xx_HAL_Driver/Src/stm32f1xx_hal_tim.c"
Finished building: ../Drivers/STM32F1xx_HAL_Driver/Src/stm32f1xx_hal_tim.c
 
Building file: ../Drivers/STM32F1xx_HAL_Driver/Src/stm32f1xx_hal_tim_ex.c
Invoking: MCU GCC Compiler
C:\Users\user1\Desktop\freeRtos\freeRTOS\Debug
arm-none-eabi-gcc -mcpu=cortex-m3 -mthumb -mfloat-abi=soft '-D__weak=__attribute__((weak))' '-D__packed=__attribute__((__packed__))' -DUSE_HAL_DRIVER -DSTM32F103xB -I"C:/Users/user1/Desktop/freeRtos/freeRTOS/Inc" -I"C:/Users/user1/Desktop/freeRtos/freeRTOS/Drivers/STM32F1xx_HAL_Driver/Inc" -I"C:/Users/user1/Desktop/freeRtos/freeRTOS/Drivers/STM32F1xx_HAL_Driver/Inc/Legacy" -I"C:/Users/user1/Desktop/freeRtos/freeRTOS/Drivers/CMSIS/Device/ST/STM32F1xx/Include" -I"C:/Users/user1/Desktop/freeRtos/freeRTOS/Drivers/CMSIS/Include" -I"C:/Users/user1/Desktop/freeRtos/freeRTOS/Inc" -I"C:/Users/user1/Desktop/freeRtos/freeRTOS/Middlewares/Third_Party/FreeRTOS/Source/portable/GCC/ARM_CM3" -I"C:/Users/user1/Desktop/freeRtos/freeRTOS/Middlewares/Third_Party/FreeRTOS/Source/include" -I"C:/Users/user1/Desktop/freeRtos/freeRTOS/Middlewares/Third_Party/FreeRTOS/Source/CMSIS_RTOS"  -Og -g3 -Wall -fmessage-length=0 -ffunction-sections -c -fmessage-length=0 -MMD -MP -MF"Drivers/STM32F1xx_HAL_Driver/Src/stm32f1xx_hal_tim_ex.d" -MT"Drivers/STM32F1xx_HAL_Driver/Src/stm32f1xx_hal_tim_ex.o" -o "Drivers/STM32F1xx_HAL_Driver/Src/stm32f1xx_hal_tim_ex.o" "../Drivers/STM32F1xx_HAL_Driver/Src/stm32f1xx_hal_tim_ex.c"
Finished building: ../Drivers/STM32F1xx_HAL_Driver/Src/stm32f1xx_hal_tim_ex.c
 
Building target: freeRTOS.elf
Invoking: MCU GCC Linker
arm-none-eabi-gcc -mcpu=cortex-m3 -mthumb -mfloat-abi=soft -specs=nosys.specs -specs=nano.specs -T"../STM32F103C8Tx_FLASH.ld" -Wl,-Map=output.map -Wl,--gc-sections -o "freeRTOS.elf" @"objects.list"   -lm
Finished building target: freeRTOS.elf
 
make --no-print-directory post-build
Generating binary and Printing size information:
arm-none-eabi-objcopy -O binary "freeRTOS.elf" "freeRTOS.bin"
arm-none-eabi-size "freeRTOS.elf"
   text	   data	    bss	    dec	    hex	filename
  12128	     16	   8248	  20392	   4fa8	freeRTOS.elf
 
15:05:12 **** Incremental Build of configuration Debug for project freeRTOS ****
make all 
make: Nothing to be done for `all'.
15:05:49 **** Incremental Build of configuration Debug for project freeRTOS ****
make all 
Building file: ../Src/main.c
Invoking: MCU GCC Compiler
C:\Users\user1\Desktop\freeRtos\freeRTOS\Debug
arm-none-eabi-gcc -mcpu=cortex-m3 -mthumb -mfloat-abi=soft '-D__weak=__attribute__((weak))' '-D__packed=__attribute__((__packed__))' -DUSE_HAL_DRIVER -DSTM32F103xB -I"C:/Users/user1/Desktop/freeRtos/freeRTOS/Inc" -I"C:/Users/user1/Desktop/freeRtos/freeRTOS/Drivers/STM32F1xx_HAL_Driver/Inc" -I"C:/Users/user1/Desktop/freeRtos/freeRTOS/Drivers/STM32F1xx_HAL_Driver/Inc/Legacy" -I"C:/Users/user1/Desktop/freeRtos/freeRTOS/Drivers/CMSIS/Device/ST/STM32F1xx/Include" -I"C:/Users/user1/Desktop/freeRtos/freeRTOS/Drivers/CMSIS/Include" -I"C:/Users/user1/Desktop/freeRtos/freeRTOS/Inc" -I"C:/Users/user1/Desktop/freeRtos/freeRTOS/Middlewares/Third_Party/FreeRTOS/Source/portable/GCC/ARM_CM3" -I"C:/Users/user1/Desktop/freeRtos/freeRTOS/Middlewares/Third_Party/FreeRTOS/Source/include" -I"C:/Users/user1/Desktop/freeRtos/freeRTOS/Middlewares/Third_Party/FreeRTOS/Source/CMSIS_RTOS"  -Og -g3 -Wall -fmessage-length=0 -ffunction-sections -c -fmessage-length=0 -MMD -MP -MF"Src/main.d" -MT"Src/main.o" -o "Src/main.o" "../Src/main.c"
Finished building: ../Src/main.c
 
Building target: freeRTOS.elf
Invoking: MCU GCC Linker
arm-none-eabi-gcc -mcpu=cortex-m3 -mthumb -mfloat-abi=soft -specs=nosys.specs -specs=nano.specs -T"../STM32F103C8Tx_FLASH.ld" -Wl,-Map=output.map -Wl,--gc-sections -o "freeRTOS.elf" @"objects.list"   -lm
Finished building target: freeRTOS.elf
 
make --no-print-directory post-build
Generating binary and Printing size information:
arm-none-eabi-objcopy -O binary "freeRTOS.elf" "freeRTOS.bin"
arm-none-eabi-size "freeRTOS.elf"
   text	   data	    bss	    dec	    hex	filename
  11892	     16	   8248	  20156	   4ebc	freeRTOS.elf
 
15:05:52 **** Incremental Build of configuration Debug for project freeRTOS ****
make all 
make: Nothing to be done for `all'.
15:46:15 **** Incremental Build of configuration Debug for project freeRTOS ****
make all 
Building file: ../Src/main.c
Invoking: MCU GCC Compiler
C:\Users\user1\Desktop\freeRtos\freeRTOS\Debug
arm-none-eabi-gcc -mcpu=cortex-m3 -mthumb -mfloat-abi=soft '-D__weak=__attribute__((weak))' '-D__packed=__attribute__((__packed__))' -DUSE_HAL_DRIVER -DSTM32F103xB -I"C:/Users/user1/Desktop/freeRtos/freeRTOS/Inc" -I"C:/Users/user1/Desktop/freeRtos/freeRTOS/Drivers/STM32F1xx_HAL_Driver/Inc" -I"C:/Users/user1/Desktop/freeRtos/freeRTOS/Drivers/STM32F1xx_HAL_Driver/Inc/Legacy" -I"C:/Users/user1/Desktop/freeRtos/freeRTOS/Drivers/CMSIS/Device/ST/STM32F1xx/Include" -I"C:/Users/user1/Desktop/freeRtos/freeRTOS/Drivers/CMSIS/Include" -I"C:/Users/user1/Desktop/freeRtos/freeRTOS/Inc" -I"C:/Users/user1/Desktop/freeRtos/freeRTOS/Middlewares/Third_Party/FreeRTOS/Source/portable/GCC/ARM_CM3" -I"C:/Users/user1/Desktop/freeRtos/freeRTOS/Middlewares/Third_Party/FreeRTOS/Source/include" -I"C:/Users/user1/Desktop/freeRtos/freeRTOS/Middlewares/Third_Party/FreeRTOS/Source/CMSIS_RTOS"  -Og -g3 -Wall -fmessage-length=0 -ffunction-sections -c -fmessage-length=0 -MMD -MP -MF"Src/main.d" -MT"Src/main.o" -o "Src/main.o" "../Src/main.c"
Finished building: ../Src/main.c
 
Building target: freeRTOS.elf
Invoking: MCU GCC Linker
arm-none-eabi-gcc -mcpu=cortex-m3 -mthumb -mfloat-abi=soft -specs=nosys.specs -specs=nano.specs -T"../STM32F103C8Tx_FLASH.ld" -Wl,-Map=output.map -Wl,--gc-sections -o "freeRTOS.elf" @"objects.list"   -lm
Finished building target: freeRTOS.elf
 
make --no-print-directory post-build
Generating binary and Printing size information:
arm-none-eabi-objcopy -O binary "freeRTOS.elf" "freeRTOS.bin"
arm-none-eabi-size "freeRTOS.elf"
   text	   data	    bss	    dec	    hex	filename
  11900	     16	   8248	  20164	   4ec4	freeRTOS.elf
 
15:46:18 **** Incremental Build of configuration Debug for project freeRTOS ****
make all 
make: Nothing to be done for `all'.
16:09:38 **** Incremental Build of configuration Debug for project freeRTOS ****
make all 
Building file: ../Src/main.c
Invoking: MCU GCC Compiler
C:\Users\user1\Desktop\freeRtos\freeRTOS\Debug
arm-none-eabi-gcc -mcpu=cortex-m3 -mthumb -mfloat-abi=soft '-D__weak=__attribute__((weak))' '-D__packed=__attribute__((__packed__))' -DUSE_HAL_DRIVER -DSTM32F103xB -I"C:/Users/user1/Desktop/freeRtos/freeRTOS/Inc" -I"C:/Users/user1/Desktop/freeRtos/freeRTOS/Drivers/STM32F1xx_HAL_Driver/Inc" -I"C:/Users/user1/Desktop/freeRtos/freeRTOS/Drivers/STM32F1xx_HAL_Driver/Inc/Legacy" -I"C:/Users/user1/Desktop/freeRtos/freeRTOS/Drivers/CMSIS/Device/ST/STM32F1xx/Include" -I"C:/Users/user1/Desktop/freeRtos/freeRTOS/Drivers/CMSIS/Include" -I"C:/Users/user1/Desktop/freeRtos/freeRTOS/Inc" -I"C:/Users/user1/Desktop/freeRtos/freeRTOS/Middlewares/Third_Party/FreeRTOS/Source/portable/GCC/ARM_CM3" -I"C:/Users/user1/Desktop/freeRtos/freeRTOS/Middlewares/Third_Party/FreeRTOS/Source/include" -I"C:/Users/user1/Desktop/freeRtos/freeRTOS/Middlewares/Third_Party/FreeRTOS/Source/CMSIS_RTOS"  -Og -g3 -Wall -fmessage-length=0 -ffunction-sections -c -fmessage-length=0 -MMD -MP -MF"Src/main.d" -MT"Src/main.o" -o "Src/main.o" "../Src/main.c"
Finished building: ../Src/main.c
 
Building target: freeRTOS.elf
Invoking: MCU GCC Linker
arm-none-eabi-gcc -mcpu=cortex-m3 -mthumb -mfloat-abi=soft -specs=nosys.specs -specs=nano.specs -T"../STM32F103C8Tx_FLASH.ld" -Wl,-Map=output.map -Wl,--gc-sections -o "freeRTOS.elf" @"objects.list"   -lm
Finished building target: freeRTOS.elf
 
make --no-print-directory post-build
Generating binary and Printing size information:
arm-none-eabi-objcopy -O binary "freeRTOS.elf" "freeRTOS.bin"
arm-none-eabi-size "freeRTOS.elf"
   text	   data	    bss	    dec	    hex	filename
  11928	     16	   8248	  20192	   4ee0	freeRTOS.elf
 
16:10:05 **** Incremental Build of configuration Debug for project freeRTOS ****
make all 
Building file: ../Src/main.c
Invoking: MCU GCC Compiler
C:\Users\user1\Desktop\freeRtos\freeRTOS\Debug
arm-none-eabi-gcc -mcpu=cortex-m3 -mthumb -mfloat-abi=soft '-D__weak=__attribute__((weak))' '-D__packed=__attribute__((__packed__))' -DUSE_HAL_DRIVER -DSTM32F103xB -I"C:/Users/user1/Desktop/freeRtos/freeRTOS/Inc" -I"C:/Users/user1/Desktop/freeRtos/freeRTOS/Drivers/STM32F1xx_HAL_Driver/Inc" -I"C:/Users/user1/Desktop/freeRtos/freeRTOS/Drivers/STM32F1xx_HAL_Driver/Inc/Legacy" -I"C:/Users/user1/Desktop/freeRtos/freeRTOS/Drivers/CMSIS/Device/ST/STM32F1xx/Include" -I"C:/Users/user1/Desktop/freeRtos/freeRTOS/Drivers/CMSIS/Include" -I"C:/Users/user1/Desktop/freeRtos/freeRTOS/Inc" -I"C:/Users/user1/Desktop/freeRtos/freeRTOS/Middlewares/Third_Party/FreeRTOS/Source/portable/GCC/ARM_CM3" -I"C:/Users/user1/Desktop/freeRtos/freeRTOS/Middlewares/Third_Party/FreeRTOS/Source/include" -I"C:/Users/user1/Desktop/freeRtos/freeRTOS/Middlewares/Third_Party/FreeRTOS/Source/CMSIS_RTOS"  -Og -g3 -Wall -fmessage-length=0 -ffunction-sections -c -fmessage-length=0 -MMD -MP -MF"Src/main.d" -MT"Src/main.o" -o "Src/main.o" "../Src/main.c"
Finished building: ../Src/main.c
 
Building target: freeRTOS.elf
Invoking: MCU GCC Linker
arm-none-eabi-gcc -mcpu=cortex-m3 -mthumb -mfloat-abi=soft -specs=nosys.specs -specs=nano.specs -T"../STM32F103C8Tx_FLASH.ld" -Wl,-Map=output.map -Wl,--gc-sections -o "freeRTOS.elf" @"objects.list"   -lm
Finished building target: freeRTOS.elf
 
make --no-print-directory post-build
Generating binary and Printing size information:
arm-none-eabi-objcopy -O binary "freeRTOS.elf" "freeRTOS.bin"
arm-none-eabi-size "freeRTOS.elf"
   text	   data	    bss	    dec	    hex	filename
  11928	     16	   8248	  20192	   4ee0	freeRTOS.elf
 
16:20:46 **** Incremental Build of configuration Debug for project freeRTOS ****
make all 
Building file: ../Src/main.c
Invoking: MCU GCC Compiler
C:\Users\user1\Desktop\freeRtos\freeRTOS\Debug
arm-none-eabi-gcc -mcpu=cortex-m3 -mthumb -mfloat-abi=soft '-D__weak=__attribute__((weak))' '-D__packed=__attribute__((__packed__))' -DUSE_HAL_DRIVER -DSTM32F103xB -I"C:/Users/user1/Desktop/freeRtos/freeRTOS/Inc" -I"C:/Users/user1/Desktop/freeRtos/freeRTOS/Drivers/STM32F1xx_HAL_Driver/Inc" -I"C:/Users/user1/Desktop/freeRtos/freeRTOS/Drivers/STM32F1xx_HAL_Driver/Inc/Legacy" -I"C:/Users/user1/Desktop/freeRtos/freeRTOS/Drivers/CMSIS/Device/ST/STM32F1xx/Include" -I"C:/Users/user1/Desktop/freeRtos/freeRTOS/Drivers/CMSIS/Include" -I"C:/Users/user1/Desktop/freeRtos/freeRTOS/Inc" -I"C:/Users/user1/Desktop/freeRtos/freeRTOS/Middlewares/Third_Party/FreeRTOS/Source/portable/GCC/ARM_CM3" -I"C:/Users/user1/Desktop/freeRtos/freeRTOS/Middlewares/Third_Party/FreeRTOS/Source/include" -I"C:/Users/user1/Desktop/freeRtos/freeRTOS/Middlewares/Third_Party/FreeRTOS/Source/CMSIS_RTOS"  -Og -g3 -Wall -fmessage-length=0 -ffunction-sections -c -fmessage-length=0 -MMD -MP -MF"Src/main.d" -MT"Src/main.o" -o "Src/main.o" "../Src/main.c"
Finished building: ../Src/main.c
 
Building target: freeRTOS.elf
Invoking: MCU GCC Linker
arm-none-eabi-gcc -mcpu=cortex-m3 -mthumb -mfloat-abi=soft -specs=nosys.specs -specs=nano.specs -T"../STM32F103C8Tx_FLASH.ld" -Wl,-Map=output.map -Wl,--gc-sections -o "freeRTOS.elf" @"objects.list"   -lm
Finished building target: freeRTOS.elf
 
make --no-print-directory post-build
Generating binary and Printing size information:
arm-none-eabi-objcopy -O binary "freeRTOS.elf" "freeRTOS.bin"
arm-none-eabi-size "freeRTOS.elf"
   text	   data	    bss	    dec	    hex	filename
  12292	     16	   8248	  20556	   504c	freeRTOS.elf
 
16:20:48 **** Incremental Build of configuration Debug for project freeRTOS ****
make all 
make: Nothing to be done for `all'.
16:24:10 **** Incremental Build of configuration Debug for project freeRTOS ****
make all 
Building file: ../Src/main.c
Invoking: MCU GCC Compiler
C:\Users\user1\Desktop\freeRtos\freeRTOS\Debug
arm-none-eabi-gcc -mcpu=cortex-m3 -mthumb -mfloat-abi=soft '-D__weak=__attribute__((weak))' '-D__packed=__attribute__((__packed__))' -DUSE_HAL_DRIVER -DSTM32F103xB -I"C:/Users/user1/Desktop/freeRtos/freeRTOS/Inc" -I"C:/Users/user1/Desktop/freeRtos/freeRTOS/Drivers/STM32F1xx_HAL_Driver/Inc" -I"C:/Users/user1/Desktop/freeRtos/freeRTOS/Drivers/STM32F1xx_HAL_Driver/Inc/Legacy" -I"C:/Users/user1/Desktop/freeRtos/freeRTOS/Drivers/CMSIS/Device/ST/STM32F1xx/Include" -I"C:/Users/user1/Desktop/freeRtos/freeRTOS/Drivers/CMSIS/Include" -I"C:/Users/user1/Desktop/freeRtos/freeRTOS/Inc" -I"C:/Users/user1/Desktop/freeRtos/freeRTOS/Middlewares/Third_Party/FreeRTOS/Source/portable/GCC/ARM_CM3" -I"C:/Users/user1/Desktop/freeRtos/freeRTOS/Middlewares/Third_Party/FreeRTOS/Source/include" -I"C:/Users/user1/Desktop/freeRtos/freeRTOS/Middlewares/Third_Party/FreeRTOS/Source/CMSIS_RTOS"  -Og -g3 -Wall -fmessage-length=0 -ffunction-sections -c -fmessage-length=0 -MMD -MP -MF"Src/main.d" -MT"Src/main.o" -o "Src/main.o" "../Src/main.c"
Finished building: ../Src/main.c
 
Building target: freeRTOS.elf
Invoking: MCU GCC Linker
arm-none-eabi-gcc -mcpu=cortex-m3 -mthumb -mfloat-abi=soft -specs=nosys.specs -specs=nano.specs -T"../STM32F103C8Tx_FLASH.ld" -Wl,-Map=output.map -Wl,--gc-sections -o "freeRTOS.elf" @"objects.list"   -lm
Finished building target: freeRTOS.elf
 
make --no-print-directory post-build
Generating binary and Printing size information:
arm-none-eabi-objcopy -O binary "freeRTOS.elf" "freeRTOS.bin"
arm-none-eabi-size "freeRTOS.elf"
   text	   data	    bss	    dec	    hex	filename
  12228	     16	   8248	  20492	   500c	freeRTOS.elf
 
16:24:12 **** Incremental Build of configuration Debug for project freeRTOS ****
make all 
make: Nothing to be done for `all'.
16:26:58 **** Incremental Build of configuration Debug for project freeRTOS ****
make all 
Building file: ../Src/main.c
Invoking: MCU GCC Compiler
C:\Users\user1\Desktop\freeRtos\freeRTOS\Debug
arm-none-eabi-gcc -mcpu=cortex-m3 -mthumb -mfloat-abi=soft '-D__weak=__attribute__((weak))' '-D__packed=__attribute__((__packed__))' -DUSE_HAL_DRIVER -DSTM32F103xB -I"C:/Users/user1/Desktop/freeRtos/freeRTOS/Inc" -I"C:/Users/user1/Desktop/freeRtos/freeRTOS/Drivers/STM32F1xx_HAL_Driver/Inc" -I"C:/Users/user1/Desktop/freeRtos/freeRTOS/Drivers/STM32F1xx_HAL_Driver/Inc/Legacy" -I"C:/Users/user1/Desktop/freeRtos/freeRTOS/Drivers/CMSIS/Device/ST/STM32F1xx/Include" -I"C:/Users/user1/Desktop/freeRtos/freeRTOS/Drivers/CMSIS/Include" -I"C:/Users/user1/Desktop/freeRtos/freeRTOS/Inc" -I"C:/Users/user1/Desktop/freeRtos/freeRTOS/Middlewares/Third_Party/FreeRTOS/Source/portable/GCC/ARM_CM3" -I"C:/Users/user1/Desktop/freeRtos/freeRTOS/Middlewares/Third_Party/FreeRTOS/Source/include" -I"C:/Users/user1/Desktop/freeRtos/freeRTOS/Middlewares/Third_Party/FreeRTOS/Source/CMSIS_RTOS"  -Og -g3 -Wall -fmessage-length=0 -ffunction-sections -c -fmessage-length=0 -MMD -MP -MF"Src/main.d" -MT"Src/main.o" -o "Src/main.o" "../Src/main.c"
Finished building: ../Src/main.c
 
Building target: freeRTOS.elf
Invoking: MCU GCC Linker
arm-none-eabi-gcc -mcpu=cortex-m3 -mthumb -mfloat-abi=soft -specs=nosys.specs -specs=nano.specs -T"../STM32F103C8Tx_FLASH.ld" -Wl,-Map=output.map -Wl,--gc-sections -o "freeRTOS.elf" @"objects.list"   -lm
Finished building target: freeRTOS.elf
 
make --no-print-directory post-build
Generating binary and Printing size information:
arm-none-eabi-objcopy -O binary "freeRTOS.elf" "freeRTOS.bin"
arm-none-eabi-size "freeRTOS.elf"
   text	   data	    bss	    dec	    hex	filename
  12228	     16	   8248	  20492	   500c	freeRTOS.elf
 
16:27:00 **** Incremental Build of configuration Debug for project freeRTOS ****
make all 
make: Nothing to be done for `all'.
